Product: MDK-ARM Professional 5.10
Component: ARM Compiler 5.04 update 1 (build 49)
Tool: armlink [5040049]

==============================================================================

Section Cross References

    startup_lpc17xx.o(STACK) refers (Special) to heapauxi.o(.text) for __use_two_region_memory
    startup_lpc17xx.o(HEAP) refers (Special) to heapauxi.o(.text) for __use_two_region_memory
    startup_lpc17xx.o(RESET) refers (Special) to heapauxi.o(.text) for __use_two_region_memory
    startup_lpc17xx.o(RESET) refers to startup_lpc17xx.o(STACK) for __initial_sp
    startup_lpc17xx.o(RESET) refers to startup_lpc17xx.o(.text) for Reset_Handler
    startup_lpc17xx.o(RESET) refers to interrupts_handlers.o(.text) for SysTick_Handler
    startup_lpc17xx.o(RESET) refers to serial.o(.text) for UART0_IRQHandler
    startup_lpc17xx.o(.ARM.__at_0x02FC) refers (Special) to heapauxi.o(.text) for __use_two_region_memory
    startup_lpc17xx.o(.text) refers (Special) to heapauxi.o(.text) for __use_two_region_memory
    startup_lpc17xx.o(.text) refers to system_lpc17xx.o(.text) for SystemInit
    startup_lpc17xx.o(.text) refers to __main.o(!!!main) for __main
    startup_lpc17xx.o(.text) refers to startup_lpc17xx.o(HEAP) for Heap_Mem
    startup_lpc17xx.o(.text) refers to startup_lpc17xx.o(STACK) for Stack_Mem
    system_lpc17xx.o(.text) refers to lludivv7m.o(.text) for __aeabi_uldivmod
    system_lpc17xx.o(.text) refers to system_lpc17xx.o(.data) for SystemCoreClock
    lpc17xx_spi.o(.text) refers to lpc17xx_libcfg_default.o(.text) for check_failed
    lpc17xx_spi.o(.text) refers to lpc17xx_clkpwr.o(.text) for CLKPWR_GetPCLK
    lpc17xx_systick.o(.text) refers to fflt_clz.o(x$fpl$ffltu) for __aeabi_ui2f
    lpc17xx_systick.o(.text) refers to frleqf.o(x$fpl$frleqf) for __aeabi_cfrcmple
    lpc17xx_systick.o(.text) refers to lpc17xx_libcfg_default.o(.text) for check_failed
    lpc17xx_systick.o(.text) refers to system_lpc17xx.o(.data) for SystemCoreClock
    lpc17xx_timer.o(.text) refers to lpc17xx_clkpwr.o(.text) for CLKPWR_GetPCLK
    lpc17xx_timer.o(.text) refers to lludivv7m.o(.text) for __aeabi_uldivmod
    lpc17xx_timer.o(.text) refers to lpc17xx_libcfg_default.o(.text) for check_failed
    lpc17xx_uart.o(.text) refers to lpc17xx_clkpwr.o(.text) for CLKPWR_GetPCLK
    lpc17xx_uart.o(.text) refers to lludivv7m.o(.text) for __aeabi_uldivmod
    lpc17xx_uart.o(.text) refers to lpc17xx_libcfg_default.o(.text) for check_failed
    lpc17xx_wdt.o(.text) refers to lludivv7m.o(.text) for __aeabi_uldivmod
    lpc17xx_wdt.o(.text) refers to lpc17xx_clkpwr.o(.text) for CLKPWR_SetPCLKDiv
    lpc17xx_wdt.o(.text) refers to lpc17xx_libcfg_default.o(.text) for check_failed
    lpc17xx_wdt.o(.text) refers to system_lpc17xx.o(.data) for SystemCoreClock
    lpc17xx_adc.o(.text) refers to lpc17xx_libcfg_default.o(.text) for check_failed
    lpc17xx_adc.o(.text) refers to lpc17xx_clkpwr.o(.text) for CLKPWR_ConfigPPWR
    lpc17xx_clkpwr.o(.text) refers to system_lpc17xx.o(.data) for SystemCoreClock
    lpc17xx_i2s.o(.text) refers to lpc17xx_libcfg_default.o(.text) for check_failed
    lpc17xx_i2s.o(.text) refers to lpc17xx_clkpwr.o(.text) for CLKPWR_ConfigPPWR
    flash_save_read.o(.text) refers to flash_save_read.o(.data) for mIAPEntry
    flash_save_read.o(.text) refers to system_lpc17xx.o(.data) for SystemCoreClock
    flash_save_read.o(.text) refers to flash_save_read.o(.ARM.__AT_0x10000100) for BufferWithArrays
    flash_save_read.o(.text) refers to flash_save_read.o(.ARM.__AT_0x10000300) for BufferWithStructs
    flash_save_read.o(.text) refers to system.o(.data) for nZ_cal
    main.o(.text) refers to _printf_percent.o(.ARM.Collect$$_printf_percent$$00000000) for _printf_percent
    main.o(.text) refers to _printf_u.o(.ARM.Collect$$_printf_percent$$0000000A) for _printf_u
    main.o(.text) refers to _printf_dec.o(.text) for _printf_int_dec
    main.o(.text) refers to _printf_f.o(.ARM.Collect$$_printf_percent$$00000003) for _printf_f
    main.o(.text) refers to printf1.o(x$fpl$printf1) for _printf_fp_dec
    main.o(.text) refers to _printf_pad.o(.text) for _printf_pre_padding
    main.o(.text) refers to lpc17xx_adc.o(.text) for ADC_Init
    main.o(.text) refers to protothreads.o(.text) for InitProtothreads
    main.o(.text) refers to lpc17xx_pinsel.o(.text) for PINSEL_ConfigPin
    main.o(.text) refers to lpc17xx_gpio.o(.text) for GPIO_SetDir
    main.o(.text) refers to init.o(.text) for Init
    main.o(.text) refers to noretval__2printf.o(.text) for __2printf
    main.o(.text) refers to system.o(.text) for test
    main.o(.text) refers to ad9833.o(.text) for AD9833_SPI_Init
    main.o(.text) refers to getline.o(.text) for getline
    main.o(.text) refers to faddsub_clz.o(x$fpl$fadd) for __aeabi_fadd
    main.o(.text) refers to feqf.o(x$fpl$feqf) for __aeabi_cfcmpeq
    main.o(.text) refers to llushr.o(.text) for __aeabi_llsr
[...]
    frequency                                0x100005f4   Data           2  serial.o(.data)
    .data                                    0x100005f8   Section       16  retarget.o(.data)
    .bss                                     0x10000608   Section       12  system.o(.bss)
    .bss                                     0x10000614   Section       24  ad9833.o(.bss)
    .bss                                     0x1000062c   Section       96  libspace.o(.bss)
    HEAP                                     0x10000690   Section    28672  startup_lpc17xx.o(HEAP)
    Heap_Mem                                 0x10000690   Data       28672  startup_lpc17xx.o(HEAP)
    .data                                    0x2007c000   Section        4  system_lpc17xx.o(.data)
    .data                                    0x2007c008   Section       62  main.o(.data)
    Counter                                  0x2007c008   Data           1  main.o(.data)
    counter                                  0x2007c014   Data           4  main.o(.data)
    adc_counter_mag                          0x2007c018   Data           4  main.o(.data)
    adc_counter_ph                           0x2007c01c   Data           4  main.o(.data)
    sum                                      0x2007c020   Data           8  main.o(.data)
    sum2                                     0x2007c028   Data           8  main.o(.data)
    sum_ph                                   0x2007c030   Data           8  main.o(.data)
    sko                                      0x2007c038   Data           4  main.o(.data)
    sko_temp                                 0x2007c03c   Data           4  main.o(.data)
    sko_ph                                   0x2007c040   Data           4  main.o(.data)
    frequency                                0x2007c044   Data           2  main.o(.data)
    .data                                    0x2007c046   Section       17  init.o(.data)
    .data                                    0x2007c058   Section        4  interrupts_handlers.o(.data)
    .data                                    0x2007c05c   Section        8  sw_fifo.o(.data)
    .bss                                     0x2007c064   Section       32  interrupts_handlers.o(.bss)
    .bss                                     0x2007c084   Section       15  serial.o(.bss)
    .bss                                     0x2007c093   Section     1024  sw_fifo.o(.bss)
    STACK                                    0x2007c498   Section    28672  startup_lpc17xx.o(STACK)
    Stack_Mem                                0x2007c498   Data       28672  startup_lpc17xx.o(STACK)
    __initial_sp                             0x20083498   Data           0  startup_lpc17xx.o(STACK)

    Global Symbols

    Symbol Name                              Value     Ov Type        Size  Object(Section)

    BuildAttributes$$THM_ISAv4$P$D$K$B$S$PE$A:L22UL41UL21$X:L11$S22US41US21$IEEE1$IW$USESV6$~STKCKD$USESV7$~SHL$OTIME$ROPI$IEEEX$EBA8$UX$STANDARDLIB$REQ8$PRES8$EABIv2 0x00000000   Number         0  anon$$obj.o ABSOLUTE
    __ARM_use_no_argv                        0x00000000   Number         0  main.o ABSOLUTE
    __Vectors                                0x00000000   Data           4  startup_lpc17xx.o(RESET)
    _printf_flags                            0x00000000   Number         0  printf_stubs.o ABSOLUTE
    _printf_return_value                     0x00000000   Number         0  printf_stubs.o ABSOLUTE
    _printf_sizespec                         0x00000000   Number         0  printf_stubs.o ABSOLUTE
    _printf_widthprec                        0x00000000   Number         0  printf_stubs.o ABSOLUTE
    __ARM_exceptions_init                     - Undefined Weak Reference
    __alloca_initialize                       - Undefined Weak Reference
    __cpp_initialize__aeabi_                  - Undefined Weak Reference
    __cxa_finalize                            - Undefined Weak Reference
    __sigvec_lookup                           - Undefined Weak Reference
    __user_heap_extent                        - Undefined Weak Reference
    _atexit_init                              - Undefined Weak Reference
    _call_atexit_fns                          - Undefined Weak Reference
    _clock_init                               - Undefined Weak Reference
    _fp_trap_init                             - Undefined Weak Reference
    _fp_trap_shutdown                         - Undefined Weak Reference
    _get_lc_collate                           - Undefined Weak Reference
    _get_lc_monetary                          - Undefined Weak Reference
    _get_lc_time                              - Undefined Weak Reference
    _getenv_init                              - Undefined Weak Reference
    _handle_redirection                       - Undefined Weak Reference
    _initio                                   - Undefined Weak Reference
    _mutex_acquire                            - Undefined Weak Reference
    _mutex_free                               - Undefined Weak Reference
    _mutex_release                            - Undefined Weak Reference
    _printf_truncate_signed                   - Undefined Weak Reference
    _printf_truncate_unsigned                 - Undefined Weak Reference
    _rand_init                                - Undefined Weak Reference
    _scanf_longlong                           - Undefined Weak Reference
    _scanf_mbtowc                             - Undefined Weak Reference
    _scanf_real                               - Undefined Weak Reference
    _scanf_string                             - Undefined Weak Reference
    _scanf_wctomb                             - Undefined Weak Reference
    _scanf_wstring                            - Undefined Weak Reference
    _signal_finish                            - Undefined Weak Reference
    _signal_init                              - Undefined Weak Reference
    _terminateio                              - Undefined Weak Reference
    __main                                   0x000000cd   Thumb Code     8  __main.o(!!!main)
    __scatterload                            0x000000d5   Thumb Code     0  __scatter.o(!!!scatter)
    __scatterload_rt2                        0x000000d5   Thumb Code    44  __scatter.o(!!!scatter)
    __scatterload_rt2_thumb_only             0x000000d5   Thumb Code     0  __scatter.o(!!!scatter)
    __scatterload_null                       0x000000e3   Thumb Code     0  __scatter.o(!!!scatter)
    __decompress                             0x00000109   Thumb Code    58  __dczerorl.o(!!dczerorl)
    __decompress0                            0x00000109   Thumb Code     0  __dczerorl.o(!!dczerorl)
    __scatterload_copy                       0x00000145   Thumb Code    26  __scatter_copy.o(!!handler_copy)
    __scatterload_zeroinit                   0x00000161   Thumb Code    28  __scatter_zi.o(!!handler_zi)
    _printf_f                                0x0000017d   Thumb Code     0  _printf_f.o(.ARM.Collect$$_printf_percent$$00000003)
    _printf_percent                          0x0000017d   Thumb Code     0  _printf_percent.o(.ARM.Collect$$_printf_percent$$00000000)
    _printf_d                                0x00000183   Thumb Code     0  _printf_d.o(.ARM.Collect$$_printf_percent$$00000009)
    _printf_u                                0x00000189   Thumb Code     0  _printf_u.o(.ARM.Collect$$_printf_percent$$0000000A)
    _printf_percent_end                      0x0000018f   Thumb Code     0  _printf_percent_end.o(.ARM.Collect$$_printf_percent$$00000017)
    __rt_lib_init                            0x00000193   Thumb Code     0  libinit.o(.ARM.Collect$$libinit$$00000000)
    __rt_lib_init_fp_1                       0x00000195   Thumb Code     0  libinit2.o(.ARM.Collect$$libinit$$00000002)
    __rt_lib_init_heap_2                     0x00000195   Thumb Code     0  libinit2.o(.ARM.Collect$$libinit$$00000003)
    __rt_lib_init_heap_1                     0x0000019d   Thumb Code     0  libinit2.o(.ARM.Collect$$libinit$$00000008)
    __rt_lib_init_lc_common                  0x0000019d   Thumb Code     0  libinit2.o(.ARM.Collect$$libinit$$0000000D)
    __rt_lib_init_rand_1                     0x0000019d   Thumb Code     0  libinit2.o(.ARM.Collect$$libinit$$0000000C)
    __rt_lib_init_user_alloc_1               0x0000019d   Thumb Code     0  libinit2.o(.ARM.Collect$$libinit$$0000000A)
    __rt_lib_init_lc_collate_1               0x000001a3   Thumb Code     0  libinit2.o(.ARM.Collect$$libinit$$0000000F)
    __rt_lib_init_lc_ctype_2                 0x000001a3   Thumb Code     0  libinit2.o(.ARM.Collect$$libinit$$00000010)
    __rt_lib_init_lc_ctype_1                 0x000001af   Thumb Code     0  libinit2.o(.ARM.Collect$$libinit$$00000011)
    __rt_lib_init_lc_monetary_1              0x000001af   Thumb Code     0  libinit2.o(.ARM.Collect$$libinit$$00000013)
    __rt_lib_init_lc_numeric_2               0x000001af   Thumb Code     0  libinit2.o(.ARM.Collect$$libinit$$00000014)
    __rt_lib_init_alloca_1                   0x000001b9   Thumb Code     0  libinit2.o(.ARM.Collect$$libinit$$0000002C)
    __rt_lib_init_argv_1                     0x000001b9   Thumb Code     0  libinit2.o(.ARM.Collect$$libinit$$0000002A)
    __rt_lib_init_atexit_1                   0x000001b9   Thumb Code     0  libinit2.o(.ARM.Collect$$libinit$$00000019)
    __rt_lib_init_clock_1                    0x000001b9   Thumb Code     0  libinit2.o(.ARM.Collect$$libinit$$0000001F)
    __rt_lib_init_cpp_1                      0x000001b9   Thumb Code     0  libinit2.o(.ARM.Collect$$libinit$$00000030)
    __rt_lib_init_exceptions_1               0x000001b9   Thumb Code     0  libinit2.o(.ARM.Collect$$libinit$$0000002E)
    __rt_lib_init_fp_trap_1                  0x000001b9   Thumb Code     0  libinit2.o(.ARM.Collect$$libinit$$0000001D)
    __rt_lib_init_getenv_1                   0x000001b9   Thumb Code     0  libinit2.o(.ARM.Collect$$libinit$$00000021)
    __rt_lib_init_lc_numeric_1               0x000001b9   Thumb Code     0  libinit2.o(.ARM.Collect$$libinit$$00000015)
    __rt_lib_init_lc_time_1                  0x000001b9   Thumb Code     0  libinit2.o(.ARM.Collect$$libinit$$00000017)
    __rt_lib_init_return                     0x000001b9   Thumb Code     0  libinit2.o(.ARM.Collect$$libinit$$00000031)
    __rt_lib_init_signal_1                   0x000001b9   Thumb Code     0  libinit2.o(.ARM.Collect$$libinit$$0000001B)
    __rt_lib_init_stdio_1                    0x000001b9   Thumb Code     0  libinit2.o(.ARM.Collect$$libinit$$00000023)
    __rt_lib_shutdown                        0x000001bb   Thumb Code     0  libshutdown.o(.ARM.Collect$$libshutdown$$00000000)
    __rt_lib_shutdown_fp_trap_1              0x000001bd   Thumb Code     0  libshutdown2.o(.ARM.Collect$$libshutdown$$00000006)
    __rt_lib_shutdown_heap_1                 0x000001bd   Thumb Code     0  libshutdown2.o(.ARM.Collect$$libshutdown$$0000000E)
    __rt_lib_shutdown_return                 0x000001bd   Thumb Code     0  libshutdown2.o(.ARM.Collect$$libshutdown$$0000000F)
    __rt_lib_shutdown_signal_1               0x000001bd   Thumb Code     0  libshutdown2.o(.ARM.Collect$$libshutdown$$00000009)
    __rt_lib_shutdown_stdio_1                0x000001bd   Thumb Code     0  libshutdown2.o(.ARM.Collect$$libshutdown$$00000003)
    __rt_lib_shutdown_user_alloc_1           0x000001bd   Thumb Code     0  libshutdown2.o(.ARM.Collect$$libshutdown$$0000000B)
    __rt_entry                               0x000001bf   Thumb Code     0  rtentry.o(.ARM.Collect$$rtentry$$00000000)
    __rt_entry_presh_1                       0x000001bf   Thumb Code     0  rtentry2.o(.ARM.Collect$$rtentry$$00000002)
    __rt_entry_sh                            0x000001bf   Thumb Code     0  rtentry4.o(.ARM.Collect$$rtentry$$00000004)
    __rt_entry_li                            0x000001c5   Thumb Code     0  rtentry2.o(.ARM.Collect$$rtentry$$0000000A)
    __rt_entry_postsh_1                      0x000001c5   Thumb Code     0  rtentry2.o(.ARM.Collect$$rtentry$$00000009)
    __rt_entry_main                          0x000001c9   Thumb Code     0  rtentry2.o(.ARM.Collect$$rtentry$$0000000D)
    __rt_entry_postli_1                      0x000001c9   Thumb Code     0  rtentry2.o(.ARM.Collect$$rtentry$$0000000C)
    __rt_exit                                0x000001d1   Thumb Code     0  rtexit.o(.ARM.Collect$$rtexit$$00000000)
    __rt_exit_ls                             0x000001d3   Thumb Code     0  rtexit2.o(.ARM.Collect$$rtexit$$00000003)
    __rt_exit_prels_1                        0x000001d3   Thumb Code     0  rtexit2.o(.ARM.Collect$$rtexit$$00000002)
    __rt_exit_exit                           0x000001d7   Thumb Code     0  rtexit2.o(.ARM.Collect$$rtexit$$00000004)
    Reset_Handler                            0x000001dd   Thumb Code     8  startup_lpc17xx.o(.text)
    _maybe_terminate_alloc                   0x000001dd   Thumb Code     0  maybetermalloc1.o(.emb_text)
    NMI_Handler                              0x000001e5   Thumb Code     2  startup_lpc17xx.o(.text)
    HardFault_Handler                        0x000001e7   Thumb Code     2  startup_lpc17xx.o(.text)
    MemManage_Handler                        0x000001e9   Thumb Code     2  startup_lpc17xx.o(.text)
    BusFault_Handler                         0x000001eb   Thumb Code     2  startup_lpc17xx.o(.text)
    UsageFault_Handler                       0x000001ed   Thumb Code     2  startup_lpc17xx.o(.text)
    SVC_Handler                              0x000001ef   Thumb Code     2  startup_lpc17xx.o(.text)
    DebugMon_Handler                         0x000001f1   Thumb Code     2  startup_lpc17xx.o(.text)
    PendSV_Handler                           0x000001f3   Thumb Code     2  startup_lpc17xx.o(.text)
    ADC_IRQHandler                           0x000001f7   Thumb Code     0  startup_lpc17xx.o(.text)
    BOD_IRQHandler                           0x000001f7   Thumb Code     0  startup_lpc17xx.o(.text)
    CANActivity_IRQHandler                   0x000001f7   Thumb Code     0  startup_lpc17xx.o(.text)
    CAN_IRQHandler                           0x000001f7   Thumb Code     0  startup_lpc17xx.o(.text)
    DMA_IRQHandler                           0x000001f7   Thumb Code     0  startup_lpc17xx.o(.text)
    EINT0_IRQHandler                         0x000001f7   Thumb Code     0  startup_lpc17xx.o(.text)
    EINT1_IRQHandler                         0x000001f7   Thumb Code     0  startup_lpc17xx.o(.text)
    EINT2_IRQHandler                         0x000001f7   Thumb Code     0  startup_lpc17xx.o(.text)
    EINT3_IRQHandler                         0x000001f7   Thumb Code     0  startup_lpc17xx.o(.text)
    ENET_IRQHandler                          0x000001f7   Thumb Code     0  startup_lpc17xx.o(.text)
    I2C0_IRQHandler                          0x000001f7   Thumb Code     0  startup_lpc17xx.o(.text)
    I2C1_IRQHandler                          0x000001f7   Thumb Code     0  startup_lpc17xx.o(.text)
    I2C2_IRQHandler                          0x000001f7   Thumb Code     0  startup_lpc17xx.o(.text)
    MCPWM_IRQHandler                         0x000001f7   Thumb Code     0  startup_lpc17xx.o(.text)
    PLL0_IRQHandler                          0x000001f7   Thumb Code     0  startup_lpc17xx.o(.text)
    PLL1_IRQHandler                          0x000001f7   Thumb Code     0  startup_lpc17xx.o(.text)
    PWM1_IRQHandler                          0x000001f7   Thumb Code     0  startup_lpc17xx.o(.text)
    QEI_IRQHandler                           0x000001f7   Thumb Code     0  startup_lpc17xx.o(.text)
    RIT_IRQHandler                           0x000001f7   Thumb Code     0  startup_lpc17xx.o(.text)
    RTC_IRQHandler                           0x000001f7   Thumb Code     0  startup_lpc17xx.o(.text)
    SPI_IRQHandler                           0x000001f7   Thumb Code     0  startup_lpc17xx.o(.text)
    SSP0_IRQHandler                          0x000001f7   Thumb Code     0  startup_lpc17xx.o(.text)
    SSP1_IRQHandler                          0x000001f7   Thumb Code     0  startup_lpc17xx.o(.text)
    TIMER0_IRQHandler                        0x000001f7   Thumb Code     0  startup_lpc17xx.o(.text)
    TIMER1_IRQHandler                        0x000001f7   Thumb Code     0  startup_lpc17xx.o(.text)
    TIMER2_IRQHandler                        0x000001f7   Thumb Code     0  startup_lpc17xx.o(.text)
    TIMER3_IRQHandler                        0x000001f7   Thumb Code     0  startup_lpc17xx.o(.text)
    UART1_IRQHandler                         0x000001f7   Thumb Code     0  startup_lpc17xx.o(.text)
    UART2_IRQHandler                         0x000001f7   Thumb Code     0  startup_lpc17xx.o(.text)
    UART3_IRQHandler                         0x000001f7   Thumb Code     0  startup_lpc17xx.o(.text)
    USBActivity_IRQHandler                   0x000001f7   Thumb Code     0  startup_lpc17xx.o(.text)
    USB_IRQHandler                           0x000001f7   Thumb Code     0  startup_lpc17xx.o(.text)
    WDT_IRQHandler                           0x000001f7   Thumb Code     0  startup_lpc17xx.o(.text)
    __user_initial_stackheap                 0x000001f9   Thumb Code     0  startup_lpc17xx.o(.text)
    check_failed                             0x0000021d   Thumb Code     4  lpc17xx_libcfg_default.o(.text)
    InitProtothreads                         0x00000221   Thumb Code    12  protothreads.o(.text)
    SysTick_Handler                          0x00000235   Thumb Code    12  interrupts_handlers.o(.text)
    I2S_IRQHandler                           0x00000241   Thumb Code   110  interrupts_handlers.o(.text)
    __I$use$semihosting                      0x000002c9   Thumb Code     0  use_no_semi.o(.text)
    __use_no_semihosting_swi                 0x000002c9   Thumb Code     2  use_no_semi.o(.text)
    __aeabi_llsr                             0x000002cb   Thumb Code     0  llushr.o(.text)
    _ll_ushift_r                             0x000002cb   Thumb Code    38  llushr.o(.text)
    putc                                     0x000002f1   Thumb Code     4  putc.o(.text)
    __use_two_region_memory                  0x000002f5   Thumb Code     2  heapauxi.o(.text)
    __rt_heap_escrow                         0x000002f7   Thumb Code     2  heapauxi.o(.text)
    __rt_heap_expand                         0x000002f9   Thumb Code     2  heapauxi.o(.text)
    __I$use$fp                               0x000002fa   Number         0  usenofp.o(x$fpl$usenofp)
    SystemCoreClockUpdate                    0x00000301   Thumb Code   408  system_lpc17xx.o(.text)
    SystemInit                               0x00000499   Thumb Code   212  system_lpc17xx.o(.text)
    PINSEL_ConfigTraceFunc                   0x0000062f   Thumb Code    34  lpc17xx_pinsel.o(.text)
    PINSEL_SetI2C0Pins                       0x00000651   Thumb Code    16  lpc17xx_pinsel.o(.text)
    PINSEL_ConfigPin                         0x00000661   Thumb Code    36  lpc17xx_pinsel.o(.text)
    SPI_SetClock                             0x00000689   Thumb Code    78  lpc17xx_spi.o(.text)
    SPI_DeInit                               0x000006d7   Thumb Code    36  lpc17xx_spi.o(.text)
    SPI_GetDataSize                          0x000006fb   Thumb Code    28  lpc17xx_spi.o(.text)
    SPI_Init                                 0x00000717   Thumb Code    96  lpc17xx_spi.o(.text)
    SPI_ConfigStructInit                     0x00000777   Thumb Code    26  lpc17xx_spi.o(.text)
    SPI_GetConfig                            0x00000791   Thumb Code    40  lpc17xx_spi.o(.text)
    SPI_SendData                             0x000007b9   Thumb Code    28  lpc17xx_spi.o(.text)
    SPI_ReceiveData                          0x000007d5   Thumb Code    26  lpc17xx_spi.o(.text)
    SPI_IntCmd                               0x000007ef   Thumb Code    68  lpc17xx_spi.o(.text)
    SPI_ReadWrite                            0x00000833   Thumb Code   322  lpc17xx_spi.o(.text)
    SPI_GetIntStatus                         0x00000975   Thumb Code    30  lpc17xx_spi.o(.text)
    SPI_ClearIntPending                      0x00000993   Thumb Code    28  lpc17xx_spi.o(.text)
    SPI_GetStatus                            0x000009af   Thumb Code    30  lpc17xx_spi.o(.text)
    SPI_CheckStatus                          0x000009cd   Thumb Code    52  lpc17xx_spi.o(.text)
    UART_Init                                0x00000bf9   Thumb Code   490  lpc17xx_uart.o(.text)
    UART_TxCmd                               0x00000de3   Thumb Code   178  lpc17xx_uart.o(.text)
    UART_DeInit                              0x00000e95   Thumb Code   112  lpc17xx_uart.o(.text)
    UART_ConfigStructInit                    0x00000f05   Thumb Code    18  lpc17xx_uart.o(.text)
    UART_SendByte                            0x00000f17   Thumb Code    58  lpc17xx_uart.o(.text)
    UART_ReceiveByte                         0x00000f51   Thumb Code    56  lpc17xx_uart.o(.text)
    UART_Send                                0x00000f89   Thumb Code   152  lpc17xx_uart.o(.text)
    UART_Receive                             0x00001021   Thumb Code   124  lpc17xx_uart.o(.text)
    UART_ForceBreak                          0x0000109d   Thumb Code    68  lpc17xx_uart.o(.text)
    UART_IntConfig                           0x000010e1   Thumb Code   260  lpc17xx_uart.o(.text)
    UART_GetLineStatus                       0x000011e5   Thumb Code    56  lpc17xx_uart.o(.text)
    UART_GetIntId                            0x0000121d   Thumb Code    70  lpc17xx_uart.o(.text)
    UART_CheckBusy                           0x00001263   Thumb Code    18  lpc17xx_uart.o(.text)
    UART_FIFOConfig                          0x00001275   Thumb Code   254  lpc17xx_uart.o(.text)
    UART_FIFOConfigStructInit                0x00001373   Thumb Code    14  lpc17xx_uart.o(.text)
    UART_ABCmd                               0x00001381   Thumb Code   192  lpc17xx_uart.o(.text)
    UART_ABClearIntPending                   0x00001441   Thumb Code    66  lpc17xx_uart.o(.text)
    UART_IrDAInvtInputCmd                    0x00001483   Thumb Code    80  lpc17xx_uart.o(.text)
    UART_IrDACmd                             0x000014d3   Thumb Code    78  lpc17xx_uart.o(.text)
    UART_IrDAPulseDivConfig                  0x00001521   Thumb Code   102  lpc17xx_uart.o(.text)
    UART_FullModemForcePinState              0x00001587   Thumb Code   118  lpc17xx_uart.o(.text)
    UART_FullModemConfigMode                 0x000015fd   Thumb Code   146  lpc17xx_uart.o(.text)
    UART_FullModemGetStatus                  0x0000168f   Thumb Code    28  lpc17xx_uart.o(.text)
    UART_RS485Config                         0x000016ab   Thumb Code   300  lpc17xx_uart.o(.text)
    UART_RS485ReceiverCmd                    0x000017d7   Thumb Code    32  lpc17xx_uart.o(.text)
    UART_RS485Send                           0x000017f7   Thumb Code    88  lpc17xx_uart.o(.text)
    UART_RS485SendSlvAddr                    0x0000184f   Thumb Code    18  lpc17xx_uart.o(.text)
    UART_RS485SendData                       0x00001861   Thumb Code    22  lpc17xx_uart.o(.text)
    ADC_Init                                 0x0000187d   Thumb Code    94  lpc17xx_adc.o(.text)
    ADC_DeInit                               0x000018db   Thumb Code    64  lpc17xx_adc.o(.text)
    ADC_GetData                              0x0000191b   Thumb Code    22  lpc17xx_adc.o(.text)
    ADC_StartCmd                             0x00001931   Thumb Code    80  lpc17xx_adc.o(.text)
    ADC_BurstCmd                             0x00001981   Thumb Code    42  lpc17xx_adc.o(.text)
    ADC_PowerdownCmd                         0x000019ab   Thumb Code    42  lpc17xx_adc.o(.text)
    ADC_EdgeStartConfig                      0x000019d5   Thumb Code    58  lpc17xx_adc.o(.text)
    ADC_IntConfig                            0x00001a0f   Thumb Code    92  lpc17xx_adc.o(.text)
    ADC_ChannelCmd                           0x00001a6b   Thumb Code    74  lpc17xx_adc.o(.text)
    ADC_ChannelGetData                       0x00001ab5   Thumb Code    44  lpc17xx_adc.o(.text)
    ADC_ChannelGetStatus                     0x00001ae1   Thumb Code    84  lpc17xx_adc.o(.text)
    ADC_GlobalGetData                        0x00001b35   Thumb Code    26  lpc17xx_adc.o(.text)
    ADC_GlobalGetStatus                      0x00001b4f   Thumb Code    66  lpc17xx_adc.o(.text)
    CLKPWR_SetPCLKDiv                        0x00001bb9   Thumb Code    94  lpc17xx_clkpwr.o(.text)
    CLKPWR_GetPCLKSEL                        0x00001c17   Thumb Code    34  lpc17xx_clkpwr.o(.text)
    CLKPWR_GetPCLK                           0x00001c39   Thumb Code    58  lpc17xx_clkpwr.o(.text)
    CLKPWR_ConfigPPWR                        0x00001c73   Thumb Code    46  lpc17xx_clkpwr.o(.text)
    CLKPWR_Sleep                             0x00001ca1   Thumb Code    12  lpc17xx_clkpwr.o(.text)
    CLKPWR_DeepSleep                         0x00001cad   Thumb Code    18  lpc17xx_clkpwr.o(.text)
    CLKPWR_PowerDown                         0x00001cbf   Thumb Code    18  lpc17xx_clkpwr.o(.text)
    CLKPWR_DeepPowerDown                     0x00001cd1   Thumb Code    18  lpc17xx_clkpwr.o(.text)
    GPIO_SetDir                              0x00001d95   Thumb Code    40  lpc17xx_gpio.o(.text)
    GPIO_SetValue                            0x00001dbd   Thumb Code    20  lpc17xx_gpio.o(.text)
    GPIO_ClearValue                          0x00001dd1   Thumb Code    20  lpc17xx_gpio.o(.text)
    GPIO_ReadValue                           0x00001de5   Thumb Code    22  lpc17xx_gpio.o(.text)
    GPIO_IntCmd                              0x00001dfb   Thumb Code    60  lpc17xx_gpio.o(.text)
    GPIO_GetIntStatus                        0x00001e37   Thumb Code    86  lpc17xx_gpio.o(.text)
    GPIO_ClearInt                            0x00001e8d   Thumb Code    28  lpc17xx_gpio.o(.text)
    FIO_SetDir                               0x00001ea9   Thumb Code    20  lpc17xx_gpio.o(.text)
    FIO_SetValue                             0x00001ebd   Thumb Code    16  lpc17xx_gpio.o(.text)
    FIO_ClearValue                           0x00001ecd   Thumb Code    16  lpc17xx_gpio.o(.text)
    FIO_ReadValue                            0x00001edd   Thumb Code    12  lpc17xx_gpio.o(.text)
    FIO_IntCmd                               0x00001ee9   Thumb Code    20  lpc17xx_gpio.o(.text)
    FIO_GetIntStatus                         0x00001efd   Thumb Code    20  lpc17xx_gpio.o(.text)
    FIO_ClearInt                             0x00001f11   Thumb Code    16  lpc17xx_gpio.o(.text)
    FIO_SetMask                              0x00001f21   Thumb Code    40  lpc17xx_gpio.o(.text)
    FIO_HalfWordSetDir                       0x00001f49   Thumb Code    62  lpc17xx_gpio.o(.text)
    FIO_HalfWordSetMask                      0x00001f87   Thumb Code    62  lpc17xx_gpio.o(.text)
    FIO_HalfWordSetValue                     0x00001fc5   Thumb Code    32  lpc17xx_gpio.o(.text)
    FIO_HalfWordClearValue                   0x00001fe5   Thumb Code    32  lpc17xx_gpio.o(.text)
    FIO_HalfWordReadValue                    0x00002005   Thumb Code    30  lpc17xx_gpio.o(.text)
    FIO_ByteSetDir                           0x00002023   Thumb Code    50  lpc17xx_gpio.o(.text)
    FIO_ByteSetMask                          0x00002055   Thumb Code    66  lpc17xx_gpio.o(.text)
    FIO_ByteSetValue                         0x00002097   Thumb Code    34  lpc17xx_gpio.o(.text)
    FIO_ByteClearValue                       0x000020b9   Thumb Code    34  lpc17xx_gpio.o(.text)
    FIO_ByteReadValue                        0x000020db   Thumb Code    42  lpc17xx_gpio.o(.text)
    I2S_Init                                 0x00002191   Thumb Code    38  lpc17xx_i2s.o(.text)
    I2S_Config                               0x000021b7   Thumb Code   214  lpc17xx_i2s.o(.text)
    I2S_DeInit                               0x0000228d   Thumb Code    32  lpc17xx_i2s.o(.text)
    I2S_GetLevel                             0x000022ad   Thumb Code    56  lpc17xx_i2s.o(.text)
    I2S_Start                                0x000022e5   Thumb Code    42  lpc17xx_i2s.o(.text)
    I2S_Send                                 0x0000230f   Thumb Code    26  lpc17xx_i2s.o(.text)
    I2S_Receive                              0x00002329   Thumb Code    24  lpc17xx_i2s.o(.text)
    I2S_Pause                                0x00002341   Thumb Code    64  lpc17xx_i2s.o(.text)
    I2S_Mute                                 0x00002381   Thumb Code    64  lpc17xx_i2s.o(.text)
    I2S_Stop                                 0x000023c1   Thumb Code    88  lpc17xx_i2s.o(.text)
    I2S_FreqConfig                           0x00002419   Thumb Code   410  lpc17xx_i2s.o(.text)
    I2S_SetBitRate                           0x000025b3   Thumb Code    76  lpc17xx_i2s.o(.text)
    I2S_ModeConfig                           0x000025ff   Thumb Code   226  lpc17xx_i2s.o(.text)
    I2S_DMAConfig                            0x000026e1   Thumb Code   144  lpc17xx_i2s.o(.text)
    I2S_DMACmd                               0x00002771   Thumb Code   198  lpc17xx_i2s.o(.text)
    I2S_IRQConfig                            0x00002837   Thumb Code    90  lpc17xx_i2s.o(.text)
    I2S_IRQCmd                               0x00002891   Thumb Code   100  lpc17xx_i2s.o(.text)
    I2S_GetIRQStatus                         0x000028f5   Thumb Code    44  lpc17xx_i2s.o(.text)
    I2S_GetIRQDepth                          0x00002921   Thumb Code    44  lpc17xx_i2s.o(.text)
    CheckAndStoreCalData                     0x00002951   Thumb Code   216  flash_save_read.o(.text)
    SaveCalData                              0x00002a29   Thumb Code  1160  flash_save_read.o(.text)
    LoadCalData                              0x00002eb1   Thumb Code    20  flash_save_read.o(.text)
    main                                     0x00002f01   Thumb Code  1610  main.o(.text)
    Init_ADC                                 0x00003635   Thumb Code    22  init.o(.text)
    Init_GPIO_Pins                           0x0000364b   Thumb Code  1080  init.o(.text)
    Init                                     0x00003a83   Thumb Code   358  init.o(.text)
    ADC_int_RUN                              0x00003bfd   Thumb Code   158  system.o(.text)
    ADC_RUN                                  0x00003c9b   Thumb Code   608  system.o(.text)
    test                                     0x00003efb   Thumb Code    56  system.o(.text)
    led_on                                   0x00003f33   Thumb Code    12  system.o(.text)
    led_off                                  0x00003f3f   Thumb Code    12  system.o(.text)
    V12SW_ON2                                0x00003f4b   Thumb Code   110  system.o(.text)
    CalibrateMagPhaseCalcTheoretic           0x00003fb9   Thumb Code   452  system.o(.text)
    logspace                                 0x0000417d   Thumb Code   382  system.o(.text)
    wait                                     0x000042fb   Thumb Code    16  system.o(.text)
    GetPrepareStructForZcal                  0x0000430b   Thumb Code   780  system.o(.text)
    Calibration                              0x00004617   Thumb Code  3206  system.o(.text)
    Calc_iZ_for_Min_Z_OnCur_iF               0x0000529d   Thumb Code   160  system.o(.text)
    Calc_iZ_for_Max_Z_OnCur_iF               0x0000533d   Thumb Code   514  system.o(.text)
    compare_structs_on_uint_Z_and_iZ         0x0000553f   Thumb Code    34  system.o(.text)
    GetCalZ_on_iZ_iF                         0x00005561   Thumb Code    90  system.o(.text)
    GetCalZ_on_F_iZ                          0x000055bb   Thumb Code   198  system.o(.text)
    SortZIndOnCurF                           0x00005681   Thumb Code   136  system.o(.text)
    compare_structs_on_float_Z_and_iZ        0x00005709   Thumb Code    42  system.o(.text)
    GetRealZ_on_iF_iZ_for_Z                  0x00005733   Thumb Code   292  system.o(.text)
    GetRealZ_on_F_iZ_for_Z                   0x00005857   Thumb Code   326  system.o(.text)
    GetCalPH_on_iZ_iF                        0x0000599d   Thumb Code    90  system.o(.text)
    GetCalPH_on_F_iZ                         0x000059f7   Thumb Code   312  system.o(.text)
    GetRealPH_on_iF_iZ_for_PH                0x00005b2f   Thumb Code   292  system.o(.text)
    GetRealPH_on_F_iZ_for_Z                  0x00005c53   Thumb Code   318  system.o(.text)
    GetSumOtkl                               0x00005d91   Thumb Code   150  system.o(.text)
    GetCorrectIndexes                        0x00005e27   Thumb Code   120  system.o(.text)
    Measure                                  0x00005e9f   Thumb Code  3738  system.o(.text)
    AD9833_SPI_Init                          0x00006dc1   Thumb Code    34  ad9833.o(.text)
    AD9833_Start                             0x00006de3   Thumb Code    62  ad9833.o(.text)
    AD9833_Init                              0x00006e21   Thumb Code    72  ad9833.o(.text)
    AD9833_SetFreq                           0x00006e69   Thumb Code   166  ad9833.o(.text)
    AD9833_SetPhase                          0x00006f0f   Thumb Code    72  ad9833.o(.text)
    AD9833_Stop                              0x00006f57   Thumb Code     8  ad9833.o(.text)
    SER_Init                                 0x00006f75   Thumb Code    86  serial.o(.text)
    SER_PutChar                              0x00006fcb   Thumb Code    20  serial.o(.text)
    UART0_IRQHandler                         0x00006fdf   Thumb Code  1620  serial.o(.text)
    UART_SendByte_with_FIFO                  0x0000763d   Thumb Code    40  retarget.o(.text)
    fputc                                    0x00007665   Thumb Code    74  retarget.o(.text)
    fgetc                                    0x000076af   Thumb Code    12  retarget.o(.text)
    ferror                                   0x000076bb   Thumb Code     8  retarget.o(.text)
    _ttywrch                                 0x000076c3   Thumb Code    46  retarget.o(.text)
    _sys_exit                                0x000076f1   Thumb Code     4  retarget.o(.text)
    SW_UART_push                             0x000076fd   Thumb Code    86  sw_fifo.o(.text)
    SW_UART_pop                              0x00007753   Thumb Code    58  sw_fifo.o(.text)
    getline                                  0x00007799   Thumb Code   108  getline.o(.text)
    malloc                                   0x0000780d   Thumb Code    94  h1_alloc.o(.text)
    free                                     0x0000786b   Thumb Code    78  h1_free.o(.text)
    __aeabi_uldivmod                         0x000078b9   Thumb Code     0  lludivv7m.o(.text)
    _ll_udiv                                 0x000078b9   Thumb Code   238  lludivv7m.o(.text)
    __2printf                                0x000079a9   Thumb Code    20  noretval__2printf.o(.text)
    _printf_pre_padding                      0x000079c1   Thumb Code    44  _printf_pad.o(.text)
    _printf_post_padding                     0x000079ed   Thumb Code    34  _printf_pad.o(.text)
    _printf_int_dec                          0x00007a11   Thumb Code   100  _printf_dec.o(.text)
    __printf                                 0x00007a85   Thumb Code   270  __printf_wp.o(.text)
    __0sscanf                                0x00007b95   Thumb Code    52  __0sscanf.o(.text)
    _scanf_int                               0x00007bd1   Thumb Code   332  _scanf_int.o(.text)
    atoi                                     0x00007d1d   Thumb Code    26  atoi.o(.text)
    qsort                                    0x00007f15   Thumb Code   134  qsortnoex.o(.text)
    strncmp                                  0x00007f9b   Thumb Code   150  strncmp.o(.text)
    __aeabi_memclr                           0x00008031   Thumb Code     0  rt_memclr.o(.text)
    __rt_memclr                              0x00008031   Thumb Code    68  rt_memclr.o(.text)
    _memset                                  0x00008035   Thumb Code     0  rt_memclr.o(.text)
    strcmp                                   0x00008075   Thumb Code   128  strcmpv7m.o(.text)
    __rt_heap_descriptor                     0x000080f5   Thumb Code     8  rt_heap_descriptor_intlibspace.o(.text)
    __aeabi_errno_addr                       0x000080fd   Thumb Code     8  rt_errno_addr_intlibspace.o(.text)
    __errno$intlibspace                      0x000080fd   Thumb Code     0  rt_errno_addr_intlibspace.o(.text)
    __rt_errno_addr$intlibspace              0x000080fd   Thumb Code     0  rt_errno_addr_intlibspace.o(.text)
    __use_no_heap                            0x00008105   Thumb Code     2  hguard.o(.text)
    __heap$guard                             0x00008107   Thumb Code     2  hguard.o(.text)
    _terminate_user_alloc                    0x00008109   Thumb Code     2  init_alloc.o(.text)
    _init_user_alloc                         0x0000810b   Thumb Code     2  init_alloc.o(.text)
    __Heap_Full                              0x0000810d   Thumb Code    34  init_alloc.o(.text)
    __Heap_Broken                            0x0000812f   Thumb Code     6  init_alloc.o(.text)
    _init_alloc                              0x00008135   Thumb Code    94  init_alloc.o(.text)
    __Heap_Initialize                        0x00008193   Thumb Code    10  h1_init.o(.text)
    __Heap_DescSize                          0x0000819d   Thumb Code     4  h1_init.o(.text)
    __read_errno                             0x000081a1   Thumb Code    10  _rserrno.o(.text)
    __set_errno                              0x000081ab   Thumb Code    12  _rserrno.o(.text)
    _printf_int_common                       0x000081b7   Thumb Code   178  _printf_intcommon.o(.text)
    __lib_sel_fp_printf                      0x00008269   Thumb Code     2  _printf_fp_dec.o(.text)
    _printf_fp_dec_real                      0x00008417   Thumb Code   616  _printf_fp_dec.o(.text)
    _printf_char_file                        0x00008681   Thumb Code    32  _printf_char_file.o(.text)
    _chval                                   0x000086a5   Thumb Code    28  _chval.o(.text)
    __vfscanf_char                           0x000086cd   Thumb Code    24  scanf_char.o(.text)
    _sgetc                                   0x000086ed   Thumb Code    30  _sgetc.o(.text)
    _sbackspace                              0x0000870b   Thumb Code    34  _sgetc.o(.text)
    strtol                                   0x0000872d   Thumb Code   112  strtol.o(.text)
    __aeabi_memclr4                          0x0000879d   Thumb Code     0  rt_memclr_w.o(.text)
    __aeabi_memclr8                          0x0000879d   Thumb Code     0  rt_memclr_w.o(.text)
    __rt_memclr_w                            0x0000879d   Thumb Code    78  rt_memclr_w.o(.text)
    _memset_w                                0x000087a1   Thumb Code     0  rt_memclr_w.o(.text)
    __user_libspace                          0x000087ed   Thumb Code     8  libspace.o(.text)
    __user_perproc_libspace                  0x000087ed   Thumb Code     0  libspace.o(.text)
    __user_perthread_libspace                0x000087ed   Thumb Code     0  libspace.o(.text)
    __rt_ctype_table                         0x000087f5   Thumb Code    16  rt_ctype_table.o(.text)
    __rt_locale                              0x00008805   Thumb Code     8  rt_locale_intlibspace.o(.text)
    __Heap_ProvideMemory                     0x0000880d   Thumb Code    52  h1_extend.o(.text)
    _ll_udiv10                               0x00008841   Thumb Code   138  lludiv10.o(.text)
    isspace                                  0x000088cb   Thumb Code    18  isspace.o(.text)
    _printf_char_common                      0x000088e7   Thumb Code    32  _printf_char_common.o(.text)
    _printf_fp_infnan                        0x0000890d   Thumb Code   112  _printf_fp_infnan.o(.text)
    __vfscanf                                0x0000898d   Thumb Code   872  _scanf.o(.text)
    _strtoul                                 0x00008cf9   Thumb Code   158  _strtoul.o(.text)
    _btod_etento                             0x00008d99   Thumb Code   212  bigflt0.o(.text)
    __rt_SIGRTMEM                            0x00008e71   Thumb Code    14  defsig_rtmem_outer.o(.text)
    __user_setup_stackheap                   0x00008e7f   Thumb Code    74  sys_stackheap_outer.o(.text)
    exit                                     0x00008ec9   Thumb Code    12  exit.o(.text)
    __sig_exit                               0x00008ed5   Thumb Code    10  defsig_exit.o(.text)
    __rt_SIGRTMEM_inner                      0x00008ee1   Thumb Code    22  defsig_rtmem_inner.o(.text)
    __default_signal_display                 0x00008f31   Thumb Code    50  defsig_general.o(.text)
    _btod_d2e                                0x00008f63   Thumb Code    62  btod.o(CL$$btod_d2e)
    _d2e_denorm_low                          0x00008fa1   Thumb Code    70  btod.o(CL$$btod_d2e_denorm_low)
    _d2e_norm_op1                            0x00008fe7   Thumb Code    96  btod.o(CL$$btod_d2e_norm_op1)
    __btod_div_common                        0x00009047   Thumb Code   696  btod.o(CL$$btod_div_common)
    _e2e                                     0x0000937f   Thumb Code   198  btod.o(CL$$btod_e2e)
    _btod_ediv                               0x00009445   Thumb Code    40  btod.o(CL$$btod_ediv)
    _btod_emul                               0x0000946d   Thumb Code    40  btod.o(CL$$btod_emul)
    __btod_mult_common                       0x00009495   Thumb Code   580  btod.o(CL$$btod_mult_common)
    __ARM_fpclassify                         0x000096d9   Thumb Code    40  fpclassify.o(i.__ARM_fpclassify)
    __ARM_fpclassifyf                        0x00009701   Thumb Code    38  fpclassifyf.o(i.__ARM_fpclassifyf)
    __kernel_poly                            0x00009727   Thumb Code   170  poly.o(i.__kernel_poly)
    __mathlib_dbl_underflow                  0x000097d1   Thumb Code    10  dunder.o(i.__mathlib_dbl_underflow)
    __mathlib_flt_underflow                  0x000097e1   Thumb Code    10  funder.o(i.__mathlib_flt_underflow)
    _is_digit                                0x000097eb   Thumb Code    14  __printf_wp.o(i._is_digit)
    atan                                     0x000097f9   Thumb Code   478  atan.o(i.atan)
    atanf                                    0x00009a1d   Thumb Code   326  atanf.o(i.atanf)
    hypotf                                   0x00009b9d   Thumb Code   462  hypotf.o(i.hypotf)
    log10f                                   0x00009d71   Thumb Code   390  log10f.o(i.log10f)
    pow                                      0x00009f31   Thumb Code  2510  pow.o(i.pow)
    __mathlib_powf                           0x0000a911   Thumb Code     0  powf.o(i.powf)
    powf                                     0x0000a911   Thumb Code  1538  powf.o(i.powf)
    sqrt                                     0x0000af2d   Thumb Code    76  sqrt.o(i.sqrt)
    sqrtf                                    0x0000af79   Thumb Code    44  sqrtf.o(i.sqrtf)
    _get_lc_numeric                          0x0000afa5   Thumb Code    44  lc_numeric_c.o(locale$$code)
    _get_lc_ctype                            0x0000afd1   Thumb Code    44  lc_ctype_c.o(locale$$code)
    __aeabi_d2f                              0x0000affd   Thumb Code     0  d2f.o(x$fpl$d2f)
    _d2f                                     0x0000affd   Thumb Code    98  d2f.o(x$fpl$d2f)
    __aeabi_dadd                             0x0000b061   Thumb Code     0  daddsub_clz.o(x$fpl$dadd)
    _dadd                                    0x0000b061   Thumb Code   332  daddsub_clz.o(x$fpl$dadd)
    __fpl_dcheck_NaN1                        0x0000b1b1   Thumb Code    10  dcheck1.o(x$fpl$dcheck1)
    __fpl_dcmp_Inf                           0x0000b1c1   Thumb Code    24  dcmpi.o(x$fpl$dcmpinf)
    __aeabi_ddiv                             0x0000b1d9   Thumb Code     0  ddiv.o(x$fpl$ddiv)
    _ddiv                                    0x0000b1d9   Thumb Code   552  ddiv.o(x$fpl$ddiv)
    __aeabi_d2uiz                            0x0000b489   Thumb Code     0  dfixu.o(x$fpl$dfixu)
    _dfixu                                   0x0000b489   Thumb Code    90  dfixu.o(x$fpl$dfixu)
    __aeabi_i2d                              0x0000b4e3   Thumb Code     0  dflt_clz.o(x$fpl$dflt)
    _dflt                                    0x0000b4e3   Thumb Code    46  dflt_clz.o(x$fpl$dflt)
    __aeabi_ui2d                             0x0000b511   Thumb Code     0  dflt_clz.o(x$fpl$dfltu)
    _dfltu                                   0x0000b511   Thumb Code    38  dflt_clz.o(x$fpl$dfltu)
    __aeabi_cdcmple                          0x0000b539   Thumb Code     0  dleqf.o(x$fpl$dleqf)
    _dcmple                                  0x0000b539   Thumb Code   120  dleqf.o(x$fpl$dleqf)
    __fpl_dcmple_InfNaN                      0x0000b59b   Thumb Code     0  dleqf.o(x$fpl$dleqf)
    __aeabi_dmul                             0x0000b5b1   Thumb Code     0  dmul.o(x$fpl$dmul)
    _dmul                                    0x0000b5b1   Thumb Code   332  dmul.o(x$fpl$dmul)
    __fpl_dnaninf                            0x0000b705   Thumb Code   156  dnaninf.o(x$fpl$dnaninf)
    __fpl_dretinf                            0x0000b7a1   Thumb Code    12  dretinf.o(x$fpl$dretinf)
    __aeabi_cdrcmple                         0x0000b7ad   Thumb Code     0  drleqf.o(x$fpl$drleqf)
    _drcmple                                 0x0000b7ad   Thumb Code   108  drleqf.o(x$fpl$drleqf)
    __aeabi_drsub                            0x0000b819   Thumb Code     0  daddsub_clz.o(x$fpl$drsb)
    _drsb                                    0x0000b819   Thumb Code    22  daddsub_clz.o(x$fpl$drsb)
    _dsqrt                                   0x0000b831   Thumb Code   456  dsqrt_noumaal.o(x$fpl$dsqrt)
    __aeabi_dsub                             0x0000b9fd   Thumb Code     0  daddsub_clz.o(x$fpl$dsub)
    _dsub                                    0x0000b9fd   Thumb Code   464  daddsub_clz.o(x$fpl$dsub)
    __aeabi_f2d                              0x0000bbd1   Thumb Code     0  f2d.o(x$fpl$f2d)
    _f2d                                     0x0000bbd1   Thumb Code    86  f2d.o(x$fpl$f2d)
    __aeabi_fadd                             0x0000bc29   Thumb Code     0  faddsub_clz.o(x$fpl$fadd)
    _fadd                                    0x0000bc29   Thumb Code   196  faddsub_clz.o(x$fpl$fadd)
    __fpl_fcheck_NaN1                        0x0000bced   Thumb Code     6  fcheck1.o(x$fpl$fcheck1)
    __fpl_fcmp_Inf                           0x0000bcf9   Thumb Code    24  fcmpi.o(x$fpl$fcmpinf)
    __aeabi_fdiv                             0x0000bd11   Thumb Code     0  fdiv.o(x$fpl$fdiv)
    _fdiv                                    0x0000bd11   Thumb Code   384  fdiv.o(x$fpl$fdiv)
    __aeabi_cfcmpeq                          0x0000be95   Thumb Code     0  feqf.o(x$fpl$feqf)
    _fcmpeq                                  0x0000be95   Thumb Code   104  feqf.o(x$fpl$feqf)
    __aeabi_f2iz                             0x0000befd   Thumb Code     0  ffix.o(x$fpl$ffix)
    _ffix                                    0x0000befd   Thumb Code    54  ffix.o(x$fpl$ffix)
    _ffix_r                                  0x0000bf35   Thumb Code    82  ffix.o(x$fpl$ffixr)
    __aeabi_f2uiz                            0x0000bf89   Thumb Code     0  ffixu.o(x$fpl$ffixu)
    _ffixu                                   0x0000bf89   Thumb Code    62  ffixu.o(x$fpl$ffixu)
    __aeabi_i2f                              0x0000bfc9   Thumb Code     0  fflt_clz.o(x$fpl$fflt)
    _fflt                                    0x0000bfc9   Thumb Code    48  fflt_clz.o(x$fpl$fflt)
    __aeabi_ul2f                             0x0000bff9   Thumb Code     0  ffltll_clz.o(x$fpl$ffltll)
    _ll_uto_f                                0x0000bff9   Thumb Code     6  ffltll_clz.o(x$fpl$ffltll)
    __aeabi_l2f                              0x0000bfff   Thumb Code     0  ffltll_clz.o(x$fpl$ffltll)
    _ll_sto_f                                0x0000bfff   Thumb Code    90  ffltll_clz.o(x$fpl$ffltll)
    __aeabi_ui2f                             0x0000c059   Thumb Code     0  fflt_clz.o(x$fpl$ffltu)
    _ffltu                                   0x0000c059   Thumb Code    38  fflt_clz.o(x$fpl$ffltu)
    __aeabi_cfcmple                          0x0000c081   Thumb Code     0  fleqf.o(x$fpl$fleqf)
    _fcmple                                  0x0000c081   Thumb Code   104  fleqf.o(x$fpl$fleqf)
    __fpl_fcmple_InfNaN                      0x0000c0d3   Thumb Code     0  fleqf.o(x$fpl$fleqf)
    __aeabi_fmul                             0x0000c0e9   Thumb Code     0  fmul.o(x$fpl$fmul)
    _fmul                                    0x0000c0e9   Thumb Code   258  fmul.o(x$fpl$fmul)
    __fpl_fnaninf                            0x0000c1eb   Thumb Code   140  fnaninf.o(x$fpl$fnaninf)
    __fpl_fretinf                            0x0000c277   Thumb Code    10  fretinf.o(x$fpl$fretinf)
    __aeabi_cfrcmple                         0x0000c281   Thumb Code     0  frleqf.o(x$fpl$frleqf)
    _frcmple                                 0x0000c281   Thumb Code    98  frleqf.o(x$fpl$frleqf)
    __aeabi_frsub                            0x0000c2e3   Thumb Code     0  faddsub_clz.o(x$fpl$frsb)
    _frsb                                    0x0000c2e3   Thumb Code    20  faddsub_clz.o(x$fpl$frsb)
    _fsqrt                                   0x0000c2f9   Thumb Code   272  fsqrt.o(x$fpl$fsqrt)
    __aeabi_fsub                             0x0000c409   Thumb Code     0  faddsub_clz.o(x$fpl$fsub)
    _fsub                                    0x0000c409   Thumb Code   234  faddsub_clz.o(x$fpl$fsub)
    __aeabi_d2ulz                            0x0000c4f5   Thumb Code     0  dfixull.o(x$fpl$llufromd)
    _ll_ufrom_d                              0x0000c4f5   Thumb Code   120  dfixull.o(x$fpl$llufromd)
    __aeabi_f2ulz                            0x0000c56d   Thumb Code     0  ffixull.o(x$fpl$llufromf)
    _ll_ufrom_f                              0x0000c56d   Thumb Code    92  ffixull.o(x$fpl$llufromf)
    _printf_fp_dec                           0x0000c5c9   Thumb Code     4  printf1.o(x$fpl$printf1)
    __fpl_return_NaN                         0x0000c5cd   Thumb Code   100  retnan.o(x$fpl$retnan)
    __ARM_scalbn                             0x0000c631   Thumb Code    92  scalbn.o(x$fpl$scalbn)
    __ARM_scalbnf                            0x0000c68d   Thumb Code    76  scalbnf.o(x$fpl$scalbnf)
    __fpl_cmpreturn                          0x0000c6d9   Thumb Code    48  trapv.o(x$fpl$trapveneer)
    __mathlib_zero                           0x0000c9a8   Data           8  qnan.o(.constdata)
    Region$$Table$$Base                      0x0000cd44   Number         0  anon$$obj.o(Region$$Table)
    Region$$Table$$Limit                     0x0000cd84   Number         0  anon$$obj.o(Region$$Table)
    __ctype                                  0x0000cdad   Data           0  lc_ctype_c.o(locale$$data)
    SectorWithArrayCounter                   0x10000504   Data           1  flash_save_read.o(.data)
    SectorWithArrayStartaddr                 0x10000508   Data           4  flash_save_read.o(.data)
    FlashCalStructStartaddr                  0x1000050c   Data           4  flash_save_read.o(.data)
    SectorWithCalStructNum                   0x10000510   Data           1  flash_save_read.o(.data)
    SectorWithCalStructStartaddr             0x10000514   Data           4  flash_save_read.o(.data)
    cal_freq_list                            0x10000524   Data         108  system.o(.data)
    C                                        0x10000590   Data           4  system.o(.data)
    Rt                                       0x10000594   Data           4  system.o(.data)
    Rb                                       0x10000598   Data           4  system.o(.data)
    Rs                                       0x1000059c   Data           4  system.o(.data)
    Rp                                       0x100005a0   Data           4  system.o(.data)
    pIndZwithZ                               0x100005a4   Data           4  system.o(.data)
    I2S_complete                             0x100005a8   Data           1  system.o(.data)
    DdsFreq                                  0x100005ac   Data           4  system.o(.data)
    debug_mode                               0x100005b0   Data           1  system.o(.data)
    FirstCalStart                            0x100005b1   Data           1  system.o(.data)
    nZ_cal                                   0x100005b2   Data           2  system.o(.data)
    sdvig                                    0x100005b4   Data           4  system.o(.data)
    CalData                                  0x100005b8   Data           4  system.o(.data)
    CalDataCalibr                            0x100005bc   Data           4  system.o(.data)
    pCorrectIndexes                          0x100005c0   Data           2  system.o(.data)
    Power_mgmt_pt                            0x100005cc   Data           2  protothreads.o(.data)
    Calibration_pt                           0x100005ce   Data           2  protothreads.o(.data)
    UART_ConfigStruct                        0x100005d0   Data           8  serial.o(.data)
    command                                  0x100005d8   Data           1  serial.o(.data)
    UART_STATE                               0x100005d9   Data           1  serial.o(.data)
    uart_rcv_len_cnt                         0x100005dc   Data           4  serial.o(.data)
    c                                        0x100005e0   Data           1  serial.o(.data)
    UART_pressed_enter                       0x100005e1   Data           1  serial.o(.data)
    StartADC                                 0x100005e2   Data           1  serial.o(.data)
    StartADC_mag                             0x100005e3   Data           1  serial.o(.data)
    StartADC_ph                              0x100005e4   Data           1  serial.o(.data)
    ADCnumber                                0x100005e8   Data           4  serial.o(.data)
    os                                       0x100005ec   Data           1  serial.o(.data)
    __stdout                                 0x100005f8   Data           4  retarget.o(.data)
    __stdin                                  0x100005fc   Data           4  retarget.o(.data)
    __stderr                                 0x10000600   Data           4  retarget.o(.data)
    UartWithFifo                             0x10000604   Data           4  retarget.o(.data)
    MagPhcT_st                               0x10000608   Data          12  system.o(.bss)
    SPI_GonfigStruct_temp                    0x10000614   Data          24  ad9833.o(.bss)
    __libspace_start                         0x1000062c   Data          96  libspace.o(.bss)
    __temporary_stack_top$libspace           0x1000068c   Data           0  libspace.o(.bss)
    SystemCoreClock                          0x2007c000   Data           4  system_lpc17xx.o(.data)
    bg_flag                                  0x2007c009   Data           1  main.o(.data)
    f_min                                    0x2007c00a   Data           2  main.o(.data)
    f_max                                    0x2007c00c   Data           2  main.o(.data)
    n_F                                      0x2007c00e   Data           2  main.o(.data)
    StartConvert                             0x2007c010   Data           1  main.o(.data)
    ConfigStruct                             0x2007c046   Data           8  init.o(.data)
    I2S_MODEConf                             0x2007c04e   Data           4  init.o(.data)
    PinCfg                                   0x2007c052   Data           5  init.o(.data)
    systick_ten_millis                       0x2007c058   Data           4  interrupts_handlers.o(.data)
    SW_UART_FIFO_STRUCT                      0x2007c05c   Data           8  sw_fifo.o(.data)
    i2s_fifo                                 0x2007c064   Data          32  interrupts_handlers.o(.bss)
    cmdbuf                                   0x2007c084   Data          15  serial.o(.bss)
    SW_UART_FIFO_BUF                         0x2007c093   Data        1024  sw_fifo.o(.bss)



==============================================================================

Memory Map of the image

  Image Entry point : 0x000000cd

  Load Region LR_IROM1 (Base: 0x00000000, Size: 0x0000d01c, Max: 0x00030000, ABSOLUTE)

    Execution Region ER_IROM1 (Base: 0x00000000, Size: 0x0000ceb0, Max: 0x00030000, ABSOLUTE)

    Base Addr    Size         Type   Attr      Idx    E Section Name        Object

    0x00000000   0x000000cc   Data   RO            3    RESET               startup_lpc17xx.o
    0x000000cc   0x00000008   Code   RO          858  * !!!main             c_w.l(__main.o)
    0x000000d4   0x00000034   Code   RO         1328    !!!scatter          c_w.l(__scatter.o)
    0x00000108   0x0000003a   Code   RO         1326    !!dczerorl          c_w.l(__dczerorl.o)
    0x00000142   0x00000002   PAD
    0x00000144   0x0000001a   Code   RO         1330    !!handler_copy      c_w.l(__scatter_copy.o)
    0x0000015e   0x00000002   PAD
    0x00000160   0x0000001c   Code   RO         1332    !!handler_zi        c_w.l(__scatter_zi.o)
    0x0000017c   0x00000000   Code   RO          839    .ARM.Collect$$_printf_percent$$00000000  c_w.l(_printf_percent.o)
    0x0000017c   0x00000006   Code   RO          838    .ARM.Collect$$_printf_percent$$00000003  c_w.l(_printf_f.o)
    0x00000182   0x00000006   Code   RO          836    .ARM.Collect$$_printf_percent$$00000009  c_w.l(_printf_d.o)
    0x00000188   0x00000006   Code   RO          837    .ARM.Collect$$_printf_percent$$0000000A  c_w.l(_printf_u.o)
    0x0000018e   0x00000004   Code   RO         1049    .ARM.Collect$$_printf_percent$$00000017  c_w.l(_printf_percent_end.o)
    0x00000192   0x00000002   Code   RO         1266    .ARM.Collect$$libinit$$00000000  c_w.l(libinit.o)
    0x00000194   0x00000000   Code   RO         1065    .ARM.Collect$$libinit$$00000002  c_w.l(libinit2.o)
    0x00000194   0x00000008   Code   RO         1066    .ARM.Collect$$libinit$$00000003  c_w.l(libinit2.o)
    0x0000019c   0x00000000   Code   RO         1068    .ARM.Collect$$libinit$$00000008  c_w.l(libinit2.o)
    0x0000019c   0x00000000   Code   RO         1070    .ARM.Collect$$libinit$$0000000A  c_w.l(libinit2.o)
    0x0000019c   0x00000000   Code   RO         1072    .ARM.Collect$$libinit$$0000000C  c_w.l(libinit2.o)
    0x0000019c   0x00000006   Code   RO         1073    .ARM.Collect$$libinit$$0000000D  c_w.l(libinit2.o)
    0x000001a2   0x00000000   Code   RO         1075    .ARM.Collect$$libinit$$0000000F  c_w.l(libinit2.o)
    0x000001a2   0x0000000c   Code   RO         1076    .ARM.Collect$$libinit$$00000010  c_w.l(libinit2.o)
    0x000001ae   0x00000000   Code   RO         1077    .ARM.Collect$$libinit$$00000011  c_w.l(libinit2.o)
    0x000001ae   0x00000000   Code   RO         1079    .ARM.Collect$$libinit$$00000013  c_w.l(libinit2.o)
    0x000001ae   0x0000000a   Code   RO         1080    .ARM.Collect$$libinit$$00000014  c_w.l(libinit2.o)
    0x000001b8   0x00000000   Code   RO         1081    .ARM.Collect$$libinit$$00000015  c_w.l(libinit2.o)
    0x000001b8   0x00000000   Code   RO         1083    .ARM.Collect$$libinit$$00000017  c_w.l(libinit2.o)
    0x000001b8   0x00000000   Code   RO         1085    .ARM.Collect$$libinit$$00000019  c_w.l(libinit2.o)
    0x000001b8   0x00000000   Code   RO         1087    .ARM.Collect$$libinit$$0000001B  c_w.l(libinit2.o)
    0x000001b8   0x00000000   Code   RO         1089    .ARM.Collect$$libinit$$0000001D  c_w.l(libinit2.o)
    0x000001b8   0x00000000   Code   RO         1091    .ARM.Collect$$libinit$$0000001F  c_w.l(libinit2.o)
    0x000001b8   0x00000000   Code   RO         1093    .ARM.Collect$$libinit$$00000021  c_w.l(libinit2.o)
    0x000001b8   0x00000000   Code   RO         1095    .ARM.Collect$$libinit$$00000023  c_w.l(libinit2.o)
    0x000001b8   0x00000000   Code   RO         1099    .ARM.Collect$$libinit$$0000002A  c_w.l(libinit2.o)
    0x000001b8   0x00000000   Code   RO         1101    .ARM.Collect$$libinit$$0000002C  c_w.l(libinit2.o)
    0x000001b8   0x00000000   Code   RO         1103    .ARM.Collect$$libinit$$0000002E  c_w.l(libinit2.o)
    0x000001b8   0x00000000   Code   RO         1105    .ARM.Collect$$libinit$$00000030  c_w.l(libinit2.o)
    0x000001b8   0x00000002   Code   RO         1106    .ARM.Collect$$libinit$$00000031  c_w.l(libinit2.o)
    0x000001ba   0x00000002   Code   RO         1323    .ARM.Collect$$libshutdown$$00000000  c_w.l(libshutdown.o)
    0x000001bc   0x00000000   Code   RO         1283    .ARM.Collect$$libshutdown$$00000003  c_w.l(libshutdown2.o)
    0x000001bc   0x00000000   Code   RO         1286    .ARM.Collect$$libshutdown$$00000006  c_w.l(libshutdown2.o)
    0x000001bc   0x00000000   Code   RO         1289    .ARM.Collect$$libshutdown$$00000009  c_w.l(libshutdown2.o)
    0x000001bc   0x00000000   Code   RO         1291    .ARM.Collect$$libshutdown$$0000000B  c_w.l(libshutdown2.o)
    0x000001bc   0x00000000   Code   RO         1294    .ARM.Collect$$libshutdown$$0000000E  c_w.l(libshutdown2.o)
    0x000001bc   0x00000002   Code   RO         1295    .ARM.Collect$$libshutdown$$0000000F  c_w.l(libshutdown2.o)
    0x000001be   0x00000000   Code   RO         1006    .ARM.Collect$$rtentry$$00000000  c_w.l(rtentry.o)
    0x000001be   0x00000000   Code   RO         1147    .ARM.Collect$$rtentry$$00000002  c_w.l(rtentry2.o)
    0x000001be   0x00000006   Code   RO         1159    .ARM.Collect$$rtentry$$00000004  c_w.l(rtentry4.o)
    0x000001c4   0x00000000   Code   RO         1149    .ARM.Collect$$rtentry$$00000009  c_w.l(rtentry2.o)
    0x000001c4   0x00000004   Code   RO         1150    .ARM.Collect$$rtentry$$0000000A  c_w.l(rtentry2.o)
    0x000001c8   0x00000000   Code   RO         1152    .ARM.Collect$$rtentry$$0000000C  c_w.l(rtentry2.o)
    0x000001c8   0x00000008   Code   RO         1153    .ARM.Collect$$rtentry$$0000000D  c_w.l(rtentry2.o)
    0x000001d0   0x00000002   Code   RO         1269    .ARM.Collect$$rtexit$$00000000  c_w.l(rtexit.o)
    0x000001d2   0x00000000   Code   RO         1299    .ARM.Collect$$rtexit$$00000002  c_w.l(rtexit2.o)
    0x000001d2   0x00000004   Code   RO         1300    .ARM.Collect$$rtexit$$00000003  c_w.l(rtexit2.o)
    0x000001d6   0x00000006   Code   RO         1301    .ARM.Collect$$rtexit$$00000004  c_w.l(rtexit2.o)
    0x000001dc   0x00000000   Code   RO         1172    .emb_text           c_w.l(maybetermalloc1.o)
    0x000001dc   0x00000040   Code   RO            5    .text               startup_lpc17xx.o
    0x0000021c   0x00000004   Code   RO          273    .text               lpc17xx_libcfg_default.o
    0x00000220   0x00000014   Code   RO          511    .text               protothreads.o
    0x00000234   0x00000094   Code   RO          537    .text               interrupts_handlers.o
    0x000002c8   0x00000002   Code   RO          738    .text               c_w.l(use_no_semi.o)
    0x000002ca   0x00000026   Code   RO          804    .text               c_w.l(llushr.o)
    0x000002f0   0x00000004   Code   RO          846    .text               c_w.l(putc.o)
    0x000002f4   0x00000006   Code   RO          856    .text               c_w.l(heapauxi.o)
    0x000002fa   0x00000000   Code   RO         1129    x$fpl$usenofp       fz_ws.l(usenofp.o)
    0x000002fa   0x00000002   PAD
    0x000002fc   0x00000004   Code   RO            4    .ARM.__at_0x02FC    startup_lpc17xx.o
    0x00000300   0x00000288   Code   RO           15    .text               system_lpc17xx.o
    0x00000588   0x00000100   Code   RO           58    .text               lpc17xx_pinsel.o
    0x00000688   0x000003a0   Code   RO           88    .text               lpc17xx_spi.o
    0x00000a28   0x00000e54   Code   RO          163    .text               lpc17xx_uart.o
    0x0000187c   0x0000033c   Code   RO          209    .text               lpc17xx_adc.o
    0x00001bb8   0x00000140   Code   RO          232    .text               lpc17xx_clkpwr.o
    0x00001cf8   0x0000040c   Code   RO          252    .text               lpc17xx_gpio.o
    0x00002104   0x0000084c   Code   RO          310    .text               lpc17xx_i2s.o
    0x00002950   0x000005b0   Code   RO          333    .text               flash_save_read.o
    0x00002f00   0x00000714   Code   RO          400    .text               main.o
    0x00003614   0x000005e8   Code   RO          451    .text               init.o
    0x00003bfc   0x000031c4   Code   RO          485    .text               system.o
    0x00006dc0   0x000001b4   Code   RO          569    .text               ad9833.o
    0x00006f74   0x000006c8   Code   RO          626    .text               serial.o
    0x0000763c   0x000000c0   Code   RO          661    .text               retarget.o
    0x000076fc   0x0000009c   Code   RO          691    .text               sw_fifo.o
    0x00007798   0x00000074   Code   RO          718    .text               getline.o
    0x0000780c   0x0000005e   Code   RO          744    .text               c_w.l(h1_alloc.o)
    0x0000786a   0x0000004e   Code   RO          746    .text               c_w.l(h1_free.o)
    0x000078b8   0x000000ee   Code   RO          802    .text               c_w.l(lludivv7m.o)
    0x000079a6   0x00000002   PAD
    0x000079a8   0x00000018   Code   RO          808    .text               c_w.l(noretval__2printf.o)
    0x000079c0   0x0000004e   Code   RO          812    .text               c_w.l(_printf_pad.o)
    0x00007a0e   0x00000002   PAD
    0x00007a10   0x00000074   Code   RO          814    .text               c_w.l(_printf_dec.o)
    0x00007a84   0x0000010e   Code   RO          824    .text               c_w.l(__printf_wp.o)
    0x00007b92   0x00000002   PAD
    0x00007b94   0x0000003c   Code   RO          840    .text               c_w.l(__0sscanf.o)
    0x00007bd0   0x0000014c   Code   RO          842    .text               c_w.l(_scanf_int.o)
    0x00007d1c   0x0000001a   Code   RO          844    .text               c_w.l(atoi.o)
    0x00007d36   0x00000264   Code   RO          848    .text               c_w.l(qsortnoex.o)
    0x00007f9a   0x00000096   Code   RO          850    .text               c_w.l(strncmp.o)
    0x00008030   0x00000044   Code   RO          852    .text               c_w.l(rt_memclr.o)
    0x00008074   0x00000080   Code   RO          854    .text               c_w.l(strcmpv7m.o)
    0x000080f4   0x00000008   Code   RO         1014    .text               c_w.l(rt_heap_descriptor_intlibspace.o)
    0x000080fc   0x00000008   Code   RO         1019    .text               c_w.l(rt_errno_addr_intlibspace.o)
    0x00008104   0x00000004   Code   RO         1021    .text               c_w.l(hguard.o)
    0x00008108   0x0000008a   Code   RO         1023    .text               c_w.l(init_alloc.o)
    0x00008192   0x0000000e   Code   RO         1027    .text               c_w.l(h1_init.o)
    0x000081a0   0x00000016   Code   RO         1041    .text               c_w.l(_rserrno.o)
    0x000081b6   0x000000b2   Code   RO         1043    .text               c_w.l(_printf_intcommon.o)
    0x00008268   0x00000416   Code   RO         1045    .text               c_w.l(_printf_fp_dec.o)
    0x0000867e   0x00000002   PAD
    0x00008680   0x00000024   Code   RO         1047    .text               c_w.l(_printf_char_file.o)
    0x000086a4   0x0000001c   Code   RO         1050    .text               c_w.l(_chval.o)
    0x000086c0   0x0000002c   Code   RO         1052    .text               c_w.l(scanf_char.o)
    0x000086ec   0x00000040   Code   RO         1054    .text               c_w.l(_sgetc.o)
    0x0000872c   0x00000070   Code   RO         1056    .text               c_w.l(strtol.o)
    0x0000879c   0x0000004e   Code   RO         1060    .text               c_w.l(rt_memclr_w.o)
    0x000087ea   0x00000002   PAD
    0x000087ec   0x00000008   Code   RO         1143    .text               c_w.l(libspace.o)
    0x000087f4   0x00000010   Code   RO         1161    .text               c_w.l(rt_ctype_table.o)
    0x00008804   0x00000008   Code   RO         1168    .text               c_w.l(rt_locale_intlibspace.o)
    0x0000880c   0x00000034   Code   RO         1174    .text               c_w.l(h1_extend.o)
    0x00008840   0x0000008a   Code   RO         1178    .text               c_w.l(lludiv10.o)
    0x000088ca   0x00000012   Code   RO         1180    .text               c_w.l(isspace.o)
    0x000088dc   0x00000030   Code   RO         1182    .text               c_w.l(_printf_char_common.o)
    0x0000890c   0x00000080   Code   RO         1184    .text               c_w.l(_printf_fp_infnan.o)
    0x0000898c   0x0000036c   Code   RO         1186    .text               c_w.l(_scanf.o)
    0x00008cf8   0x0000009e   Code   RO         1188    .text               c_w.l(_strtoul.o)
    0x00008d96   0x00000002   PAD
    0x00008d98   0x000000d8   Code   RO         1190    .text               c_w.l(bigflt0.o)
    0x00008e70   0x0000000e   Code   RO         1218    .text               c_w.l(defsig_rtmem_outer.o)
    0x00008e7e   0x0000004a   Code   RO         1236    .text               c_w.l(sys_stackheap_outer.o)
    0x00008ec8   0x0000000c   Code   RO         1247    .text               c_w.l(exit.o)
    0x00008ed4   0x0000000a   Code   RO         1249    .text               c_w.l(defsig_exit.o)
    0x00008ede   0x00000002   PAD
    0x00008ee0   0x00000050   Code   RO         1255    .text               c_w.l(defsig_rtmem_inner.o)
    0x00008f30   0x00000032   Code   RO         1277    .text               c_w.l(defsig_general.o)
    0x00008f62   0x0000003e   Code   RO         1193    CL$$btod_d2e        c_w.l(btod.o)
    0x00008fa0   0x00000046   Code   RO         1195    CL$$btod_d2e_denorm_low  c_w.l(btod.o)
    0x00008fe6   0x00000060   Code   RO         1194    CL$$btod_d2e_norm_op1  c_w.l(btod.o)
    0x00009046   0x00000338   Code   RO         1203    CL$$btod_div_common  c_w.l(btod.o)
    0x0000937e   0x000000c6   Code   RO         1200    CL$$btod_e2e        c_w.l(btod.o)
    0x00009444   0x00000028   Code   RO         1197    CL$$btod_ediv       c_w.l(btod.o)
    0x0000946c   0x00000028   Code   RO         1196    CL$$btod_emul       c_w.l(btod.o)
    0x00009494   0x00000244   Code   RO         1202    CL$$btod_mult_common  c_w.l(btod.o)
    0x000096d8   0x00000028   Code   RO         1132    i.__ARM_fpclassify  m_ws.l(fpclassify.o)
    0x00009700   0x00000026   Code   RO         1134    i.__ARM_fpclassifyf  m_ws.l(fpclassifyf.o)
    0x00009726   0x000000aa   Code   RO         1138    i.__kernel_poly     m_ws.l(poly.o)
    0x000097d0   0x00000010   Code   RO         1130    i.__mathlib_dbl_underflow  m_ws.l(dunder.o)
    0x000097e0   0x0000000a   Code   RO         1136    i.__mathlib_flt_underflow  m_ws.l(funder.o)
    0x000097ea   0x0000000e   Code   RO          826    i._is_digit         c_w.l(__printf_wp.o)
    0x000097f8   0x00000224   Code   RO          933    i.atan              m_ws.l(atan.o)
    0x00009a1c   0x00000180   Code   RO          943    i.atanf             m_ws.l(atanf.o)
    0x00009b9c   0x000001d4   Code   RO          951    i.hypotf            m_ws.l(hypotf.o)
    0x00009d70   0x000001c0   Code   RO          959    i.log10f            m_ws.l(log10f.o)
    0x00009f30   0x000009e0   Code   RO          969    i.pow               m_ws.l(pow.o)
    0x0000a910   0x0000061c   Code   RO          979    i.powf              m_ws.l(powf.o)
    0x0000af2c   0x0000004c   Code   RO          989    i.sqrt              m_ws.l(sqrt.o)
    0x0000af78   0x0000002c   Code   RO          997    i.sqrtf             m_ws.l(sqrtf.o)
    0x0000afa4   0x0000002c   Code   RO         1216    locale$$code        c_w.l(lc_numeric_c.o)
    0x0000afd0   0x0000002c   Code   RO         1245    locale$$code        c_w.l(lc_ctype_c.o)
    0x0000affc   0x00000062   Code   RO          860    x$fpl$d2f           fz_ws.l(d2f.o)
    0x0000b05e   0x00000002   PAD
    0x0000b060   0x00000150   Code   RO          862    x$fpl$dadd          fz_ws.l(daddsub_clz.o)
    0x0000b1b0   0x00000010   Code   RO         1227    x$fpl$dcheck1       fz_ws.l(dcheck1.o)
    0x0000b1c0   0x00000018   Code   RO         1229    x$fpl$dcmpinf       fz_ws.l(dcmpi.o)
    0x0000b1d8   0x000002b0   Code   RO          869    x$fpl$ddiv          fz_ws.l(ddiv.o)
    0x0000b488   0x0000005a   Code   RO          872    x$fpl$dfixu         fz_ws.l(dfixu.o)
    0x0000b4e2   0x0000002e   Code   RO          881    x$fpl$dflt          fz_ws.l(dflt_clz.o)
    0x0000b510   0x00000026   Code   RO          880    x$fpl$dfltu         fz_ws.l(dflt_clz.o)
    0x0000b536   0x00000002   PAD
    0x0000b538   0x00000078   Code   RO         1107    x$fpl$dleqf         fz_ws.l(dleqf.o)
    0x0000b5b0   0x00000154   Code   RO          886    x$fpl$dmul          fz_ws.l(dmul.o)
    0x0000b704   0x0000009c   Code   RO         1109    x$fpl$dnaninf       fz_ws.l(dnaninf.o)
    0x0000b7a0   0x0000000c   Code   RO         1111    x$fpl$dretinf       fz_ws.l(dretinf.o)
    0x0000b7ac   0x0000006c   Code   RO          888    x$fpl$drleqf        fz_ws.l(drleqf.o)
    0x0000b818   0x00000016   Code   RO          863    x$fpl$drsb          fz_ws.l(daddsub_clz.o)
    0x0000b82e   0x00000002   PAD
    0x0000b830   0x000001cc   Code   RO         1113    x$fpl$dsqrt         fz_ws.l(dsqrt_noumaal.o)
    0x0000b9fc   0x000001d4   Code   RO          864    x$fpl$dsub          fz_ws.l(daddsub_clz.o)
    0x0000bbd0   0x00000056   Code   RO          890    x$fpl$f2d           fz_ws.l(f2d.o)
    0x0000bc26   0x00000002   PAD
    0x0000bc28   0x000000c4   Code   RO          892    x$fpl$fadd          fz_ws.l(faddsub_clz.o)
    0x0000bcec   0x0000000c   Code   RO         1231    x$fpl$fcheck1       fz_ws.l(fcheck1.o)
    0x0000bcf8   0x00000018   Code   RO         1115    x$fpl$fcmpinf       fz_ws.l(fcmpi.o)
    0x0000bd10   0x00000184   Code   RO          899    x$fpl$fdiv          fz_ws.l(fdiv.o)
    0x0000be94   0x00000068   Code   RO          902    x$fpl$feqf          fz_ws.l(feqf.o)
    0x0000befc   0x00000036   Code   RO          904    x$fpl$ffix          fz_ws.l(ffix.o)
    0x0000bf32   0x00000002   PAD
    0x0000bf34   0x00000052   Code   RO          905    x$fpl$ffixr         fz_ws.l(ffix.o)
    0x0000bf86   0x00000002   PAD
    0x0000bf88   0x0000003e   Code   RO          908    x$fpl$ffixu         fz_ws.l(ffixu.o)
    0x0000bfc6   0x00000002   PAD
    0x0000bfc8   0x00000030   Code   RO          917    x$fpl$fflt          fz_ws.l(fflt_clz.o)
    0x0000bff8   0x00000060   Code   RO          922    x$fpl$ffltll        fz_ws.l(ffltll_clz.o)
    0x0000c058   0x00000026   Code   RO          916    x$fpl$ffltu         fz_ws.l(fflt_clz.o)
    0x0000c07e   0x00000002   PAD
    0x0000c080   0x00000068   Code   RO          924    x$fpl$fleqf         fz_ws.l(fleqf.o)
    0x0000c0e8   0x00000102   Code   RO          926    x$fpl$fmul          fz_ws.l(fmul.o)
    0x0000c1ea   0x0000008c   Code   RO         1117    x$fpl$fnaninf       fz_ws.l(fnaninf.o)
    0x0000c276   0x0000000a   Code   RO         1119    x$fpl$fretinf       fz_ws.l(fretinf.o)
    0x0000c280   0x00000062   Code   RO          928    x$fpl$frleqf        fz_ws.l(frleqf.o)
    0x0000c2e2   0x00000014   Code   RO          893    x$fpl$frsb          fz_ws.l(faddsub_clz.o)
    0x0000c2f6   0x00000002   PAD
    0x0000c2f8   0x00000110   Code   RO         1121    x$fpl$fsqrt         fz_ws.l(fsqrt.o)
    0x0000c408   0x000000ea   Code   RO          894    x$fpl$fsub          fz_ws.l(faddsub_clz.o)
    0x0000c4f2   0x00000002   PAD
    0x0000c4f4   0x00000078   Code   RO          876    x$fpl$llufromd      fz_ws.l(dfixull.o)
    0x0000c56c   0x0000005c   Code   RO          912    x$fpl$llufromf      fz_ws.l(ffixull.o)
    0x0000c5c8   0x00000004   Code   RO          930    x$fpl$printf1       fz_ws.l(printf1.o)
    0x0000c5cc   0x00000064   Code   RO         1267    x$fpl$retnan        fz_ws.l(retnan.o)
    0x0000c630   0x0000005c   Code   RO         1125    x$fpl$scalbn        fz_ws.l(scalbn.o)
    0x0000c68c   0x0000004c   Code   RO         1127    x$fpl$scalbnf       fz_ws.l(scalbnf.o)
    0x0000c6d8   0x00000030   Code   RO         1296    x$fpl$trapveneer    fz_ws.l(trapv.o)
    0x0000c708   0x00000098   Data   RO          934    .constdata          m_ws.l(atan.o)
    0x0000c7a0   0x00000040   Data   RO          960    .constdata          m_ws.l(log10f.o)
    0x0000c7e0   0x00000088   Data   RO          970    .constdata          m_ws.l(pow.o)
    0x0000c868   0x00000140   Data   RO          980    .constdata          m_ws.l(powf.o)
    0x0000c9a8   0x00000008   Data   RO         1140    .constdata          m_ws.l(qnan.o)
    0x0000c9b0   0x00000094   Data   RO         1191    .constdata          c_w.l(bigflt0.o)
    0x0000ca44   0x00000300   Data   RO          487    .conststring        system.o
    0x0000cd44   0x00000040   Data   RO         1324    Region$$Table       anon$$obj.o
    0x0000cd84   0x0000001c   Data   RO         1215    locale$$data        c_w.l(lc_numeric_c.o)
    0x0000cda0   0x00000110   Data   RO         1244    locale$$data        c_w.l(lc_ctype_c.o)


    Execution Region RW_IRAM1 (Base: 0x10000500, Size: 0x00007190, Max: 0x00007cfc, ABSOLUTE)

    Base Addr    Size         Type   Attr      Idx    E Section Name        Object

    0x10000500   0x00000024   Data   RW          336    .data               flash_save_read.o
    0x10000524   0x000000a7   Data   RW          488    .data               system.o
    0x100005cb   0x00000001   PAD
    0x100005cc   0x00000004   Data   RW          512    .data               protothreads.o
    0x100005d0   0x00000026   Data   RW          628    .data               serial.o
    0x100005f6   0x00000002   PAD
    0x100005f8   0x00000010   Data   RW          662    .data               retarget.o
    0x10000608   0x0000000c   Zero   RW          486    .bss                system.o
    0x10000614   0x00000018   Zero   RW          570    .bss                ad9833.o
    0x1000062c   0x00000060   Zero   RW         1144    .bss                c_w.l(libspace.o)
    0x1000068c   0x00000004   PAD
    0x10000690   0x00007000   Zero   RW            2    HEAP                startup_lpc17xx.o


    Execution Region RW_IRAM2 (Base: 0x2007c000, Size: 0x00007498, Max: 0x00008000, ABSOLUTE)

    Base Addr    Size         Type   Attr      Idx    E Section Name        Object

    0x2007c000   0x00000004   Data   RW           16    .data               system_lpc17xx.o
    0x2007c004   0x00000004   PAD
    0x2007c008   0x0000003e   Data   RW          402    .data               main.o
    0x2007c046   0x00000011   Data   RW          452    .data               init.o
    0x2007c057   0x00000001   PAD
    0x2007c058   0x00000004   Data   RW          539    .data               interrupts_handlers.o
    0x2007c05c   0x00000008   Data   RW          693    .data               sw_fifo.o
    0x2007c064   0x00000020   Zero   RW          538    .bss                interrupts_handlers.o
    0x2007c084   0x0000000f   Zero   RW          627    .bss                serial.o
    0x2007c093   0x00000400   Zero   RW          692    .bss                sw_fifo.o
    0x2007c493   0x00000005   PAD
    0x2007c498   0x00007000   Zero   RW            1    STACK               startup_lpc17xx.o



  Load Region LR$$.ARM.__AT_0x10000100 (Base: 0x10000100, Size: 0x00000000, Max: 0x00000200, ABSOLUTE)

    Execution Region ER$$.ARM.__AT_0x10000100 (Base: 0x10000100, Size: 0x00000200, Max: 0x00000200, ABSOLUTE, UNINIT)

    Base Addr    Size         Type   Attr      Idx    E Section Name        Object

    0x10000100   0x00000200   Zero   RW          334    .ARM.__AT_0x10000100  flash_save_read.o



  Load Region LR$$.ARM.__AT_0x10000300 (Base: 0x10000300, Size: 0x00000000, Max: 0x00000200, ABSOLUTE)

    Execution Region ER$$.ARM.__AT_0x10000300 (Base: 0x10000300, Size: 0x00000200, Max: 0x00000200, ABSOLUTE, UNINIT)

    Base Addr    Size         Type   Attr      Idx    E Section Name        Object

    0x10000300   0x00000200   Zero   RW          335    .ARM.__AT_0x10000300  flash_save_read.o


==============================================================================

Image component sizes


      Code (inc. data)   RO Data    RW Data    ZI Data      Debug   Object Name

       436         22          0          0         24       1844   ad9833.o
      1456        118          0         36       1024       6344   flash_save_read.o
       116          8          0          0          0        590   getline.o
      1512         40          0         17          0      25869   init.o
       148         26          0          4         32      25213   interrupts_handlers.o
       828         40          0          0          0       6920   lpc17xx_adc.o
       320         22          0          0          0       1763   lpc17xx_clkpwr.o
      1036         28          0          0          0       9527   lpc17xx_gpio.o
      2124         46          0          0          0      11489   lpc17xx_i2s.o
         4          0          0          0          0        763   lpc17xx_libcfg_default.o
       256          4          0          0          0       5077   lpc17xx_pinsel.o
       928         40          0          0          0       7755   lpc17xx_spi.o
      3668         98          0          0          0      19217   lpc17xx_uart.o
      1812        370          0         62          0      20986   main.o
        20          8          0          4          0        662   protothreads.o
       192          8          0         16          0       3207   retarget.o
      1736        682          0         38         15      27242   serial.o
        68         30        204          0      57344        984   startup_lpc17xx.o
       156         12          0          8       1024       1366   sw_fifo.o
     12740       1864        768        167         12      15452   system.o
       648         28          0          4          0      22409   system_lpc17xx.o

    ----------------------------------------------------------------------
     30204       3494       1036        364      59480     214679   Object Totals
         0          0         64          0          0          0   (incl. Generated)
         0          0          0          8          5          0   (incl. Padding)

    ----------------------------------------------------------------------

      Code (inc. data)   RO Data    RW Data    ZI Data      Debug   Library Member Name

        60          8          0          0          0         84   __0sscanf.o
        58          0          0          0          0          0   __dczerorl.o
         8          0          0          0          0         68   __main.o
       284          0          0          0          0        156   __printf_wp.o
        52          8          0          0          0          0   __scatter.o
        26          0          0          0          0          0   __scatter_copy.o
        28          0          0          0          0          0   __scatter_zi.o
        28          0          0          0          0         68   _chval.o
        48          6          0          0          0         96   _printf_char_common.o
        36          4          0          0          0         80   _printf_char_file.o
         6          0          0          0          0          0   _printf_d.o
       116         16          0          0          0         92   _printf_dec.o
         6          0          0          0          0          0   _printf_f.o
      1046          0          0          0          0        216   _printf_fp_dec.o
       128         16          0          0          0         84   _printf_fp_infnan.o
       178          0          0          0          0         88   _printf_intcommon.o
        78          0          0          0          0        108   _printf_pad.o
         0          0          0          0          0          0   _printf_percent.o
         4          0          0          0          0          0   _printf_percent_end.o
         6          0          0          0          0          0   _printf_u.o
        22          0          0          0          0        100   _rserrno.o
       876          4          0          0          0        100   _scanf.o
       332          0          0          0          0         96   _scanf_int.o
        64          0          0          0          0         84   _sgetc.o
       158          0          0          0          0         92   _strtoul.o
        26          0          0          0          0         80   atoi.o
       216          4        148          0          0         96   bigflt0.o
      1910        128          0          0          0        672   btod.o
        10          0          0          0          0         68   defsig_exit.o
        50          0          0          0          0         88   defsig_general.o
        80         58          0          0          0         76   defsig_rtmem_inner.o
        14          0          0          0          0         80   defsig_rtmem_outer.o
        12          0          0          0          0         72   exit.o
        94          0          0          0          0         80   h1_alloc.o
        52          0          0          0          0         68   h1_extend.o
        78          0          0          0          0         80   h1_free.o
        14          0          0          0          0         84   h1_init.o
         6          0          0          0          0        152   heapauxi.o
         4          0          0          0          0        136   hguard.o
       138          0          0          0          0        168   init_alloc.o
        18          0          0          0          0         76   isspace.o
        44         10        272          0          0         76   lc_ctype_c.o
        44         10         28          0          0         76   lc_numeric_c.o
         2          0          0          0          0          0   libinit.o
        38          0          0          0          0          0   libinit2.o
         2          0          0          0          0          0   libshutdown.o
         2          0          0          0          0          0   libshutdown2.o
         8          4          0          0         96         68   libspace.o
       138          0          0          0          0         80   lludiv10.o
       238          0          0          0          0        100   lludivv7m.o
        38          0          0          0          0         68   llushr.o
         0          0          0          0          0          0   maybetermalloc1.o
        24          4          0          0          0         84   noretval__2printf.o
         4          0          0          0          0         68   putc.o
       612          0          0          0          0        136   qsortnoex.o
        16          4          0          0          0         76   rt_ctype_table.o
         8          4          0          0          0         68   rt_errno_addr_intlibspace.o
         8          4          0          0          0         68   rt_heap_descriptor_intlibspace.o
         8          4          0          0          0         68   rt_locale_intlibspace.o
        68          0          0          0          0         68   rt_memclr.o
        78          0          0          0          0         80   rt_memclr_w.o
         0          0          0          0          0          0   rtentry.o
        12          0          0          0          0          0   rtentry2.o
         6          0          0          0          0          0   rtentry4.o
         2          0          0          0          0          0   rtexit.o
        10          0          0          0          0          0   rtexit2.o
        44          8          0          0          0         84   scanf_char.o
       128          0          0          0          0         68   strcmpv7m.o
       150          0          0          0          0         80   strncmp.o
       112          0          0          0          0         88   strtol.o
        74          0          0          0          0         80   sys_stackheap_outer.o
         2          0          0          0          0         68   use_no_semi.o
        98          4          0          0          0         92   d2f.o
       826         16          0          0          0        348   daddsub_clz.o
        16          4          0          0          0         68   dcheck1.o
        24          0          0          0          0         68   dcmpi.o
       688        140          0          0          0        208   ddiv.o
        90          4          0          0          0         92   dfixu.o
       120          4          0          0          0        104   dfixull.o
        84          0          0          0          0        136   dflt_clz.o
       120          4          0          0          0         92   dleqf.o
       340         12          0          0          0        104   dmul.o
       156          4          0          0          0         92   dnaninf.o
        12          0          0          0          0         68   dretinf.o
       108          0          0          0          0         80   drleqf.o
       460         56          0          0          0        120   dsqrt_noumaal.o
        86          4          0          0          0         84   f2d.o
       450          8          0          0          0        236   faddsub_clz.o
        12          4          0          0          0         68   fcheck1.o
        24          0          0          0          0         68   fcmpi.o
       388         76          0          0          0         96   fdiv.o
       104          4          0          0          0         84   feqf.o
       136          8          0          0          0        168   ffix.o
        62          4          0          0          0         84   ffixu.o
        92          4          0          0          0         84   ffixull.o
        86          0          0          0          0        136   fflt_clz.o
        96          0          0          0          0         84   ffltll_clz.o
       104          4          0          0          0         84   fleqf.o
       258          4          0          0          0         84   fmul.o
       140          4          0          0          0         84   fnaninf.o
        10          0          0          0          0         68   fretinf.o
        98          0          0          0          0         68   frleqf.o
       272        100          0          0          0         88   fsqrt.o
         4          0          0          0          0         68   printf1.o
       100          0          0          0          0         68   retnan.o
        92          0          0          0          0         68   scalbn.o
        76          0          0          0          0         68   scalbnf.o
        48          0          0          0          0         68   trapv.o
         0          0          0          0          0          0   usenofp.o
       548         70        152          0          0        124   atan.o
       384         58          0          0          0        108   atanf.o
        16          6          0          0          0         68   dunder.o
        40          0          0          0          0         68   fpclassify.o
        38          0          0          0          0         68   fpclassifyf.o
        10          0          0          0          0         68   funder.o
       468          6          0          0          0        116   hypotf.o
       448         58         64          0          0        144   log10f.o
       170          0          0          0          0         96   poly.o
      2528        190        136          0          0        332   pow.o
      1564         82        320          0          0        240   powf.o
         0          0          8          0          0          0   qnan.o
        76          0          0          0          0         84   sqrt.o
        44          0          0          0          0         80   sqrtf.o

    ----------------------------------------------------------------------
     20544       1246       1128          0        100      10616   Library Totals
        40          0          0          0          4          0   (incl. Padding)

    ----------------------------------------------------------------------

      Code (inc. data)   RO Data    RW Data    ZI Data      Debug   Library Name

      8290        304        448          0         96       5340   c_w.l
      5880        472          0          0          0       3680   fz_ws.l
      6334        470        680          0          0       1596   m_ws.l

    ----------------------------------------------------------------------
     20544       1246       1128          0        100      10616   Library Totals

    ----------------------------------------------------------------------

==============================================================================


      Code (inc. data)   RO Data    RW Data    ZI Data      Debug   

     50748       4740       2164        364      59580     217767   Grand Totals
     50748       4740       2164        364      59580     217767   ELF Image Totals
     50748       4740       2164        364          0          0   ROM Totals

==============================================================================

    Total RO  Size (Code + RO Data)                52912 (  51.67kB)
    Total RW  Size (RW Data + ZI Data)             59944 (  58.54kB)
    Total ROM Size (Code + RO Data + RW Data)      53276 (  52.03kB)

==============================================================================

