<html>
<body>
<pre>
<h1>µVision Build Log</h1>
<h2>Tool Versions:</h2>
IDE-Version: µVision V5.14.0.0
Copyright (C) 2015 ARM Ltd and ARM Germany GmbH. All rights reserved.
License Information: kt368 kt368, kt368, LIC=IC9VE-5TF12-9Y8VW-QSUG8-H3ETI-YZM5Y
 
Tool Versions:
Toolchain:       MDK-ARM Professional  Version: 5.14.0.0
Toolchain Path:  C:\Keil_v5\ARM\ARMCC\Bin
C Compiler:      Armcc.exe V5.05 update 1 (build 106)
Assembler:       Armasm.exe V5.05 update 1 (build 106)
Linker/Locator:  ArmLink.exe V5.05 update 1 (build 106)
Library Manager: ArmAr.exe V5.05 update 1 (build 106)
Hex Converter:   FromElf.exe V5.05 update 1 (build 106)
CPU DLL:         SARMCM3.DLL V5.14.0.0
Dialog DLL:      DARMP1.DLL V1.25.0.0
Target DLL:      Segger\JL2CM3.dll V2.99.13.0
Dialog DLL:      TARMP1.DLL V1.24.0.0
 
<h2>Project:</h2>
D:\Documents\Dropbox\Impedancometr\AD8302.uvprojx
Project File Date:  06/01/2015

<h2>Output:</h2>
Rebuild target 'LPC1758'
assembling startup_LPC17xx.s...
compiling system_LPC17xx.c...
compiling lpc17xx_pinsel.c...
compiling lpc17xx_spi.c...
compiling lpc17xx_uart.c...
compiling lpc17xx_gpio.c...
compiling AD7793.c...
compiling Communication.c...
compiling lpc17xx_libcfg_default.c...
compiling lpc17xx_clkpwr.c...
compiling main.c...
compiling Init.c...
compiling System.c...
compiling Serial.c...
compiling SW_FIFO.c...
compiling Getline.c...
linking...
Program Size: Code=14614 RO-data=282 RW-data=56 ZI-data=57840  
".\AD8302.axf" - 0 Error(s), 0 Warning(s).

<h2>Software Packages used:</h2>

Package Vendor: ARM
                http://www.keil.com/pack/ARM.CMSIS.4.2.0.pack
                ARM::CMSIS:CORE:3.40.0
                CMSIS (Cortex Microcontroller Software Interface Standard)
   * Component: CORE Version: 3.40.0

<h2>Collection of Component include folders:</h2>
  D:\Documents\Dropbox\Impedancometr\RTE
  C:\Keil_v5\ARM\PACK\ARM\CMSIS\4.2.0\CMSIS\Include
  C:\Keil_v5\ARM\PACK\Keil\LPC1700_DFP\2.0.0\Device\Include

<h2>Collection of Component Files used:</h2>

   * Component: ARM::CMSIS:CORE:3.40.0
      Source file:   CMSIS\UserCodeTemplates\ARM\ITM_Retarget.c
</pre>
</body>
</html>
