Component: ARM Compiler 5.05 update 1 (build 106) Tool: armlink [4d0efa]

==============================================================================

Section Cross References

    startup_lpc17xx.o(STACK) refers (Special) to heapauxi.o(.text) for __use_two_region_memory
    startup_lpc17xx.o(HEAP) refers (Special) to heapauxi.o(.text) for __use_two_region_memory
    startup_lpc17xx.o(RESET) refers (Special) to heapauxi.o(.text) for __use_two_region_memory
    startup_lpc17xx.o(RESET) refers to startup_lpc17xx.o(STACK) for __initial_sp
    startup_lpc17xx.o(RESET) refers to startup_lpc17xx.o(.text) for Reset_Handler
    startup_lpc17xx.o(RESET) refers to serial.o(.text) for UART0_IRQHandler
    startup_lpc17xx.o(.ARM.__at_0x02FC) refers (Special) to heapauxi.o(.text) for __use_two_region_memory
    startup_lpc17xx.o(.text) refers (Special) to heapauxi.o(.text) for __use_two_region_memory
    startup_lpc17xx.o(.text) refers to system_lpc17xx.o(.text) for SystemInit
    startup_lpc17xx.o(.text) refers to __main.o(!!!main) for __main
    startup_lpc17xx.o(.text) refers to startup_lpc17xx.o(HEAP) for Heap_Mem
    startup_lpc17xx.o(.text) refers to startup_lpc17xx.o(STACK) for Stack_Mem
    system_lpc17xx.o(.text) refers to lludivv7m.o(.text) for __aeabi_uldivmod
    system_lpc17xx.o(.text) refers to system_lpc17xx.o(.data) for SystemCoreClock
    lpc17xx_spi.o(.text) refers to lpc17xx_libcfg_default.o(.text) for check_failed
    lpc17xx_spi.o(.text) refers to lpc17xx_clkpwr.o(.text) for CLKPWR_GetPCLK
    lpc17xx_uart.o(.text) refers to lpc17xx_clkpwr.o(.text) for CLKPWR_GetPCLK
    lpc17xx_uart.o(.text) refers to lludivv7m.o(.text) for __aeabi_uldivmod
    lpc17xx_uart.o(.text) refers to lpc17xx_libcfg_default.o(.text) for check_failed
    ad7793.o(.text) refers to communication.o(.text) for SPI_Read
    ad7793.o(.text) refers to lpc17xx_gpio.o(.text) for GPIO_ClearValue
    ad7793.o(.text) refers to lpc17xx_spi.o(.text) for SpiInitForAD7793
    communication.o(.text) refers to lpc17xx_spi.o(.text) for SpiInitForAD7793
    communication.o(.text) refers to lpc17xx_gpio.o(.text) for GPIO_ClearValue
    lpc17xx_clkpwr.o(.text) refers to system_lpc17xx.o(.data) for SystemCoreClock
    main.o(.text) refers to _printf_percent.o(.ARM.Collect$$_printf_percent$$00000000) for _printf_percent
    main.o(.text) refers to _printf_u.o(.ARM.Collect$$_printf_percent$$0000000A) for _printf_u
    main.o(.text) refers to _printf_dec.o(.text) for _printf_int_dec
    main.o(.text) refers to init.o(.text) for Init
    main.o(.text) refers to noretval__2printf.o(.text) for __2printf
    main.o(.text) refers to system.o(.text) for blink
    main.o(.text) refers to getline.o(.text) for getline
    main.o(.text) refers to ad7793.o(.text) for AD7793_SetChannel
    main.o(.text) refers to main.o(.data) for test_flag
    init.o(.text) refers to ad7793.o(.text) for AD7793_Init
    init.o(.text) refers to noretval__2printf.o(.text) for __2printf
    init.o(.text) refers to lpc17xx_pinsel.o(.text) for PINSEL_ConfigPin
    init.o(.text) refers to lpc17xx_gpio.o(.text) for GPIO_SetDir
    init.o(.text) refers to init.o(.data) for PinCfg
    init.o(.text) refers to serial.o(.text) for SER_Init
    init.o(.text) refers to system.o(.text) for test
    system.o(.text) refers to ad7793.o(.text) for AD7793_SetChannel
    system.o(.text) refers to lpc17xx_gpio.o(.text) for GPIO_SetValue
    serial.o(.text) refers to _printf_percent.o(.ARM.Collect$$_printf_percent$$00000000) for _printf_percent
    serial.o(.text) refers to _printf_u.o(.ARM.Collect$$_printf_percent$$0000000A) for _printf_u
    serial.o(.text) refers to _printf_dec.o(.text) for _printf_int_dec
    serial.o(.text) refers to lpc17xx_uart.o(.text) for UART_Init
    serial.o(.text) refers to putc.o(.text) for putc
    serial.o(.text) refers to noretval__2printf.o(.text) for __2printf
    serial.o(.text) refers to strncmp.o(.text) for strncmp
    serial.o(.text) refers to system.o(.text) for ADC_RUN
    serial.o(.text) refers to rt_memclr.o(.text) for __aeabi_memclr
    serial.o(.text) refers to sw_fifo.o(.text) for SW_UART_pop
    serial.o(.text) refers to serial.o(.data) for c
    serial.o(.text) refers to stdio_streams.o(.bss) for __stdout
    serial.o(.text) refers to serial.o(.bss) for cmdbuf
    serial.o(.text) refers to main.o(.data) for test_flag
    serial.o(.text) refers to sw_fifo.o(.data) for SW_UART_FIFO_STRUCT
    serial.o(.data) refers to serial.o(.bss) for cmdbuf
    sw_fifo.o(.text) refers to lpc17xx_uart.o(.text) for UART_IntConfig
    sw_fifo.o(.text) refers to sw_fifo.o(.data) for SW_UART_FIFO_STRUCT
    sw_fifo.o(.text) refers to sw_fifo.o(.bss) for SW_UART_FIFO_BUF
    getline.o(.text) refers to lpc17xx_uart.o(.text) for UART_ReceiveByte
    getline.o(.text) refers to putc.o(.text) for putc
    getline.o(.text) refers to stdio_streams.o(.bss) for __stdout
[...]
    libshutdown.o(.ARM.Collect$$libshutdown$$00000000) refers (Special) to libshutdown2.o(.ARM.Collect$$libshutdown$$0000000E) for __rt_lib_shutdown_heap_1
    libshutdown.o(.ARM.Collect$$libshutdown$$00000000) refers (Special) to libshutdown2.o(.ARM.Collect$$libshutdown$$0000000F) for __rt_lib_shutdown_return
    libshutdown.o(.ARM.Collect$$libshutdown$$00000000) refers (Special) to libshutdown2.o(.ARM.Collect$$libshutdown$$00000009) for __rt_lib_shutdown_signal_1
    libshutdown.o(.ARM.Collect$$libshutdown$$00000000) refers (Special) to libshutdown2.o(.ARM.Collect$$libshutdown$$00000003) for __rt_lib_shutdown_stdio_1
    libshutdown.o(.ARM.Collect$$libshutdown$$00000000) refers (Special) to libshutdown2.o(.ARM.Collect$$libshutdown$$0000000B) for __rt_lib_shutdown_user_alloc_1


==============================================================================

Removing Unused input sections from the image.

    Removing system_lpc17xx.o(.rev16_text), (4 bytes).
    Removing system_lpc17xx.o(.revsh_text), (4 bytes).
    Removing system_lpc17xx.o(.rrx_text), (6 bytes).
    Removing lpc17xx_pinsel.o(.rev16_text), (4 bytes).
    Removing lpc17xx_pinsel.o(.revsh_text), (4 bytes).
    Removing lpc17xx_pinsel.o(.rrx_text), (6 bytes).
    Removing lpc17xx_spi.o(.rev16_text), (4 bytes).
    Removing lpc17xx_spi.o(.revsh_text), (4 bytes).
    Removing lpc17xx_spi.o(.rrx_text), (6 bytes).
    Removing lpc17xx_uart.o(.rev16_text), (4 bytes).
    Removing lpc17xx_uart.o(.revsh_text), (4 bytes).
    Removing lpc17xx_uart.o(.rrx_text), (6 bytes).
    Removing lpc17xx_gpio.o(.rev16_text), (4 bytes).
    Removing lpc17xx_gpio.o(.revsh_text), (4 bytes).
    Removing lpc17xx_gpio.o(.rrx_text), (6 bytes).
    Removing ad7793.o(.rev16_text), (4 bytes).
    Removing ad7793.o(.revsh_text), (4 bytes).
    Removing ad7793.o(.rrx_text), (6 bytes).
    Removing communication.o(.rev16_text), (4 bytes).
    Removing communication.o(.revsh_text), (4 bytes).
    Removing communication.o(.rrx_text), (6 bytes).
    Removing lpc17xx_clkpwr.o(.rev16_text), (4 bytes).
    Removing lpc17xx_clkpwr.o(.revsh_text), (4 bytes).
    Removing lpc17xx_clkpwr.o(.rrx_text), (6 bytes).
    Removing main.o(.rev16_text), (4 bytes).
    Removing main.o(.revsh_text), (4 bytes).
    Removing main.o(.rrx_text), (6 bytes).
    Removing init.o(.rev16_text), (4 bytes).
    Removing init.o(.revsh_text), (4 bytes).
    Removing init.o(.rrx_text), (6 bytes).
    Removing system.o(.rev16_text), (4 bytes).
    Removing system.o(.revsh_text), (4 bytes).
    Removing system.o(.rrx_text), (6 bytes).
    Removing serial.o(.rev16_text), (4 bytes).
    Removing serial.o(.revsh_text), (4 bytes).
    Removing serial.o(.rrx_text), (6 bytes).
    Removing sw_fifo.o(.rev16_text), (4 bytes).
    Removing sw_fifo.o(.revsh_text), (4 bytes).
    Removing sw_fifo.o(.rrx_text), (6 bytes).
    Removing getline.o(.rev16_text), (4 bytes).
    Removing getline.o(.revsh_text), (4 bytes).
    Removing getline.o(.rrx_text), (6 bytes).

42 unused section(s) (total 196 bytes) removed from the image.

==============================================================================

Image Symbol Table

    Local Symbols

    Symbol Name                              Value     Ov Type        Size  Object(Section)

    RESET                                    0x00000000   Section      204  startup_lpc17xx.o(RESET)
    ../clib/angel/boardlib.s                 0x00000000   Number         0  boardinit2.o ABSOLUTE
    ../clib/angel/boardlib.s                 0x00000000   Number         0  boardinit3.o ABSOLUTE
    ../clib/angel/boardlib.s                 0x00000000   Number         0  boardinit1.o ABSOLUTE
    ../clib/angel/boardlib.s                 0x00000000   Number         0  boardshut.o ABSOLUTE
    ../clib/angel/handlers.s                 0x00000000   Number         0  __scatter_copy.o ABSOLUTE
    ../clib/angel/handlers.s                 0x00000000   Number         0  __scatter_zi.o ABSOLUTE
    ../clib/angel/kernel.s                   0x00000000   Number         0  rtexit2.o ABSOLUTE
    ../clib/angel/kernel.s                   0x00000000   Number         0  __rtentry2.o ABSOLUTE
    ../clib/angel/kernel.s                   0x00000000   Number         0  rtexit.o ABSOLUTE
    ../clib/angel/kernel.s                   0x00000000   Number         0  __rtentry.o ABSOLUTE
    ../clib/angel/kernel.s                   0x00000000   Number         0  __rtentry4.o ABSOLUTE
    ../clib/angel/rt.s                       0x00000000   Number         0  rt_errno_addr_intlibspace.o ABSOLUTE
    ../clib/angel/rt.s                       0x00000000   Number         0  rt_errno_addr.o ABSOLUTE
    ../clib/angel/rt.s                       0x00000000   Number         0  rt_raise.o ABSOLUTE
    ../clib/angel/rt.s                       0x00000000   Number         0  aeabi_ldiv0.o ABSOLUTE
    ../clib/angel/rt.s                       0x00000000   Number         0  aeabi_ldiv0_sigfpe.o ABSOLUTE
    ../clib/angel/rt.s                       0x00000000   Number         0  rt_heap_descriptor_intlibspace.o ABSOLUTE
    ../clib/angel/rt.s                       0x00000000   Number         0  rt_div0.o ABSOLUTE
    ../clib/angel/rt.s                       0x00000000   Number         0  rt_heap_descriptor.o ABSOLUTE
    ../clib/angel/scatter.s                  0x00000000   Number         0  __scatter.o ABSOLUTE
    ../clib/angel/startup.s                  0x00000000   Number         0  __main.o ABSOLUTE
    ../clib/angel/sys.s                      0x00000000   Number         0  use_no_semi.o ABSOLUTE
    ../clib/angel/sys.s                      0x00000000   Number         0  indicate_semi.o ABSOLUTE
    ../clib/angel/sys.s                      0x00000000   Number         0  sys_stackheap_outer.o ABSOLUTE
    ../clib/angel/sys.s                      0x00000000   Number         0  libspace.o ABSOLUTE
    ../clib/angel/sys.s                      0x00000000   Number         0  mutex_dummy.o ABSOLUTE
    ../clib/angel/sysapp.c                   0x00000000   Number         0  sys_command.o ABSOLUTE
    ../clib/angel/sysapp.c                   0x00000000   Number         0  sys_exit.o ABSOLUTE
    ../clib/angel/sysapp.c                   0x00000000   Number         0  sys_wrch.o ABSOLUTE
    ../clib/angel/sysapp.c                   0x00000000   Number         0  sys_io.o ABSOLUTE
    ../clib/armsys.c                         0x00000000   Number         0  _get_argv.o ABSOLUTE
    ../clib/armsys.c                         0x00000000   Number         0  argv_veneer.o ABSOLUTE
    ../clib/armsys.c                         0x00000000   Number         0  argv_veneer.o ABSOLUTE
    ../clib/armsys.c                         0x00000000   Number         0  no_argv.o ABSOLUTE
    ../clib/armsys.c                         0x00000000   Number         0  _get_argv_nomalloc.o ABSOLUTE
    ../clib/assert.c                         0x00000000   Number         0  assert_stdio.o ABSOLUTE
    ../clib/heap1.c                          0x00000000   Number         0  h1_final_mt.o ABSOLUTE
    ../clib/heap1.c                          0x00000000   Number         0  h1_final.o ABSOLUTE
    ../clib/heap1.c                          0x00000000   Number         0  h1_free.o ABSOLUTE
    ../clib/heap1.c                          0x00000000   Number         0  h1_extend.o ABSOLUTE
    ../clib/heap1.c                          0x00000000   Number         0  h1_alloc.o ABSOLUTE
    ../clib/heap1.c                          0x00000000   Number         0  h1_free_mt.o ABSOLUTE
    ../clib/heap1.c                          0x00000000   Number         0  h1_init.o ABSOLUTE
    ../clib/heap1.c                          0x00000000   Number         0  h1_extend_mt.o ABSOLUTE
    ../clib/heap1.c                          0x00000000   Number         0  h1_alloc_mt.o ABSOLUTE
    ../clib/heap1.c                          0x00000000   Number         0  h1_init_mt.o ABSOLUTE
    ../clib/heap2.c                          0x00000000   Number         0  heap2mt.o ABSOLUTE
    ../clib/heap2.c                          0x00000000   Number         0  heap2.o ABSOLUTE
    ../clib/heap2.c                          0x00000000   Number         0  fdtree.o ABSOLUTE
    ../clib/heapalloc.c                      0x00000000   Number         0  hguard.o ABSOLUTE
    ../clib/heapalloc.c                      0x00000000   Number         0  malloc.o ABSOLUTE
    ../clib/heapalloc.c                      0x00000000   Number         0  heapstubs.o ABSOLUTE
    ../clib/heapalloc.c                      0x00000000   Number         0  free.o ABSOLUTE
    ../clib/heapalloc.c                      0x00000000   Number         0  init_alloc.o ABSOLUTE
    ../clib/heapalloc.c                      0x00000000   Number         0  maybetermalloc2.o ABSOLUTE
    ../clib/heapalloc.c                      0x00000000   Number         0  maybetermalloc2.o ABSOLUTE
    ../clib/heapalloc.c                      0x00000000   Number         0  maybetermalloc1.o ABSOLUTE
    ../clib/heapalloc.c                      0x00000000   Number         0  maybetermalloc1.o ABSOLUTE
    ../clib/heapalloc.c                      0x00000000   Number         0  hrguard.o ABSOLUTE
    ../clib/heapalloc.c                      0x00000000   Number         0  term_alloc.o ABSOLUTE
    ../clib/heapaux.c                        0x00000000   Number         0  heapauxi.o ABSOLUTE
    ../clib/heapaux.c                        0x00000000   Number         0  heapauxa.o ABSOLUTE
    ../clib/libinit.s                        0x00000000   Number         0  libshutdown.o ABSOLUTE
    ../clib/libinit.s                        0x00000000   Number         0  libinit2.o ABSOLUTE
    ../clib/libinit.s                        0x00000000   Number         0  libinit.o ABSOLUTE
    ../clib/libinit.s                        0x00000000   Number         0  libshutdown2.o ABSOLUTE
    ../clib/longlong.s                       0x00000000   Number         0  lludivv7m.o ABSOLUTE
    ../clib/memcpset.s                       0x00000000   Number         0  rt_memcpy_v6.o ABSOLUTE
    ../clib/memcpset.s                       0x00000000   Number         0  rt_memclr.o ABSOLUTE
    ../clib/memcpset.s                       0x00000000   Number         0  rt_memcpy_w.o ABSOLUTE
    ../clib/memcpset.s                       0x00000000   Number         0  rt_memclr_w.o ABSOLUTE
    ../clib/misc.s                           0x00000000   Number         0  printf_stubs.o ABSOLUTE
    ../clib/printf.c                         0x00000000   Number         0  _printf_char_common.o ABSOLUTE
    ../clib/printf.c                         0x00000000   Number         0  __printf_flags_ss_wp.o ABSOLUTE
    ../clib/printf.c                         0x00000000   Number         0  __2printf.o ABSOLUTE
    ../clib/printf.c                         0x00000000   Number         0  noretval__2printf.o ABSOLUTE
    ../clib/printf.c                         0x00000000   Number         0  __printf.o ABSOLUTE
    ../clib/printf.c                         0x00000000   Number         0  _printf_dec.o ABSOLUTE
    ../clib/printf.c                         0x00000000   Number         0  __printf_flags.o ABSOLUTE
    ../clib/printf.c                         0x00000000   Number         0  __printf_flags_ss.o ABSOLUTE
    ../clib/printf.c                         0x00000000   Number         0  __printf_wp.o ABSOLUTE
    ../clib/printf.c                         0x00000000   Number         0  __printf_flags_wp.o ABSOLUTE
    ../clib/printf.c                         0x00000000   Number         0  __printf_ss_wp.o ABSOLUTE
    ../clib/printf.c                         0x00000000   Number         0  __printf_ss.o ABSOLUTE
    ../clib/printf.c                         0x00000000   Number         0  _printf_char_file_locked.o ABSOLUTE
    ../clib/printf.c                         0x00000000   Number         0  _printf_intcommon.o ABSOLUTE
    ../clib/printf.c                         0x00000000   Number         0  __printf_nopercent.o ABSOLUTE
    ../clib/printf.c                         0x00000000   Number         0  _printf_char_file.o ABSOLUTE
    ../clib/printf_percent.s                 0x00000000   Number         0  _printf_percent.o ABSOLUTE
    ../clib/printf_percent.s                 0x00000000   Number         0  _printf_percent_end.o ABSOLUTE
    ../clib/printf_percent.s                 0x00000000   Number         0  _printf_u.o ABSOLUTE
    ../clib/signal.c                         0x00000000   Number         0  defsig_rtmem_inner.o ABSOLUTE
    ../clib/signal.c                         0x00000000   Number         0  defsig_other.o ABSOLUTE
    ../clib/signal.c                         0x00000000   Number         0  defsig_rtred_inner.o ABSOLUTE
    ../clib/signal.c                         0x00000000   Number         0  defsig_fpe_formal.o ABSOLUTE
    ../clib/signal.c                         0x00000000   Number         0  defsig_fpe_outer.o ABSOLUTE
    ../clib/signal.c                         0x00000000   Number         0  defsig_exit.o ABSOLUTE
    ../clib/signal.c                         0x00000000   Number         0  defsig_segv_inner.o ABSOLUTE
    ../clib/signal.c                         0x00000000   Number         0  defsig_cppl_inner.o ABSOLUTE
    ../clib/signal.c                         0x00000000   Number         0  defsig_abrt_inner.o ABSOLUTE
    ../clib/signal.c                         0x00000000   Number         0  defsig_pvfn_inner.o ABSOLUTE
    ../clib/signal.c                         0x00000000   Number         0  __raise.o ABSOLUTE
    ../clib/signal.c                         0x00000000   Number         0  defsig_rtmem_outer.o ABSOLUTE
    ../clib/signal.c                         0x00000000   Number         0  defsig_fpe_inner.o ABSOLUTE
    ../clib/signal.c                         0x00000000   Number         0  defsig_stak_inner.o ABSOLUTE
    ../clib/signal.c                         0x00000000   Number         0  defsig_rtmem_formal.o ABSOLUTE
    ../clib/signal.c                         0x00000000   Number         0  defsig_general.o ABSOLUTE
    ../clib/signal.c                         0x00000000   Number         0  defsig_rtred_outer.o ABSOLUTE
    ../clib/signal.c                         0x00000000   Number         0  defsig_rtred_formal.o ABSOLUTE
    ../clib/signal.s                         0x00000000   Number         0  defsig.o ABSOLUTE
    ../clib/stdio.c                          0x00000000   Number         0  stdio_streams.o ABSOLUTE
    ../clib/stdio.c                          0x00000000   Number         0  fopen_locked.o ABSOLUTE
    ../clib/stdio.c                          0x00000000   Number         0  flsbuf.o ABSOLUTE
    ../clib/stdio.c                          0x00000000   Number         0  setvbuf_locked.o ABSOLUTE
    ../clib/stdio.c                          0x00000000   Number         0  setvbuf.o ABSOLUTE
    ../clib/stdio.c                          0x00000000   Number         0  fwritefast.o ABSOLUTE
    ../clib/stdio.c                          0x00000000   Number         0  ferror_locked.o ABSOLUTE
    ../clib/stdio.c                          0x00000000   Number         0  stdio.o ABSOLUTE
    ../clib/stdio.c                          0x00000000   Number         0  streamlock.o ABSOLUTE
    ../clib/stdio.c                          0x00000000   Number         0  fseek.o ABSOLUTE
    ../clib/stdio.c                          0x00000000   Number         0  fopen.o ABSOLUTE
    ../clib/stdio.c                          0x00000000   Number         0  fclose.o ABSOLUTE
    ../clib/stdio.c                          0x00000000   Number         0  initio.o ABSOLUTE
    ../clib/stdio.c                          0x00000000   Number         0  fputc.o ABSOLUTE
    ../clib/stdio.c                          0x00000000   Number         0  fflush.o ABSOLUTE
    ../clib/stdio.c                          0x00000000   Number         0  fputc_locked.o ABSOLUTE
    ../clib/stdio.c                          0x00000000   Number         0  initio_locked.o ABSOLUTE
    ../clib/stdio.c                          0x00000000   Number         0  fputs.o ABSOLUTE
    ../clib/stdio.c                          0x00000000   Number         0  fwritefast_locked.o ABSOLUTE
    ../clib/stdio.c                          0x00000000   Number         0  fputs_locked.o ABSOLUTE
    ../clib/stdio.c                          0x00000000   Number         0  fflush_locked.o ABSOLUTE
    ../clib/stdio.c                          0x00000000   Number         0  ftell.o ABSOLUTE
    ../clib/stdio.c                          0x00000000   Number         0  putc.o ABSOLUTE
    ../clib/stdio.c                          0x00000000   Number         0  ferror.o ABSOLUTE
    ../clib/stdlib.c                         0x00000000   Number         0  exit.o ABSOLUTE
    ../clib/string.c                         0x00000000   Number         0  strncmp.o ABSOLUTE
    ../clib/string.c                         0x00000000   Number         0  strlen.o ABSOLUTE
    ../clib/wchar.c                          0x00000000   Number         0  flsbuf_fwide.o ABSOLUTE
    ../fplib/fpinit.s                        0x00000000   Number         0  fpinit.o ABSOLUTE
    dc.s                                     0x00000000   Number         0  dc.o ABSOLUTE
    source\AD7793\AD7793.c                   0x00000000   Number         0  ad7793.o ABSOLUTE
    source\AD7793\Communication.c            0x00000000   Number         0  communication.o ABSOLUTE
    source\Getline.c                         0x00000000   Number         0  getline.o ABSOLUTE
    source\Init.c                            0x00000000   Number         0  init.o ABSOLUTE
    source\SW_FIFO.c                         0x00000000   Number         0  sw_fifo.o ABSOLUTE
    source\Serial.c                          0x00000000   Number         0  serial.o ABSOLUTE
    source\System.c                          0x00000000   Number         0  system.o ABSOLUTE
    source\\AD7793\\AD7793.c                 0x00000000   Number         0  ad7793.o ABSOLUTE
    source\\AD7793\\Communication.c          0x00000000   Number         0  communication.o ABSOLUTE
    source\\Getline.c                        0x00000000   Number         0  getline.o ABSOLUTE
    source\\Init.c                           0x00000000   Number         0  init.o ABSOLUTE
    source\\SW_FIFO.c                        0x00000000   Number         0  sw_fifo.o ABSOLUTE
    source\\Serial.c                         0x00000000   Number         0  serial.o ABSOLUTE
    source\\System.c                         0x00000000   Number         0  system.o ABSOLUTE
    source\\drivers\\lpc17xx_clkpwr.c        0x00000000   Number         0  lpc17xx_clkpwr.o ABSOLUTE
    source\\drivers\\lpc17xx_gpio.c          0x00000000   Number         0  lpc17xx_gpio.o ABSOLUTE
    source\\drivers\\lpc17xx_pinsel.c        0x00000000   Number         0  lpc17xx_pinsel.o ABSOLUTE
    source\\drivers\\lpc17xx_spi.c           0x00000000   Number         0  lpc17xx_spi.o ABSOLUTE
    source\\drivers\\lpc17xx_uart.c          0x00000000   Number         0  lpc17xx_uart.o ABSOLUTE
    source\\main.c                           0x00000000   Number         0  main.o ABSOLUTE
    source\\system_LPC17xx.c                 0x00000000   Number         0  system_lpc17xx.o ABSOLUTE
    source\drivers\lpc17xx_clkpwr.c          0x00000000   Number         0  lpc17xx_clkpwr.o ABSOLUTE
    source\drivers\lpc17xx_gpio.c            0x00000000   Number         0  lpc17xx_gpio.o ABSOLUTE
    source\drivers\lpc17xx_libcfg_default.c  0x00000000   Number         0  lpc17xx_libcfg_default.o ABSOLUTE
    source\drivers\lpc17xx_pinsel.c          0x00000000   Number         0  lpc17xx_pinsel.o ABSOLUTE
    source\drivers\lpc17xx_spi.c             0x00000000   Number         0  lpc17xx_spi.o ABSOLUTE
    source\drivers\lpc17xx_uart.c            0x00000000   Number         0  lpc17xx_uart.o ABSOLUTE
    source\main.c                            0x00000000   Number         0  main.o ABSOLUTE
    source\startup_LPC17xx.s                 0x00000000   Number         0  startup_lpc17xx.o ABSOLUTE
    source\system_LPC17xx.c                  0x00000000   Number         0  system_lpc17xx.o ABSOLUTE
    !!!main                                  0x000000cc   Section        8  __main.o(!!!main)
    !!!scatter                               0x000000d4   Section       52  __scatter.o(!!!scatter)
    !!handler_copy                           0x00000108   Section       26  __scatter_copy.o(!!handler_copy)
    !!handler_zi                             0x00000124   Section       28  __scatter_zi.o(!!handler_zi)
    .ARM.Collect$$_printf_percent$$00000000  0x00000140   Section        0  _printf_percent.o(.ARM.Collect$$_printf_percent$$00000000)
    .ARM.Collect$$_printf_percent$$0000000A  0x00000140   Section        6  _printf_u.o(.ARM.Collect$$_printf_percent$$0000000A)
    .ARM.Collect$$_printf_percent$$00000017  0x00000146   Section        4  _printf_percent_end.o(.ARM.Collect$$_printf_percent$$00000017)
    .ARM.Collect$$libinit$$00000000          0x0000014a   Section        2  libinit.o(.ARM.Collect$$libinit$$00000000)
    .ARM.Collect$$libinit$$00000002          0x0000014c   Section        0  libinit2.o(.ARM.Collect$$libinit$$00000002)
    .ARM.Collect$$libinit$$00000004          0x0000014c   Section        0  libinit2.o(.ARM.Collect$$libinit$$00000004)
    .ARM.Collect$$libinit$$00000005          0x0000014c   Section        8  libinit2.o(.ARM.Collect$$libinit$$00000005)
    .ARM.Collect$$libinit$$0000000A          0x00000154   Section        0  libinit2.o(.ARM.Collect$$libinit$$0000000A)
    .ARM.Collect$$libinit$$0000000C          0x00000154   Section        0  libinit2.o(.ARM.Collect$$libinit$$0000000C)
    .ARM.Collect$$libinit$$0000000E          0x00000154   Section        0  libinit2.o(.ARM.Collect$$libinit$$0000000E)
    .ARM.Collect$$libinit$$00000011          0x00000154   Section        0  libinit2.o(.ARM.Collect$$libinit$$00000011)
    .ARM.Collect$$libinit$$00000013          0x00000154   Section        0  libinit2.o(.ARM.Collect$$libinit$$00000013)
    .ARM.Collect$$libinit$$00000015          0x00000154   Section        0  libinit2.o(.ARM.Collect$$libinit$$00000015)
    .ARM.Collect$$libinit$$00000017          0x00000154   Section        0  libinit2.o(.ARM.Collect$$libinit$$00000017)
    .ARM.Collect$$libinit$$00000019          0x00000154   Section        0  libinit2.o(.ARM.Collect$$libinit$$00000019)
    .ARM.Collect$$libinit$$0000001B          0x00000154   Section        0  libinit2.o(.ARM.Collect$$libinit$$0000001B)
    .ARM.Collect$$libinit$$0000001D          0x00000154   Section        0  libinit2.o(.ARM.Collect$$libinit$$0000001D)
    .ARM.Collect$$libinit$$0000001F          0x00000154   Section        0  libinit2.o(.ARM.Collect$$libinit$$0000001F)
    .ARM.Collect$$libinit$$00000021          0x00000154   Section        0  libinit2.o(.ARM.Collect$$libinit$$00000021)
    .ARM.Collect$$libinit$$00000023          0x00000154   Section        0  libinit2.o(.ARM.Collect$$libinit$$00000023)
    .ARM.Collect$$libinit$$00000024          0x00000154   Section        4  libinit2.o(.ARM.Collect$$libinit$$00000024)
    .ARM.Collect$$libinit$$00000025          0x00000158   Section        0  libinit2.o(.ARM.Collect$$libinit$$00000025)
    .ARM.Collect$$libinit$$0000002C          0x00000158   Section        0  libinit2.o(.ARM.Collect$$libinit$$0000002C)
    .ARM.Collect$$libinit$$0000002E          0x00000158   Section        0  libinit2.o(.ARM.Collect$$libinit$$0000002E)
    .ARM.Collect$$libinit$$00000030          0x00000158   Section        0  libinit2.o(.ARM.Collect$$libinit$$00000030)
    .ARM.Collect$$libinit$$00000032          0x00000158   Section        0  libinit2.o(.ARM.Collect$$libinit$$00000032)
    .ARM.Collect$$libinit$$00000033          0x00000158   Section        2  libinit2.o(.ARM.Collect$$libinit$$00000033)
    .ARM.Collect$$libshutdown$$00000000      0x0000015a   Section        2  libshutdown.o(.ARM.Collect$$libshutdown$$00000000)
    .ARM.Collect$$libshutdown$$00000002      0x0000015c   Section        4  libshutdown2.o(.ARM.Collect$$libshutdown$$00000002)
    .ARM.Collect$$libshutdown$$00000003      0x00000160   Section        0  libshutdown2.o(.ARM.Collect$$libshutdown$$00000003)
    .ARM.Collect$$libshutdown$$00000006      0x00000160   Section        0  libshutdown2.o(.ARM.Collect$$libshutdown$$00000006)
    .ARM.Collect$$libshutdown$$00000009      0x00000160   Section        0  libshutdown2.o(.ARM.Collect$$libshutdown$$00000009)
    .ARM.Collect$$libshutdown$$0000000B      0x00000160   Section        0  libshutdown2.o(.ARM.Collect$$libshutdown$$0000000B)
    .ARM.Collect$$libshutdown$$0000000E      0x00000160   Section        0  libshutdown2.o(.ARM.Collect$$libshutdown$$0000000E)
    .ARM.Collect$$libshutdown$$0000000F      0x00000160   Section        2  libshutdown2.o(.ARM.Collect$$libshutdown$$0000000F)
    .ARM.Collect$$rtentry$$00000000          0x00000162   Section        0  __rtentry.o(.ARM.Collect$$rtentry$$00000000)
    .ARM.Collect$$rtentry$$00000002          0x00000162   Section        0  __rtentry2.o(.ARM.Collect$$rtentry$$00000002)
    .ARM.Collect$$rtentry$$00000004          0x00000162   Section        6  __rtentry4.o(.ARM.Collect$$rtentry$$00000004)
    .ARM.Collect$$rtentry$$00000009          0x00000168   Section        0  __rtentry2.o(.ARM.Collect$$rtentry$$00000009)
    .ARM.Collect$$rtentry$$0000000A          0x00000168   Section        4  __rtentry2.o(.ARM.Collect$$rtentry$$0000000A)
    .ARM.Collect$$rtentry$$0000000C          0x0000016c   Section        0  __rtentry2.o(.ARM.Collect$$rtentry$$0000000C)
    .ARM.Collect$$rtentry$$0000000D          0x0000016c   Section        8  __rtentry2.o(.ARM.Collect$$rtentry$$0000000D)
    .ARM.Collect$$rtexit$$00000000           0x00000174   Section        2  rtexit.o(.ARM.Collect$$rtexit$$00000000)
    .ARM.Collect$$rtexit$$00000002           0x00000176   Section        0  rtexit2.o(.ARM.Collect$$rtexit$$00000002)
    .ARM.Collect$$rtexit$$00000003           0x00000176   Section        4  rtexit2.o(.ARM.Collect$$rtexit$$00000003)
    .ARM.Collect$$rtexit$$00000004           0x0000017a   Section        6  rtexit2.o(.ARM.Collect$$rtexit$$00000004)
    .emb_text                                0x00000180   Section        0  maybetermalloc1.o(.emb_text)
    .text                                    0x00000180   Section       64  startup_lpc17xx.o(.text)
    .text                                    0x000001c0   Section        0  lpc17xx_pinsel.o(.text)
    set_PinFunc                              0x000001c1   Thumb Code    60  lpc17xx_pinsel.o(.text)
    set_ResistorMode                         0x000001fd   Thumb Code    62  lpc17xx_pinsel.o(.text)
    set_OpenDrainMode                        0x0000023b   Thumb Code    44  lpc17xx_pinsel.o(.text)
    .text                                    0x000002c0   Section        0  lpc17xx_libcfg_default.o(.text)
    .text                                    0x000002c4   Section        0  noretval__2printf.o(.text)
    .text                                    0x000002dc   Section        0  putc.o(.text)
    .text                                    0x000002e0   Section        0  heapauxi.o(.text)
    .text                                    0x000002e6   Section        0  ferror.o(.text)
    .text                                    0x000002ee   Section        0  defsig_rtred_outer.o(.text)
    .ARM.__at_0x02FC                         0x000002fc   Section        4  startup_lpc17xx.o(.ARM.__at_0x02FC)
    .text                                    0x00000300   Section        0  system_lpc17xx.o(.text)
    .text                                    0x0000058c   Section        0  lpc17xx_spi.o(.text)
    .text                                    0x0000095c   Section        0  lpc17xx_uart.o(.text)
    uart_set_divisors                        0x0000095d   Thumb Code   464  lpc17xx_uart.o(.text)
    .text                                    0x000017b0   Section        0  lpc17xx_gpio.o(.text)
    GPIO_GetPointer                          0x000017b1   Thumb Code    52  lpc17xx_gpio.o(.text)
    FIO_HalfWordGetPointer                   0x000017e5   Thumb Code    52  lpc17xx_gpio.o(.text)
    FIO_ByteGetPointer                       0x00001819   Thumb Code    52  lpc17xx_gpio.o(.text)
    .text                                    0x00001bbc   Section        0  ad7793.o(.text)
    .text                                    0x00001fa8   Section        0  communication.o(.text)
    .text                                    0x00002098   Section        0  lpc17xx_clkpwr.o(.text)
    .text                                    0x000021d8   Section        0  main.o(.text)
    .text                                    0x00002280   Section        0  init.o(.text)
    .text                                    0x00002724   Section        0  system.o(.text)
    .text                                    0x000027a4   Section        0  serial.o(.text)
    .text                                    0x00002a34   Section        0  sw_fifo.o(.text)
    .text                                    0x00002ad0   Section        0  getline.o(.text)
    .text                                    0x00002b44   Section      238  lludivv7m.o(.text)
    .text                                    0x00002c34   Section        0  _printf_dec.o(.text)
    .text                                    0x00002cac   Section        0  __printf_ss.o(.text)
    .text                                    0x00002d64   Section        0  strncmp.o(.text)
    .text                                    0x00002dfa   Section       68  rt_memclr.o(.text)
    .text                                    0x00002e3e   Section        0  _printf_intcommon.o(.text)
    .text                                    0x00002ef0   Section        0  _printf_char_file.o(.text)
    .text                                    0x00002f14   Section        0  initio.o(.text)
    .text                                    0x0000304c   Section       78  rt_memclr_w.o(.text)
    .text                                    0x0000309a   Section        0  sys_io.o(.text)
    .text                                    0x00003100   Section        0  h1_free.o(.text)
    .text                                    0x00003150   Section        0  _printf_char_common.o(.text)
    _printf_input_char                       0x00003151   Thumb Code    10  _printf_char_common.o(.text)
    .text                                    0x00003180   Section        0  flsbuf.o(.text)
    .text                                    0x00003356   Section        0  setvbuf.o(.text)
    .text                                    0x0000339c   Section        0  fopen.o(.text)
    _freopen_locked                          0x0000339d   Thumb Code     0  fopen.o(.text)
    .text                                    0x00003488   Section        0  fclose.o(.text)
    .text                                    0x000034d4   Section        2  use_no_semi.o(.text)
    .text                                    0x000034d6   Section        0  indicate_semi.o(.text)
    .text                                    0x000034d6   Section       74  sys_stackheap_outer.o(.text)
    .text                                    0x00003520   Section        8  rt_heap_descriptor_intlibspace.o(.text)
    .text                                    0x00003528   Section        0  hguard.o(.text)
    .text                                    0x0000352c   Section        0  init_alloc.o(.text)
    .text                                    0x000035b6   Section        0  h1_alloc.o(.text)
    .text                                    0x00003614   Section        0  fseek.o(.text)
    .text                                    0x0000370c   Section        0  stdio.o(.text)
    .text                                    0x000037fc   Section        0  exit.o(.text)
    .text                                    0x00003808   Section        0  defsig_exit.o(.text)
    .text                                    0x00003814   Section        0  defsig_rtred_inner.o(.text)
    .text                                    0x00003848   Section        0  strlen.o(.text)
    .text                                    0x00003888   Section        0  sys_exit.o(.text)
    .text                                    0x00003894   Section        8  libspace.o(.text)
    .text                                    0x0000389c   Section        0  h1_init.o(.text)
    .text                                    0x000038aa   Section        0  h1_extend.o(.text)
    .text                                    0x000038de   Section        0  ftell.o(.text)
    .text                                    0x00003920   Section        0  defsig_general.o(.text)
    .text                                    0x00003952   Section        0  defsig_rtmem_outer.o(.text)
    .text                                    0x00003960   Section        0  sys_wrch.o(.text)
    .text                                    0x00003970   Section        8  rt_errno_addr_intlibspace.o(.text)
    .text                                    0x00003978   Section        0  defsig_rtmem_inner.o(.text)
    i.fputc                                  0x000039c8   Section        0  fputc.o(i.fputc)
    .constdata                               0x000039e2   Section        4  sys_io.o(.constdata)
    .constdata                               0x000039e6   Section        4  sys_io.o(.constdata)
    .constdata                               0x000039ea   Section        4  sys_io.o(.constdata)
    .data                                    0x10000000   Section        4  system_lpc17xx.o(.data)
    .data                                    0x10000004   Section        1  main.o(.data)
    .data                                    0x10000005   Section        5  init.o(.data)
    .data                                    0x1000000c   Section       24  serial.o(.data)
    line                                     0x10000020   Data           4  serial.o(.data)
    .data                                    0x10000024   Section        8  sw_fifo.o(.data)
    .data                                    0x1000002c   Section        4  stdio_streams.o(.data)
    .bss                                     0x10000030   Section       15  serial.o(.bss)
    .bss                                     0x1000003f   Section      128  sw_fifo.o(.bss)
    .bss                                     0x100000c0   Section       84  stdio_streams.o(.bss)
    STACK                                    0x10000118   Section    28672  startup_lpc17xx.o(STACK)
    Stack_Mem                                0x10000118   Data       28672  startup_lpc17xx.o(STACK)
    __initial_sp                             0x10007118   Data           0  startup_lpc17xx.o(STACK)
    .data                                    0x2007c000   Section        4  stdio_streams.o(.data)
    .data                                    0x2007c004   Section        4  stdio_streams.o(.data)
    .bss                                     0x2007c008   Section       84  stdio_streams.o(.bss)
    .bss                                     0x2007c05c   Section       84  stdio_streams.o(.bss)
    .bss                                     0x2007c0b0   Section       96  libspace.o(.bss)
    HEAP                                     0x2007c110   Section    28672  startup_lpc17xx.o(HEAP)
    Heap_Mem                                 0x2007c110   Data       28672  startup_lpc17xx.o(HEAP)

    Global Symbols

    Symbol Name                              Value     Ov Type        Size  Object(Section)

    BuildAttributes$$THM_ISAv4$P$D$K$B$S$PE$A:L22UL41UL21$X:L11$S22US41US21$IEEE1$IW$USESV6$~STKCKD$USESV7$~SHL$OTIME$ROPI$EBA8$UX$STANDARDLIB$REQ8$PRES8$EABIv2 0x00000000   Number         0  anon$$obj.o ABSOLUTE
    __ARM_use_no_argv                        0x00000000   Number         0  main.o ABSOLUTE
    __Vectors                                0x00000000   Data           4  startup_lpc17xx.o(RESET)
    _printf_flags                            0x00000000   Number         0  printf_stubs.o ABSOLUTE
    _printf_return_value                     0x00000000   Number         0  printf_stubs.o ABSOLUTE
    _printf_sizespec                         0x00000000   Number         0  printf_stubs.o ABSOLUTE
    _printf_widthprec                        0x00000000   Number         0  printf_stubs.o ABSOLUTE
    __ARM_exceptions_init                     - Undefined Weak Reference
    __alloca_initialize                       - Undefined Weak Reference
    __arm_preinit_                            - Undefined Weak Reference
    __cpp_initialize__aeabi_                  - Undefined Weak Reference
    __cxa_finalize                            - Undefined Weak Reference
    __rt_locale                               - Undefined Weak Reference
    __sigvec_lookup                           - Undefined Weak Reference
    __user_heap_extent                        - Undefined Weak Reference
    _atexit_init                              - Undefined Weak Reference
    _call_atexit_fns                          - Undefined Weak Reference
    _clock_init                               - Undefined Weak Reference
    _fp_trap_init                             - Undefined Weak Reference
    _fp_trap_shutdown                         - Undefined Weak Reference
    _get_lc_collate                           - Undefined Weak Reference
    _get_lc_ctype                             - Undefined Weak Reference
    _get_lc_monetary                          - Undefined Weak Reference
    _get_lc_numeric                           - Undefined Weak Reference
    _get_lc_time                              - Undefined Weak Reference
    _getenv_init                              - Undefined Weak Reference
    _handle_redirection                       - Undefined Weak Reference
    _mutex_acquire                            - Undefined Weak Reference
    _mutex_free                               - Undefined Weak Reference
    _mutex_release                            - Undefined Weak Reference
    _printf_post_padding                      - Undefined Weak Reference
    _printf_pre_padding                       - Undefined Weak Reference
    _printf_truncate_signed                   - Undefined Weak Reference
    _printf_truncate_unsigned                 - Undefined Weak Reference
    _rand_init                                - Undefined Weak Reference
    _signal_finish                            - Undefined Weak Reference
    _signal_init                              - Undefined Weak Reference
    __main                                   0x000000cd   Thumb Code     8  __main.o(!!!main)
    __scatterload                            0x000000d5   Thumb Code     0  __scatter.o(!!!scatter)
    __scatterload_rt2                        0x000000d5   Thumb Code    44  __scatter.o(!!!scatter)
    __scatterload_rt2_thumb_only             0x000000d5   Thumb Code     0  __scatter.o(!!!scatter)
    __scatterload_null                       0x000000e3   Thumb Code     0  __scatter.o(!!!scatter)
    __scatterload_copy                       0x00000109   Thumb Code    26  __scatter_copy.o(!!handler_copy)
    __scatterload_zeroinit                   0x00000125   Thumb Code    28  __scatter_zi.o(!!handler_zi)
    _printf_percent                          0x00000141   Thumb Code     0  _printf_percent.o(.ARM.Collect$$_printf_percent$$00000000)
    _printf_u                                0x00000141   Thumb Code     0  _printf_u.o(.ARM.Collect$$_printf_percent$$0000000A)
    _printf_percent_end                      0x00000147   Thumb Code     0  _printf_percent_end.o(.ARM.Collect$$_printf_percent$$00000017)
    __rt_lib_init                            0x0000014b   Thumb Code     0  libinit.o(.ARM.Collect$$libinit$$00000000)
    __rt_lib_init_fp_1                       0x0000014d   Thumb Code     0  libinit2.o(.ARM.Collect$$libinit$$00000002)
    __rt_lib_init_heap_2                     0x0000014d   Thumb Code     0  libinit2.o(.ARM.Collect$$libinit$$00000005)
    __rt_lib_init_preinit_1                  0x0000014d   Thumb Code     0  libinit2.o(.ARM.Collect$$libinit$$00000004)
    __rt_lib_init_atexit_1                   0x00000155   Thumb Code     0  libinit2.o(.ARM.Collect$$libinit$$0000001B)
    __rt_lib_init_clock_1                    0x00000155   Thumb Code     0  libinit2.o(.ARM.Collect$$libinit$$00000021)
    __rt_lib_init_fp_trap_1                  0x00000155   Thumb Code     0  libinit2.o(.ARM.Collect$$libinit$$0000001F)
    __rt_lib_init_getenv_1                   0x00000155   Thumb Code     0  libinit2.o(.ARM.Collect$$libinit$$00000023)
    __rt_lib_init_heap_1                     0x00000155   Thumb Code     0  libinit2.o(.ARM.Collect$$libinit$$0000000A)
    __rt_lib_init_lc_collate_1               0x00000155   Thumb Code     0  libinit2.o(.ARM.Collect$$libinit$$00000011)
    __rt_lib_init_lc_ctype_1                 0x00000155   Thumb Code     0  libinit2.o(.ARM.Collect$$libinit$$00000013)
    __rt_lib_init_lc_monetary_1              0x00000155   Thumb Code     0  libinit2.o(.ARM.Collect$$libinit$$00000015)
    __rt_lib_init_lc_numeric_1               0x00000155   Thumb Code     0  libinit2.o(.ARM.Collect$$libinit$$00000017)
    __rt_lib_init_lc_time_1                  0x00000155   Thumb Code     0  libinit2.o(.ARM.Collect$$libinit$$00000019)
    __rt_lib_init_rand_1                     0x00000155   Thumb Code     0  libinit2.o(.ARM.Collect$$libinit$$0000000E)
    __rt_lib_init_signal_1                   0x00000155   Thumb Code     0  libinit2.o(.ARM.Collect$$libinit$$0000001D)
    __rt_lib_init_stdio_2                    0x00000155   Thumb Code     0  libinit2.o(.ARM.Collect$$libinit$$00000024)
    __rt_lib_init_user_alloc_1               0x00000155   Thumb Code     0  libinit2.o(.ARM.Collect$$libinit$$0000000C)
    __rt_lib_init_alloca_1                   0x00000159   Thumb Code     0  libinit2.o(.ARM.Collect$$libinit$$0000002E)
    __rt_lib_init_argv_1                     0x00000159   Thumb Code     0  libinit2.o(.ARM.Collect$$libinit$$0000002C)
    __rt_lib_init_cpp_1                      0x00000159   Thumb Code     0  libinit2.o(.ARM.Collect$$libinit$$00000032)
    __rt_lib_init_exceptions_1               0x00000159   Thumb Code     0  libinit2.o(.ARM.Collect$$libinit$$00000030)
    __rt_lib_init_return                     0x00000159   Thumb Code     0  libinit2.o(.ARM.Collect$$libinit$$00000033)
    __rt_lib_init_stdio_1                    0x00000159   Thumb Code     0  libinit2.o(.ARM.Collect$$libinit$$00000025)
    __rt_lib_shutdown                        0x0000015b   Thumb Code     0  libshutdown.o(.ARM.Collect$$libshutdown$$00000000)
    __rt_lib_shutdown_stdio_2                0x0000015d   Thumb Code     0  libshutdown2.o(.ARM.Collect$$libshutdown$$00000002)
    __rt_lib_shutdown_fp_trap_1              0x00000161   Thumb Code     0  libshutdown2.o(.ARM.Collect$$libshutdown$$00000006)
    __rt_lib_shutdown_heap_1                 0x00000161   Thumb Code     0  libshutdown2.o(.ARM.Collect$$libshutdown$$0000000E)
    __rt_lib_shutdown_return                 0x00000161   Thumb Code     0  libshutdown2.o(.ARM.Collect$$libshutdown$$0000000F)
    __rt_lib_shutdown_signal_1               0x00000161   Thumb Code     0  libshutdown2.o(.ARM.Collect$$libshutdown$$00000009)
    __rt_lib_shutdown_stdio_1                0x00000161   Thumb Code     0  libshutdown2.o(.ARM.Collect$$libshutdown$$00000003)
    __rt_lib_shutdown_user_alloc_1           0x00000161   Thumb Code     0  libshutdown2.o(.ARM.Collect$$libshutdown$$0000000B)
    __rt_entry                               0x00000163   Thumb Code     0  __rtentry.o(.ARM.Collect$$rtentry$$00000000)
    __rt_entry_presh_1                       0x00000163   Thumb Code     0  __rtentry2.o(.ARM.Collect$$rtentry$$00000002)
    __rt_entry_sh                            0x00000163   Thumb Code     0  __rtentry4.o(.ARM.Collect$$rtentry$$00000004)
    __rt_entry_li                            0x00000169   Thumb Code     0  __rtentry2.o(.ARM.Collect$$rtentry$$0000000A)
    __rt_entry_postsh_1                      0x00000169   Thumb Code     0  __rtentry2.o(.ARM.Collect$$rtentry$$00000009)
    __rt_entry_main                          0x0000016d   Thumb Code     0  __rtentry2.o(.ARM.Collect$$rtentry$$0000000D)
    __rt_entry_postli_1                      0x0000016d   Thumb Code     0  __rtentry2.o(.ARM.Collect$$rtentry$$0000000C)
    __rt_exit                                0x00000175   Thumb Code     0  rtexit.o(.ARM.Collect$$rtexit$$00000000)
    __rt_exit_ls                             0x00000177   Thumb Code     0  rtexit2.o(.ARM.Collect$$rtexit$$00000003)
    __rt_exit_prels_1                        0x00000177   Thumb Code     0  rtexit2.o(.ARM.Collect$$rtexit$$00000002)
    __rt_exit_exit                           0x0000017b   Thumb Code     0  rtexit2.o(.ARM.Collect$$rtexit$$00000004)
    Reset_Handler                            0x00000181   Thumb Code     8  startup_lpc17xx.o(.text)
    _maybe_terminate_alloc                   0x00000181   Thumb Code     0  maybetermalloc1.o(.emb_text)
    NMI_Handler                              0x00000189   Thumb Code     2  startup_lpc17xx.o(.text)
    HardFault_Handler                        0x0000018b   Thumb Code     2  startup_lpc17xx.o(.text)
    MemManage_Handler                        0x0000018d   Thumb Code     2  startup_lpc17xx.o(.text)
    BusFault_Handler                         0x0000018f   Thumb Code     2  startup_lpc17xx.o(.text)
    UsageFault_Handler                       0x00000191   Thumb Code     2  startup_lpc17xx.o(.text)
    SVC_Handler                              0x00000193   Thumb Code     2  startup_lpc17xx.o(.text)
    DebugMon_Handler                         0x00000195   Thumb Code     2  startup_lpc17xx.o(.text)
    PendSV_Handler                           0x00000197   Thumb Code     2  startup_lpc17xx.o(.text)
    SysTick_Handler                          0x00000199   Thumb Code     2  startup_lpc17xx.o(.text)
    ADC_IRQHandler                           0x0000019b   Thumb Code     0  startup_lpc17xx.o(.text)
    BOD_IRQHandler                           0x0000019b   Thumb Code     0  startup_lpc17xx.o(.text)
    CANActivity_IRQHandler                   0x0000019b   Thumb Code     0  startup_lpc17xx.o(.text)
    CAN_IRQHandler                           0x0000019b   Thumb Code     0  startup_lpc17xx.o(.text)
    DMA_IRQHandler                           0x0000019b   Thumb Code     0  startup_lpc17xx.o(.text)
    EINT0_IRQHandler                         0x0000019b   Thumb Code     0  startup_lpc17xx.o(.text)
    EINT1_IRQHandler                         0x0000019b   Thumb Code     0  startup_lpc17xx.o(.text)
    EINT2_IRQHandler                         0x0000019b   Thumb Code     0  startup_lpc17xx.o(.text)
    EINT3_IRQHandler                         0x0000019b   Thumb Code     0  startup_lpc17xx.o(.text)
    ENET_IRQHandler                          0x0000019b   Thumb Code     0  startup_lpc17xx.o(.text)
    I2C0_IRQHandler                          0x0000019b   Thumb Code     0  startup_lpc17xx.o(.text)
    I2C1_IRQHandler                          0x0000019b   Thumb Code     0  startup_lpc17xx.o(.text)
    I2C2_IRQHandler                          0x0000019b   Thumb Code     0  startup_lpc17xx.o(.text)
    I2S_IRQHandler                           0x0000019b   Thumb Code     0  startup_lpc17xx.o(.text)
    MCPWM_IRQHandler                         0x0000019b   Thumb Code     0  startup_lpc17xx.o(.text)
    PLL0_IRQHandler                          0x0000019b   Thumb Code     0  startup_lpc17xx.o(.text)
    PLL1_IRQHandler                          0x0000019b   Thumb Code     0  startup_lpc17xx.o(.text)
    PWM1_IRQHandler                          0x0000019b   Thumb Code     0  startup_lpc17xx.o(.text)
    QEI_IRQHandler                           0x0000019b   Thumb Code     0  startup_lpc17xx.o(.text)
    RIT_IRQHandler                           0x0000019b   Thumb Code     0  startup_lpc17xx.o(.text)
    RTC_IRQHandler                           0x0000019b   Thumb Code     0  startup_lpc17xx.o(.text)
    SPI_IRQHandler                           0x0000019b   Thumb Code     0  startup_lpc17xx.o(.text)
    SSP0_IRQHandler                          0x0000019b   Thumb Code     0  startup_lpc17xx.o(.text)
    SSP1_IRQHandler                          0x0000019b   Thumb Code     0  startup_lpc17xx.o(.text)
    TIMER0_IRQHandler                        0x0000019b   Thumb Code     0  startup_lpc17xx.o(.text)
    TIMER1_IRQHandler                        0x0000019b   Thumb Code     0  startup_lpc17xx.o(.text)
    TIMER2_IRQHandler                        0x0000019b   Thumb Code     0  startup_lpc17xx.o(.text)
    TIMER3_IRQHandler                        0x0000019b   Thumb Code     0  startup_lpc17xx.o(.text)
    UART1_IRQHandler                         0x0000019b   Thumb Code     0  startup_lpc17xx.o(.text)
    UART2_IRQHandler                         0x0000019b   Thumb Code     0  startup_lpc17xx.o(.text)
    UART3_IRQHandler                         0x0000019b   Thumb Code     0  startup_lpc17xx.o(.text)
    USBActivity_IRQHandler                   0x0000019b   Thumb Code     0  startup_lpc17xx.o(.text)
    USB_IRQHandler                           0x0000019b   Thumb Code     0  startup_lpc17xx.o(.text)
    WDT_IRQHandler                           0x0000019b   Thumb Code     0  startup_lpc17xx.o(.text)
    __user_initial_stackheap                 0x0000019d   Thumb Code     0  startup_lpc17xx.o(.text)
    PINSEL_ConfigTraceFunc                   0x00000267   Thumb Code    34  lpc17xx_pinsel.o(.text)
    PINSEL_SetI2C0Pins                       0x00000289   Thumb Code    16  lpc17xx_pinsel.o(.text)
    PINSEL_ConfigPin                         0x00000299   Thumb Code    36  lpc17xx_pinsel.o(.text)
    check_failed                             0x000002c1   Thumb Code     4  lpc17xx_libcfg_default.o(.text)
    __2printf                                0x000002c5   Thumb Code    20  noretval__2printf.o(.text)
    putc                                     0x000002dd   Thumb Code     4  putc.o(.text)
    __use_two_region_memory                  0x000002e1   Thumb Code     2  heapauxi.o(.text)
    __rt_heap_escrow                         0x000002e3   Thumb Code     2  heapauxi.o(.text)
    __rt_heap_expand                         0x000002e5   Thumb Code     2  heapauxi.o(.text)
    ferror                                   0x000002e7   Thumb Code     8  ferror.o(.text)
    __rt_SIGRTRED                            0x000002ef   Thumb Code    14  defsig_rtred_outer.o(.text)
    SystemCoreClockUpdate                    0x00000301   Thumb Code   408  system_lpc17xx.o(.text)
    SystemInit                               0x00000499   Thumb Code   214  system_lpc17xx.o(.text)
    SPI_SetClock                             0x0000058d   Thumb Code    78  lpc17xx_spi.o(.text)
    SPI_DeInit                               0x000005db   Thumb Code    36  lpc17xx_spi.o(.text)
    SPI_GetDataSize                          0x000005ff   Thumb Code    28  lpc17xx_spi.o(.text)
    SPI_Init                                 0x0000061b   Thumb Code    96  lpc17xx_spi.o(.text)
    SPI_ConfigStructInit                     0x0000067b   Thumb Code    26  lpc17xx_spi.o(.text)
    SPI_GetConfig                            0x00000695   Thumb Code    40  lpc17xx_spi.o(.text)
    SPI_SendData                             0x000006bd   Thumb Code    28  lpc17xx_spi.o(.text)
    SPI_ReceiveData                          0x000006d9   Thumb Code    26  lpc17xx_spi.o(.text)
    SPI_IntCmd                               0x000006f3   Thumb Code    68  lpc17xx_spi.o(.text)
    SPI_ReadWrite                            0x00000737   Thumb Code   322  lpc17xx_spi.o(.text)
    SPI_GetIntStatus                         0x00000879   Thumb Code    30  lpc17xx_spi.o(.text)
    SPI_ClearIntPending                      0x00000897   Thumb Code    28  lpc17xx_spi.o(.text)
    SPI_GetStatus                            0x000008b3   Thumb Code    30  lpc17xx_spi.o(.text)
    SPI_CheckStatus                          0x000008d1   Thumb Code    52  lpc17xx_spi.o(.text)
    SpiInitForAD7793                         0x00000905   Thumb Code    42  lpc17xx_spi.o(.text)
    UART_Init                                0x00000b2d   Thumb Code   490  lpc17xx_uart.o(.text)
    UART_TxCmd                               0x00000d17   Thumb Code   178  lpc17xx_uart.o(.text)
    UART_DeInit                              0x00000dc9   Thumb Code   112  lpc17xx_uart.o(.text)
    UART_ConfigStructInit                    0x00000e39   Thumb Code    18  lpc17xx_uart.o(.text)
    UART_SendByte                            0x00000e4b   Thumb Code    58  lpc17xx_uart.o(.text)
    UART_ReceiveByte                         0x00000e85   Thumb Code    56  lpc17xx_uart.o(.text)
    UART_Send                                0x00000ebd   Thumb Code   152  lpc17xx_uart.o(.text)
    UART_Receive                             0x00000f55   Thumb Code   124  lpc17xx_uart.o(.text)
    UART_ForceBreak                          0x00000fd1   Thumb Code    68  lpc17xx_uart.o(.text)
    UART_IntConfig                           0x00001015   Thumb Code   260  lpc17xx_uart.o(.text)
    UART_GetLineStatus                       0x00001119   Thumb Code    56  lpc17xx_uart.o(.text)
    UART_GetIntId                            0x00001151   Thumb Code    70  lpc17xx_uart.o(.text)
    UART_CheckBusy                           0x00001197   Thumb Code    18  lpc17xx_uart.o(.text)
    UART_FIFOConfig                          0x000011a9   Thumb Code   254  lpc17xx_uart.o(.text)
    UART_FIFOConfigStructInit                0x000012a7   Thumb Code    14  lpc17xx_uart.o(.text)
    UART_ABCmd                               0x000012b5   Thumb Code   192  lpc17xx_uart.o(.text)
    UART_ABClearIntPending                   0x00001375   Thumb Code    66  lpc17xx_uart.o(.text)
    UART_IrDAInvtInputCmd                    0x000013b7   Thumb Code    80  lpc17xx_uart.o(.text)
    UART_IrDACmd                             0x00001407   Thumb Code    78  lpc17xx_uart.o(.text)
    UART_IrDAPulseDivConfig                  0x00001455   Thumb Code   102  lpc17xx_uart.o(.text)
    UART_FullModemForcePinState              0x000014bb   Thumb Code   118  lpc17xx_uart.o(.text)
    UART_FullModemConfigMode                 0x00001531   Thumb Code   146  lpc17xx_uart.o(.text)
    UART_FullModemGetStatus                  0x000015c3   Thumb Code    28  lpc17xx_uart.o(.text)
    UART_RS485Config                         0x000015df   Thumb Code   300  lpc17xx_uart.o(.text)
    UART_RS485ReceiverCmd                    0x0000170b   Thumb Code    32  lpc17xx_uart.o(.text)
    UART_RS485Send                           0x0000172b   Thumb Code    88  lpc17xx_uart.o(.text)
    UART_RS485SendSlvAddr                    0x00001783   Thumb Code    18  lpc17xx_uart.o(.text)
    UART_RS485SendData                       0x00001795   Thumb Code    22  lpc17xx_uart.o(.text)
    GPIO_SetDir                              0x0000184d   Thumb Code    40  lpc17xx_gpio.o(.text)
    GPIO_SetValue                            0x00001875   Thumb Code    20  lpc17xx_gpio.o(.text)
    GPIO_ClearValue                          0x00001889   Thumb Code    20  lpc17xx_gpio.o(.text)
    GPIO_ReadValue                           0x0000189d   Thumb Code    22  lpc17xx_gpio.o(.text)
    GPIO_IntCmd                              0x000018b3   Thumb Code    60  lpc17xx_gpio.o(.text)
    GPIO_GetIntStatus                        0x000018ef   Thumb Code    86  lpc17xx_gpio.o(.text)
    GPIO_ClearInt                            0x00001945   Thumb Code    28  lpc17xx_gpio.o(.text)
    FIO_SetDir                               0x00001961   Thumb Code    20  lpc17xx_gpio.o(.text)
    FIO_SetValue                             0x00001975   Thumb Code    16  lpc17xx_gpio.o(.text)
    FIO_ClearValue                           0x00001985   Thumb Code    16  lpc17xx_gpio.o(.text)
    FIO_ReadValue                            0x00001995   Thumb Code    12  lpc17xx_gpio.o(.text)
    FIO_IntCmd                               0x000019a1   Thumb Code    20  lpc17xx_gpio.o(.text)
    FIO_GetIntStatus                         0x000019b5   Thumb Code    20  lpc17xx_gpio.o(.text)
    FIO_ClearInt                             0x000019c9   Thumb Code    16  lpc17xx_gpio.o(.text)
    FIO_SetMask                              0x000019d9   Thumb Code    40  lpc17xx_gpio.o(.text)
    FIO_HalfWordSetDir                       0x00001a01   Thumb Code    62  lpc17xx_gpio.o(.text)
    FIO_HalfWordSetMask                      0x00001a3f   Thumb Code    62  lpc17xx_gpio.o(.text)
    FIO_HalfWordSetValue                     0x00001a7d   Thumb Code    32  lpc17xx_gpio.o(.text)
    FIO_HalfWordClearValue                   0x00001a9d   Thumb Code    32  lpc17xx_gpio.o(.text)
    FIO_HalfWordReadValue                    0x00001abd   Thumb Code    30  lpc17xx_gpio.o(.text)
    FIO_ByteSetDir                           0x00001adb   Thumb Code    50  lpc17xx_gpio.o(.text)
    FIO_ByteSetMask                          0x00001b0d   Thumb Code    66  lpc17xx_gpio.o(.text)
    FIO_ByteSetValue                         0x00001b4f   Thumb Code    34  lpc17xx_gpio.o(.text)
    FIO_ByteClearValue                       0x00001b71   Thumb Code    34  lpc17xx_gpio.o(.text)
    FIO_ByteReadValue                        0x00001b93   Thumb Code    42  lpc17xx_gpio.o(.text)
    AD7793_GetRegisterValue                  0x00001bbd   Thumb Code    78  ad7793.o(.text)
    AD7793_Reset                             0x00001c0b   Thumb Code    40  ad7793.o(.text)
    AD7793_Init                              0x00001c33   Thumb Code    38  ad7793.o(.text)
    AD7793_SetRegisterValue                  0x00001c59   Thumb Code    84  ad7793.o(.text)
    AD7793_WaitRdyGoLow                      0x00001cad   Thumb Code    20  ad7793.o(.text)
    AD7793_SetMode                           0x00001cc1   Thumb Code    42  ad7793.o(.text)
    AD7793_SetClk                            0x00001ceb   Thumb Code    42  ad7793.o(.text)
    AD7793_SetRate                           0x00001d15   Thumb Code    40  ad7793.o(.text)
    AD7793_SetBias                           0x00001d3d   Thumb Code    42  ad7793.o(.text)
    AD7793_SetBO                             0x00001d67   Thumb Code    42  ad7793.o(.text)
    AD7793_SetUnB                            0x00001d91   Thumb Code    42  ad7793.o(.text)
    AD7793_SetBoost                          0x00001dbb   Thumb Code    42  ad7793.o(.text)
    AD7793_SetGain                           0x00001de5   Thumb Code    42  ad7793.o(.text)
    AD7793_SetIntReference                   0x00001e0f   Thumb Code    44  ad7793.o(.text)
    AD7793_SetBuff                           0x00001e3b   Thumb Code    42  ad7793.o(.text)
    AD7793_SetChannel                        0x00001e65   Thumb Code    40  ad7793.o(.text)
    AD7793_Calibrate                         0x00001e8d   Thumb Code    94  ad7793.o(.text)
    AD7793_SingleConversion                  0x00001eeb   Thumb Code    78  ad7793.o(.text)
    AD7793_ContinuousReadAvg                 0x00001f39   Thumb Code   100  ad7793.o(.text)
    SPI_Write                                0x00001fa9   Thumb Code    84  communication.o(.text)
    SPI_Read                                 0x00001ffd   Thumb Code   150  communication.o(.text)
    CLKPWR_SetPCLKDiv                        0x00002099   Thumb Code    94  lpc17xx_clkpwr.o(.text)
    CLKPWR_GetPCLKSEL                        0x000020f7   Thumb Code    34  lpc17xx_clkpwr.o(.text)
    CLKPWR_GetPCLK                           0x00002119   Thumb Code    58  lpc17xx_clkpwr.o(.text)
    CLKPWR_ConfigPPWR                        0x00002153   Thumb Code    46  lpc17xx_clkpwr.o(.text)
    CLKPWR_Sleep                             0x00002181   Thumb Code    12  lpc17xx_clkpwr.o(.text)
    CLKPWR_DeepSleep                         0x0000218d   Thumb Code    18  lpc17xx_clkpwr.o(.text)
    CLKPWR_PowerDown                         0x0000219f   Thumb Code    18  lpc17xx_clkpwr.o(.text)
    CLKPWR_DeepPowerDown                     0x000021b1   Thumb Code    18  lpc17xx_clkpwr.o(.text)
    main                                     0x000021d9   Thumb Code    96  main.o(.text)
    Init_AD7793                              0x00002281   Thumb Code   100  init.o(.text)
    Init_GPIO_Pins                           0x000022e5   Thumb Code   986  init.o(.text)
    Init                                     0x000026bf   Thumb Code   100  init.o(.text)
    ADC_RUN                                  0x00002725   Thumb Code    30  system.o(.text)
    test                                     0x00002743   Thumb Code    56  system.o(.text)
    blink                                    0x0000277b   Thumb Code    32  system.o(.text)
    SER_Init                                 0x000027a5   Thumb Code    84  serial.o(.text)
    SER_PutChar                              0x000027f9   Thumb Code    20  serial.o(.text)
    UART0_IRQHandler                         0x0000280d   Thumb Code   362  serial.o(.text)
    SW_UART_push                             0x00002a35   Thumb Code    86  sw_fifo.o(.text)
    SW_UART_pop                              0x00002a8b   Thumb Code    58  sw_fifo.o(.text)
    getline                                  0x00002ad1   Thumb Code   108  getline.o(.text)
    __aeabi_uldivmod                         0x00002b45   Thumb Code     0  lludivv7m.o(.text)
    _ll_udiv                                 0x00002b45   Thumb Code   238  lludivv7m.o(.text)
    _printf_int_dec                          0x00002c35   Thumb Code   104  _printf_dec.o(.text)
    __printf                                 0x00002cad   Thumb Code   184  __printf_ss.o(.text)
    strncmp                                  0x00002d65   Thumb Code   150  strncmp.o(.text)
    __aeabi_memclr                           0x00002dfb   Thumb Code     0  rt_memclr.o(.text)
    __rt_memclr                              0x00002dfb   Thumb Code    68  rt_memclr.o(.text)
    _memset                                  0x00002dff   Thumb Code     0  rt_memclr.o(.text)
    _printf_int_common                       0x00002e3f   Thumb Code   178  _printf_intcommon.o(.text)
    _printf_char_file                        0x00002ef1   Thumb Code    32  _printf_char_file.o(.text)
    _initio                                  0x00002f15   Thumb Code   210  initio.o(.text)
    _terminateio                             0x00002fe7   Thumb Code    56  initio.o(.text)
    __aeabi_memclr4                          0x0000304d   Thumb Code     0  rt_memclr_w.o(.text)
    __aeabi_memclr8                          0x0000304d   Thumb Code     0  rt_memclr_w.o(.text)
    __rt_memclr_w                            0x0000304d   Thumb Code    78  rt_memclr_w.o(.text)
    _memset_w                                0x00003051   Thumb Code     0  rt_memclr_w.o(.text)
    _sys_open                                0x0000309b   Thumb Code    20  sys_io.o(.text)
    _sys_close                               0x000030af   Thumb Code    12  sys_io.o(.text)
    _sys_write                               0x000030bb   Thumb Code    16  sys_io.o(.text)
    _sys_read                                0x000030cb   Thumb Code    14  sys_io.o(.text)
    _sys_istty                               0x000030d9   Thumb Code    12  sys_io.o(.text)
    _sys_seek                                0x000030e5   Thumb Code    14  sys_io.o(.text)
    _sys_ensure                              0x000030f3   Thumb Code     2  sys_io.o(.text)
    _sys_flen                                0x000030f5   Thumb Code    12  sys_io.o(.text)
    free                                     0x00003101   Thumb Code    78  h1_free.o(.text)
    _printf_char_common                      0x0000315b   Thumb Code    32  _printf_char_common.o(.text)
    __flsbuf                                 0x00003181   Thumb Code   470  flsbuf.o(.text)
    __flsbuf_byte                            0x00003181   Thumb Code     0  flsbuf.o(.text)
    __flsbuf_wide                            0x00003181   Thumb Code     0  flsbuf.o(.text)
    setvbuf                                  0x00003357   Thumb Code    70  setvbuf.o(.text)
    freopen                                  0x0000339d   Thumb Code   158  fopen.o(.text)
    fopen                                    0x0000343b   Thumb Code    74  fopen.o(.text)
    _fclose_internal                         0x00003489   Thumb Code    76  fclose.o(.text)
    fclose                                   0x00003489   Thumb Code     0  fclose.o(.text)
    __I$use$semihosting                      0x000034d5   Thumb Code     0  use_no_semi.o(.text)
    __use_no_semihosting_swi                 0x000034d5   Thumb Code     2  use_no_semi.o(.text)
    __semihosting_library_function           0x000034d7   Thumb Code     0  indicate_semi.o(.text)
    __user_setup_stackheap                   0x000034d7   Thumb Code    74  sys_stackheap_outer.o(.text)
    __rt_heap_descriptor                     0x00003521   Thumb Code     8  rt_heap_descriptor_intlibspace.o(.text)
    __use_no_heap                            0x00003529   Thumb Code     2  hguard.o(.text)
    __heap$guard                             0x0000352b   Thumb Code     2  hguard.o(.text)
    _terminate_user_alloc                    0x0000352d   Thumb Code     2  init_alloc.o(.text)
    _init_user_alloc                         0x0000352f   Thumb Code     2  init_alloc.o(.text)
    __Heap_Full                              0x00003531   Thumb Code    34  init_alloc.o(.text)
    __Heap_Broken                            0x00003553   Thumb Code     6  init_alloc.o(.text)
    _init_alloc                              0x00003559   Thumb Code    94  init_alloc.o(.text)
    malloc                                   0x000035b7   Thumb Code    94  h1_alloc.o(.text)
    _fseek                                   0x00003615   Thumb Code   242  fseek.o(.text)
    fseek                                    0x00003615   Thumb Code     0  fseek.o(.text)
    _seterr                                  0x0000370d   Thumb Code    20  stdio.o(.text)
    _writebuf                                0x00003721   Thumb Code    84  stdio.o(.text)
    _fflush                                  0x00003775   Thumb Code    70  stdio.o(.text)
    _deferredlazyseek                        0x000037bb   Thumb Code    60  stdio.o(.text)
    exit                                     0x000037fd   Thumb Code    12  exit.o(.text)
    __sig_exit                               0x00003809   Thumb Code    10  defsig_exit.o(.text)
    __rt_SIGRTRED_inner                      0x00003815   Thumb Code    14  defsig_rtred_inner.o(.text)
    strlen                                   0x00003849   Thumb Code    62  strlen.o(.text)
    _sys_exit                                0x00003889   Thumb Code     8  sys_exit.o(.text)
    __user_libspace                          0x00003895   Thumb Code     8  libspace.o(.text)
    __user_perproc_libspace                  0x00003895   Thumb Code     0  libspace.o(.text)
    __user_perthread_libspace                0x00003895   Thumb Code     0  libspace.o(.text)
    __Heap_Initialize                        0x0000389d   Thumb Code    10  h1_init.o(.text)
    __Heap_DescSize                          0x000038a7   Thumb Code     4  h1_init.o(.text)
    __Heap_ProvideMemory                     0x000038ab   Thumb Code    52  h1_extend.o(.text)
    _ftell_internal                          0x000038df   Thumb Code    66  ftell.o(.text)
    ftell                                    0x000038df   Thumb Code     0  ftell.o(.text)
    __default_signal_display                 0x00003921   Thumb Code    50  defsig_general.o(.text)
    __rt_SIGRTMEM                            0x00003953   Thumb Code    14  defsig_rtmem_outer.o(.text)
    _ttywrch                                 0x00003961   Thumb Code    14  sys_wrch.o(.text)
    __aeabi_errno_addr                       0x00003971   Thumb Code     8  rt_errno_addr_intlibspace.o(.text)
    __errno$intlibspace                      0x00003971   Thumb Code     0  rt_errno_addr_intlibspace.o(.text)
    __rt_errno_addr$intlibspace              0x00003971   Thumb Code     0  rt_errno_addr_intlibspace.o(.text)
    __rt_SIGRTMEM_inner                      0x00003979   Thumb Code    22  defsig_rtmem_inner.o(.text)
    fputc                                    0x000039c9   Thumb Code    26  fputc.o(i.fputc)
    __stdin_name                             0x000039e2   Data           4  sys_io.o(.constdata)
    __stdout_name                            0x000039e6   Data           4  sys_io.o(.constdata)
    __stderr_name                            0x000039ea   Data           4  sys_io.o(.constdata)
    Region$$Table$$Base                      0x000039f0   Number         0  anon$$obj.o(Region$$Table)
    Region$$Table$$Limit                     0x00003a30   Number         0  anon$$obj.o(Region$$Table)
    SystemCoreClock                          0x10000000   Data           4  system_lpc17xx.o(.data)
    test_flag                                0x10000004   Data           1  main.o(.data)
    PinCfg                                   0x10000005   Data           5  init.o(.data)
    UART_ConfigStruct                        0x1000000c   Data           8  serial.o(.data)
    command                                  0x10000014   Data           1  serial.o(.data)
    uart_rcv_len_cnt                         0x10000018   Data           4  serial.o(.data)
    c                                        0x1000001c   Data           1  serial.o(.data)
    UART_pressed_enter                       0x1000001d   Data           1  serial.o(.data)
    SW_UART_FIFO_STRUCT                      0x10000024   Data           8  sw_fifo.o(.data)
    __aeabi_stdout                           0x1000002c   Data           4  stdio_streams.o(.data)
    cmdbuf                                   0x10000030   Data          15  serial.o(.bss)
    SW_UART_FIFO_BUF                         0x1000003f   Data         128  sw_fifo.o(.bss)
    __stdout                                 0x100000c0   Data          84  stdio_streams.o(.bss)
    __aeabi_stdin                            0x2007c000   Data           4  stdio_streams.o(.data)
    __aeabi_stderr                           0x2007c004   Data           4  stdio_streams.o(.data)
    __stdin                                  0x2007c008   Data          84  stdio_streams.o(.bss)
    __stderr                                 0x2007c05c   Data          84  stdio_streams.o(.bss)
    __libspace_start                         0x2007c0b0   Data          96  libspace.o(.bss)
    __temporary_stack_top$libspace           0x2007c110   Data           0  libspace.o(.bss)



==============================================================================

Memory Map of the image

  Image Entry point : 0x000000cd

  Load Region LR_IROM1 (Base: 0x00000000, Size: 0x00003a68, Max: 0x00080000, ABSOLUTE)

    Execution Region ER_IROM1 (Base: 0x00000000, Size: 0x00003a30, Max: 0x00080000, ABSOLUTE)

    Base Addr    Size         Type   Attr      Idx    E Section Name        Object

    0x00000000   0x000000cc   Data   RO            3    RESET               startup_lpc17xx.o
    0x000000cc   0x00000008   Code   RO          551  * !!!main             c_w.l(__main.o)
    0x000000d4   0x00000034   Code   RO          905    !!!scatter          c_w.l(__scatter.o)
    0x00000108   0x0000001a   Code   RO          907    !!handler_copy      c_w.l(__scatter_copy.o)
    0x00000122   0x00000002   PAD
    0x00000124   0x0000001c   Code   RO          909    !!handler_zi        c_w.l(__scatter_zi.o)
    0x00000140   0x00000000   Code   RO          536    .ARM.Collect$$_printf_percent$$00000000  c_w.l(_printf_percent.o)
    0x00000140   0x00000006   Code   RO          535    .ARM.Collect$$_printf_percent$$0000000A  c_w.l(_printf_u.o)
    0x00000146   0x00000004   Code   RO          562    .ARM.Collect$$_printf_percent$$00000017  c_w.l(_printf_percent_end.o)
    0x0000014a   0x00000002   Code   RO          809    .ARM.Collect$$libinit$$00000000  c_w.l(libinit.o)
    0x0000014c   0x00000000   Code   RO          679    .ARM.Collect$$libinit$$00000002  c_w.l(libinit2.o)
    0x0000014c   0x00000000   Code   RO          681    .ARM.Collect$$libinit$$00000004  c_w.l(libinit2.o)
    0x0000014c   0x00000008   Code   RO          682    .ARM.Collect$$libinit$$00000005  c_w.l(libinit2.o)
    0x00000154   0x00000000   Code   RO          684    .ARM.Collect$$libinit$$0000000A  c_w.l(libinit2.o)
    0x00000154   0x00000000   Code   RO          686    .ARM.Collect$$libinit$$0000000C  c_w.l(libinit2.o)
    0x00000154   0x00000000   Code   RO          688    .ARM.Collect$$libinit$$0000000E  c_w.l(libinit2.o)
    0x00000154   0x00000000   Code   RO          691    .ARM.Collect$$libinit$$00000011  c_w.l(libinit2.o)
    0x00000154   0x00000000   Code   RO          693    .ARM.Collect$$libinit$$00000013  c_w.l(libinit2.o)
    0x00000154   0x00000000   Code   RO          695    .ARM.Collect$$libinit$$00000015  c_w.l(libinit2.o)
    0x00000154   0x00000000   Code   RO          697    .ARM.Collect$$libinit$$00000017  c_w.l(libinit2.o)
    0x00000154   0x00000000   Code   RO          699    .ARM.Collect$$libinit$$00000019  c_w.l(libinit2.o)
    0x00000154   0x00000000   Code   RO          701    .ARM.Collect$$libinit$$0000001B  c_w.l(libinit2.o)
    0x00000154   0x00000000   Code   RO          703    .ARM.Collect$$libinit$$0000001D  c_w.l(libinit2.o)
    0x00000154   0x00000000   Code   RO          705    .ARM.Collect$$libinit$$0000001F  c_w.l(libinit2.o)
    0x00000154   0x00000000   Code   RO          707    .ARM.Collect$$libinit$$00000021  c_w.l(libinit2.o)
    0x00000154   0x00000000   Code   RO          709    .ARM.Collect$$libinit$$00000023  c_w.l(libinit2.o)
    0x00000154   0x00000004   Code   RO          710    .ARM.Collect$$libinit$$00000024  c_w.l(libinit2.o)
    0x00000158   0x00000000   Code   RO          711    .ARM.Collect$$libinit$$00000025  c_w.l(libinit2.o)
    0x00000158   0x00000000   Code   RO          715    .ARM.Collect$$libinit$$0000002C  c_w.l(libinit2.o)
    0x00000158   0x00000000   Code   RO          717    .ARM.Collect$$libinit$$0000002E  c_w.l(libinit2.o)
    0x00000158   0x00000000   Code   RO          719    .ARM.Collect$$libinit$$00000030  c_w.l(libinit2.o)
    0x00000158   0x00000000   Code   RO          721    .ARM.Collect$$libinit$$00000032  c_w.l(libinit2.o)
    0x00000158   0x00000002   Code   RO          722    .ARM.Collect$$libinit$$00000033  c_w.l(libinit2.o)
    0x0000015a   0x00000002   Code   RO          902    .ARM.Collect$$libshutdown$$00000000  c_w.l(libshutdown.o)
    0x0000015c   0x00000004   Code   RO          724    .ARM.Collect$$libshutdown$$00000002  c_w.l(libshutdown2.o)
    0x00000160   0x00000000   Code   RO          725    .ARM.Collect$$libshutdown$$00000003  c_w.l(libshutdown2.o)
    0x00000160   0x00000000   Code   RO          728    .ARM.Collect$$libshutdown$$00000006  c_w.l(libshutdown2.o)
    0x00000160   0x00000000   Code   RO          731    .ARM.Collect$$libshutdown$$00000009  c_w.l(libshutdown2.o)
    0x00000160   0x00000000   Code   RO          733    .ARM.Collect$$libshutdown$$0000000B  c_w.l(libshutdown2.o)
    0x00000160   0x00000000   Code   RO          736    .ARM.Collect$$libshutdown$$0000000E  c_w.l(libshutdown2.o)
    0x00000160   0x00000002   Code   RO          737    .ARM.Collect$$libshutdown$$0000000F  c_w.l(libshutdown2.o)
    0x00000162   0x00000000   Code   RO          553    .ARM.Collect$$rtentry$$00000000  c_w.l(__rtentry.o)
    0x00000162   0x00000000   Code   RO          583    .ARM.Collect$$rtentry$$00000002  c_w.l(__rtentry2.o)
    0x00000162   0x00000006   Code   RO          595    .ARM.Collect$$rtentry$$00000004  c_w.l(__rtentry4.o)
    0x00000168   0x00000000   Code   RO          585    .ARM.Collect$$rtentry$$00000009  c_w.l(__rtentry2.o)
    0x00000168   0x00000004   Code   RO          586    .ARM.Collect$$rtentry$$0000000A  c_w.l(__rtentry2.o)
    0x0000016c   0x00000000   Code   RO          588    .ARM.Collect$$rtentry$$0000000C  c_w.l(__rtentry2.o)
    0x0000016c   0x00000008   Code   RO          589    .ARM.Collect$$rtentry$$0000000D  c_w.l(__rtentry2.o)
    0x00000174   0x00000002   Code   RO          817    .ARM.Collect$$rtexit$$00000000  c_w.l(rtexit.o)
    0x00000176   0x00000000   Code   RO          865    .ARM.Collect$$rtexit$$00000002  c_w.l(rtexit2.o)
    0x00000176   0x00000004   Code   RO          866    .ARM.Collect$$rtexit$$00000003  c_w.l(rtexit2.o)
    0x0000017a   0x00000006   Code   RO          867    .ARM.Collect$$rtexit$$00000004  c_w.l(rtexit2.o)
    0x00000180   0x00000000   Code   RO          819    .emb_text           c_w.l(maybetermalloc1.o)
    0x00000180   0x00000040   Code   RO            5    .text               startup_lpc17xx.o
    0x000001c0   0x00000100   Code   RO           63    .text               lpc17xx_pinsel.o
    0x000002c0   0x00000004   Code   RO          239    .text               lpc17xx_libcfg_default.o
    0x000002c4   0x00000018   Code   RO          509    .text               c_w.l(noretval__2printf.o)
    0x000002dc   0x00000004   Code   RO          537    .text               c_w.l(putc.o)
    0x000002e0   0x00000006   Code   RO          549    .text               c_w.l(heapauxi.o)
    0x000002e6   0x00000008   Code   RO          657    .text               c_w.l(ferror.o)
    0x000002ee   0x0000000e   Code   RO          674    .text               c_w.l(defsig_rtred_outer.o)
    0x000002fc   0x00000004   Code   RO            4    .ARM.__at_0x02FC    startup_lpc17xx.o
    0x00000300   0x0000028c   Code   RO           16    .text               system_lpc17xx.o
    0x0000058c   0x000003d0   Code   RO           97    .text               lpc17xx_spi.o
    0x0000095c   0x00000e54   Code   RO          130    .text               lpc17xx_uart.o
    0x000017b0   0x0000040c   Code   RO          157    .text               lpc17xx_gpio.o
    0x00001bbc   0x000003ec   Code   RO          184    .text               ad7793.o
    0x00001fa8   0x000000f0   Code   RO          218    .text               communication.o
    0x00002098   0x00000140   Code   RO          254    .text               lpc17xx_clkpwr.o
    0x000021d8   0x000000a8   Code   RO          278    .text               main.o
    0x00002280   0x000004a2   Code   RO          350    .text               init.o
    0x00002722   0x00000002   PAD
    0x00002724   0x00000080   Code   RO          383    .text               system.o
    0x000027a4   0x00000290   Code   RO          408    .text               serial.o
    0x00002a34   0x0000009c   Code   RO          451    .text               sw_fifo.o
    0x00002ad0   0x00000074   Code   RO          482    .text               getline.o
    0x00002b44   0x000000ee   Code   RO          505    .text               c_w.l(lludivv7m.o)
    0x00002c32   0x00000002   PAD
    0x00002c34   0x00000078   Code   RO          513    .text               c_w.l(_printf_dec.o)
    0x00002cac   0x000000b8   Code   RO          518    .text               c_w.l(__printf_ss.o)
    0x00002d64   0x00000096   Code   RO          545    .text               c_w.l(strncmp.o)
    0x00002dfa   0x00000044   Code   RO          547    .text               c_w.l(rt_memclr.o)
    0x00002e3e   0x000000b2   Code   RO          558    .text               c_w.l(_printf_intcommon.o)
    0x00002ef0   0x00000024   Code   RO          560    .text               c_w.l(_printf_char_file.o)
    0x00002f14   0x00000138   Code   RO          567    .text               c_w.l(initio.o)
    0x0000304c   0x0000004e   Code   RO          573    .text               c_w.l(rt_memclr_w.o)
    0x0000309a   0x00000066   Code   RO          575    .text               c_w.l(sys_io.o)
    0x00003100   0x0000004e   Code   RO          601    .text               c_w.l(h1_free.o)
    0x0000314e   0x00000002   PAD
    0x00003150   0x00000030   Code   RO          655    .text               c_w.l(_printf_char_common.o)
    0x00003180   0x000001d6   Code   RO          659    .text               c_w.l(flsbuf.o)
    0x00003356   0x00000046   Code   RO          661    .text               c_w.l(setvbuf.o)
    0x0000339c   0x000000ec   Code   RO          664    .text               c_w.l(fopen.o)
    0x00003488   0x0000004c   Code   RO          666    .text               c_w.l(fclose.o)
    0x000034d4   0x00000002   Code   RO          740    .text               c_w.l(use_no_semi.o)
    0x000034d6   0x00000000   Code   RO          742    .text               c_w.l(indicate_semi.o)
    0x000034d6   0x0000004a   Code   RO          743    .text               c_w.l(sys_stackheap_outer.o)
    0x00003520   0x00000008   Code   RO          750    .text               c_w.l(rt_heap_descriptor_intlibspace.o)
    0x00003528   0x00000004   Code   RO          752    .text               c_w.l(hguard.o)
    0x0000352c   0x0000008a   Code   RO          754    .text               c_w.l(init_alloc.o)
    0x000035b6   0x0000005e   Code   RO          760    .text               c_w.l(h1_alloc.o)
    0x00003614   0x000000f8   Code   RO          778    .text               c_w.l(fseek.o)
    0x0000370c   0x000000f0   Code   RO          780    .text               c_w.l(stdio.o)
    0x000037fc   0x0000000c   Code   RO          786    .text               c_w.l(exit.o)
    0x00003808   0x0000000a   Code   RO          788    .text               c_w.l(defsig_exit.o)
    0x00003812   0x00000002   PAD
    0x00003814   0x00000034   Code   RO          794    .text               c_w.l(defsig_rtred_inner.o)
    0x00003848   0x0000003e   Code   RO          798    .text               c_w.l(strlen.o)
    0x00003886   0x00000002   PAD
    0x00003888   0x0000000c   Code   RO          812    .text               c_w.l(sys_exit.o)
    0x00003894   0x00000008   Code   RO          814    .text               c_w.l(libspace.o)
    0x0000389c   0x0000000e   Code   RO          821    .text               c_w.l(h1_init.o)
    0x000038aa   0x00000034   Code   RO          823    .text               c_w.l(h1_extend.o)
    0x000038de   0x00000042   Code   RO          833    .text               c_w.l(ftell.o)
    0x00003920   0x00000032   Code   RO          841    .text               c_w.l(defsig_general.o)
    0x00003952   0x0000000e   Code   RO          845    .text               c_w.l(defsig_rtmem_outer.o)
    0x00003960   0x0000000e   Code   RO          860    .text               c_w.l(sys_wrch.o)
    0x0000396e   0x00000002   PAD
    0x00003970   0x00000008   Code   RO          874    .text               c_w.l(rt_errno_addr_intlibspace.o)
    0x00003978   0x00000050   Code   RO          880    .text               c_w.l(defsig_rtmem_inner.o)
    0x000039c8   0x0000001a   Code   RO          564    i.fputc             c_w.l(fputc.o)
    0x000039e2   0x00000004   Data   RO          576    .constdata          c_w.l(sys_io.o)
    0x000039e6   0x00000004   Data   RO          577    .constdata          c_w.l(sys_io.o)
    0x000039ea   0x00000004   Data   RO          578    .constdata          c_w.l(sys_io.o)
    0x000039ee   0x00000002   PAD
    0x000039f0   0x00000040   Data   RO          903    Region$$Table       anon$$obj.o


    Execution Region RW_IRAM1 (Base: 0x10000000, Size: 0x00007118, Max: 0x00008000, ABSOLUTE)

    Base Addr    Size         Type   Attr      Idx    E Section Name        Object

    0x10000000   0x00000004   Data   RW           17    .data               system_lpc17xx.o
    0x10000004   0x00000001   Data   RW          279    .data               main.o
    0x10000005   0x00000005   Data   RW          351    .data               init.o
    0x1000000a   0x00000002   PAD
    0x1000000c   0x00000018   Data   RW          410    .data               serial.o
    0x10000024   0x00000008   Data   RW          453    .data               sw_fifo.o
    0x1000002c   0x00000004   Data   RW          543    .data               c_w.l(stdio_streams.o)
    0x10000030   0x0000000f   Zero   RW          409    .bss                serial.o
    0x1000003f   0x00000080   Zero   RW          452    .bss                sw_fifo.o
    0x100000bf   0x00000001   PAD
    0x100000c0   0x00000054   Zero   RW          540    .bss                c_w.l(stdio_streams.o)
    0x10000114   0x00000004   PAD
    0x10000118   0x00007000   Zero   RW            1    STACK               startup_lpc17xx.o


    Execution Region RW_IRAM2 (Base: 0x2007c000, Size: 0x00007110, Max: 0x00008000, ABSOLUTE)

    Base Addr    Size         Type   Attr      Idx    E Section Name        Object

    0x2007c000   0x00000004   Data   RW          542    .data               c_w.l(stdio_streams.o)
    0x2007c004   0x00000004   Data   RW          544    .data               c_w.l(stdio_streams.o)
    0x2007c008   0x00000054   Zero   RW          539    .bss                c_w.l(stdio_streams.o)
    0x2007c05c   0x00000054   Zero   RW          541    .bss                c_w.l(stdio_streams.o)
    0x2007c0b0   0x00000060   Zero   RW          815    .bss                c_w.l(libspace.o)
    0x2007c110   0x00007000   Zero   RW            2    HEAP                startup_lpc17xx.o


==============================================================================

Image component sizes


      Code (inc. data)   RO Data    RW Data    ZI Data      Debug   Object Name

      1004         12          0          0          0       4618   ad7793.o
       240          6          0          0          0       1053   communication.o
       116          8          0          0          0        590   getline.o
      1186         28          0          5          0       1603   init.o
       320         22          0          0          0       1763   lpc17xx_clkpwr.o
      1036         28          0          0          0       9527   lpc17xx_gpio.o
         4          0          0          0          0        763   lpc17xx_libcfg_default.o
       256          4          0          0          0       5077   lpc17xx_pinsel.o
       976         46          0          0          0       8000   lpc17xx_spi.o
      3668         98          0          0          0      19217   lpc17xx_uart.o
       168         72          0          1          0        723   main.o
       656        190          0         24         15      26278   serial.o
        68         30        204          0      57344        984   startup_lpc17xx.o
       156         12          0          8        128       1366   sw_fifo.o
       128         10          0          0          0       1047   system.o
       652         30          0          4          0      22641   system_lpc17xx.o

    ----------------------------------------------------------------------
     10636        596        268         44      57488     105250   Object Totals
         0          0         64          0          0          0   (incl. Generated)
         2          0          0          2          1          0   (incl. Padding)

    ----------------------------------------------------------------------

      Code (inc. data)   RO Data    RW Data    ZI Data      Debug   Library Member Name

         8          0          0          0          0         68   __main.o
       184          0          0          0          0         84   __printf_ss.o
         0          0          0          0          0          0   __rtentry.o
        12          0          0          0          0          0   __rtentry2.o
         6          0          0          0          0          0   __rtentry4.o
        52          8          0          0          0          0   __scatter.o
        26          0          0          0          0          0   __scatter_copy.o
        28          0          0          0          0          0   __scatter_zi.o
        48          6          0          0          0         96   _printf_char_common.o
        36          4          0          0          0         80   _printf_char_file.o
       120         16          0          0          0         92   _printf_dec.o
       178          0          0          0          0         88   _printf_intcommon.o
         0          0          0          0          0          0   _printf_percent.o
         4          0          0          0          0          0   _printf_percent_end.o
         6          0          0          0          0          0   _printf_u.o
        10          0          0          0          0         68   defsig_exit.o
        50          0          0          0          0         88   defsig_general.o
        80         58          0          0          0         76   defsig_rtmem_inner.o
        14          0          0          0          0         80   defsig_rtmem_outer.o
        52         38          0          0          0         76   defsig_rtred_inner.o
        14          0          0          0          0         80   defsig_rtred_outer.o
        12          0          0          0          0         72   exit.o
        76          0          0          0          0         88   fclose.o
         8          0          0          0          0         68   ferror.o
       470          0          0          0          0         88   flsbuf.o
       236          4          0          0          0        128   fopen.o
        26          0          0          0          0         68   fputc.o
       248          6          0          0          0         84   fseek.o
        66          0          0          0          0         76   ftell.o
        94          0          0          0          0         80   h1_alloc.o
        52          0          0          0          0         68   h1_extend.o
        78          0          0          0          0         80   h1_free.o
        14          0          0          0          0         84   h1_init.o
         6          0          0          0          0        152   heapauxi.o
         4          0          0          0          0        136   hguard.o
         0          0          0          0          0          0   indicate_semi.o
       138          0          0          0          0        168   init_alloc.o
       312         46          0          0          0        112   initio.o
         2          0          0          0          0          0   libinit.o
        14          0          0          0          0          0   libinit2.o
         2          0          0          0          0          0   libshutdown.o
         6          0          0          0          0          0   libshutdown2.o
         8          4          0          0         96         68   libspace.o
       238          0          0          0          0        100   lludivv7m.o
         0          0          0          0          0          0   maybetermalloc1.o
        24          4          0          0          0         84   noretval__2printf.o
         4          0          0          0          0         68   putc.o
         8          4          0          0          0         68   rt_errno_addr_intlibspace.o
         8          4          0          0          0         68   rt_heap_descriptor_intlibspace.o
        68          0          0          0          0         68   rt_memclr.o
        78          0          0          0          0         80   rt_memclr_w.o
         2          0          0          0          0          0   rtexit.o
        10          0          0          0          0          0   rtexit2.o
        70          0          0          0          0         80   setvbuf.o
       240          6          0          0          0        156   stdio.o
         0          0          0         12        252          0   stdio_streams.o
        62          0          0          0          0         76   strlen.o
       150          0          0          0          0         80   strncmp.o
        12          4          0          0          0         68   sys_exit.o
       102          0         12          0          0        240   sys_io.o
        74          0          0          0          0         80   sys_stackheap_outer.o
        14          0          0          0          0         76   sys_wrch.o
         2          0          0          0          0         68   use_no_semi.o

    ----------------------------------------------------------------------
      3978        212         14         12        352       4056   Library Totals
        12          0          2          0          4          0   (incl. Padding)

    ----------------------------------------------------------------------

      Code (inc. data)   RO Data    RW Data    ZI Data      Debug   Library Name

      3966        212         12         12        348       4056   c_w.l

    ----------------------------------------------------------------------
      3978        212         14         12        352       4056   Library Totals

    ----------------------------------------------------------------------

==============================================================================


      Code (inc. data)   RO Data    RW Data    ZI Data      Debug   

     14614        808        282         56      57840     106078   Grand Totals
     14614        808        282         56      57840     106078   ELF Image Totals
     14614        808        282         56          0          0   ROM Totals

==============================================================================

    Total RO  Size (Code + RO Data)                14896 (  14.55kB)
    Total RW  Size (RW Data + ZI Data)             57896 (  56.54kB)
    Total ROM Size (Code + RO Data + RW Data)      14952 (  14.60kB)

==============================================================================

