<html>
<body>
<pre>
<h1>µVision Build Log</h1>
<h2>Project:</h2>
D:\Documents\Dropbox\Impedancometr\AD8302.uvproj
Project File Date:  09/14/2014

<h2>Output:</h2>
Build target 'LPC1758'
compiling System.c...
source\System.c(325): warning:  #550-D: variable "PT_YIELD_FLAG" was set but never used
        PT_BEGIN(pt);
source\System.c: 1 warning, 0 errors
linking...
Program Size: Code=48132 RO-data=2240 RW-data=384 ZI-data=59568  
".\AD8302.axf" - 0 Error(s), 1 Warning(s).
Load "D:\\Documents\\Dropbox\\Impedancometr\\AD8302.axf" 
Set JLink Project File to "D:\Documents\Dropbox\Impedancometr\JLinkSettings.ini"
* JLink Info: Device "LPC1758" selected (512 KB flash, 32 KB RAM).
 
JLink info:
------------
DLL: V4.88 , compiled Jul 15 2014 08:50:40
Firmware: J-Link ARM V8 compiled Nov 25 2013 19:20:08
Hardware: V8.00
S/N : 158005115 
 
* JLink Info: TotalIRLen = 4, IRPrint = 0x01
* JLink Info: Found Cortex-M3 r2p0, Little endian.
* JLink Info: FPUnit: 6 code (BP) slots and 2 literal slots
* JLink Info: TPIU fitted.
* JLink Info: ETM fitted.
ROMTableAddr = 0xE00FF003
 
Target info:
------------
Device: LPC1758
VTarget = 3.313V
State of Pins: 
TCK: 1, TDI: 0, TDO: 1, TMS: 0, TRES: 1, TRST: 1
Hardware-Breakpoints: 6
Software-Breakpoints: 8192
Watchpoints:          4
JTAG speed: 9600 kHz
 
Erase Done.
Programming Done.
Verify OK.
</pre>
</body>
</html>
2
Watchpoints:          4
JTAG speed: 9600 kHz
 
Erase Done.
Programming Done.
Verify OK.
edOnLowFreqHighIndex" was declared but never referenced
        float ZmeasuredOnLowFreqLowIndex, ZmeasuredOnLowFreqHighIndex, ZmeasuredOnHighFreqLowIndex, ZmeasuredOnHighFreqHighIndex;
source\System.c(966): warning:  #177-D: variable "ZmeasuredOnHighFreqLowIndex" was declared but never referenced
        float ZmeasuredOnLowFreqLowIndex, ZmeasuredOnLowFreqHighIndex, ZmeasuredOnHighFreqLowIndex, ZmeasuredOnHighFreqHighIndex;
source\System.c(966): warning:  #177-D: variable "ZmeasuredOnHighFreqHighIndex" was declared but never referenced
        float ZmeasuredOnLowFreqLowIndex, ZmeasuredOnLowFreqHighIndex, ZmeasuredOnHighFreqLowIndex, ZmeasuredOnHighFreqHighIndex;
source\System.c(967): warning:  #177-D: variable "PHcalOnLowFreqLowIndex" was declared but never referenced
        float PHcalOnLowFreqLowIndex, PHcalOnLowFreqHighIndex, PHcalOnHighFreqLowIndex, PHcalOnHighFreqHighIndex;
source\System.c(967): warning:  #177-D: variable "PHcalOnLowFreqHighIndex" was declared but never referenced
        float PHcalOnLowFreqLowIndex, PHcalOnLowFreqHighIndex, PHcalOnHighFreqLowIndex, PHcalOnHighFreqHighIndex;
source\System.c(967): warning:  #177-D: variable "PHcalOnHighFreqLowIndex" was declared but never referenced
        float PHcalOnLowFreqLowIndex, PHcalOnLowFreqHighIndex, PHcalOnHighFreqLowIndex, PHcalOnHighFreqHighIndex;
source\System.c(967): warning:  #177-D: variable "PHcalOnHighFreqHighIndex" was declared but never referenced
        float PHcalOnLowFreqLowIndex, PHcalOnLowFreqHighIndex, PHcalOnHighFreqLowIndex, PHcalOnHighFreqHighIndex;
source\System.c(968): warning:  #177-D: variable "PHmeasuredOnLowFreqLowIndex" was declared but never referenced
        float PHmeasuredOnLowFreqLowIndex, PHmeasuredOnLowFreqHighIndex, PHmeasuredOnHighFreqLowIndex, PHmeasuredOnHighFreqHighIndex;
source\System.c(968): warning:  #177-D: variable "PHmeasuredOnLowFreqHighIndex" was declared but never referenced
        float PHmeasuredOnLowFreqLowIndex, PHmeasuredOnLowFreqHighIndex, PHmeasuredOnHighFreqLowIndex, PHmeasuredOnHighFreqHighIndex;
source\System.c(968): warning:  #177-D: variable "PHmeasuredOnHighFreqLowIndex" was declared but never referenced
        float PHmeasuredOnLowFreqLowIndex, PHmeasuredOnLowFreqHighIndex, PHmeasuredOnHighFreqLowIndex, PHmeasuredOnHighFreqHighIndex;
source\System.c(968): warning:  #177-D: variable "PHmeasuredOnHighFreqHighIndex" was declared but never referenced
        float PHmeasuredOnLowFreqLowIndex, PHmeasuredOnLowFreqHighIndex, PHmeasuredOnHighFreqLowIndex, PHmeasuredOnHighFreqHighIndex;
source\System.c(1291): warning:  #550-D: variable "Rt" was set but never used
        float C, Rp, Rs, Rt, Rb, a, b, real, imag;
source\System.c(1291): warning:  #550-D: variable "Rb" was set but never used
        float C, Rp, Rs, Rt, Rb, a, b, real, imag;
source\System.c: 19 warnings, 0 errors
linking...
Program Size: Code=48044 RO-data=2240 RW-data=380 ZI-data=59564  
".\AD8302.axf" - 0 Error(s), 19 Warning(s).
reqHighIndex" was declared but never referenced
        float PHmeasuredOnLowFreqLowIndex, PHmeasuredOnLowFreqHighIndex, PHmeasuredOnHighFreqLowIndex, PHmeasuredOnHighFreqHighIndex;
source\System.c(1293): warning:  #550-D: variable "Rt" was set but never used
        float C, Rp, Rs, Rt, Rb, a, b, real, imag;
source\System.c(1293): warning:  #550-D: variable "Rb" was set but never used
        float C, Rp, Rs, Rt, Rb, a, b, real, imag;
source\System.c: 23 warnings, 0 errors
linking...
Program Size: Code=48044 RO-data=2240 RW-data=380 ZI-data=59564  
".\AD8302.axf" - 0 Error(s), 23 Warning(s).
warnings, 0 errors
linking...
Program Size: Code=48044 RO-data=2240 RW-data=380 ZI-data=59564  
".\AD8302.axf" - 0 Error(s), 24 Warning(s).
