<html>
<body>
<pre>
<h1>µVision Build Log</h1>
<h2>Project:</h2>
D:\Documents\Dropbox\Impedancometr\AD8302.uvproj
Project File Date:  07/13/2014

<h2>Output:</h2>
Build target 'LPC1758'
compiling main.c...
source\main.c(27): warning:  #177-D: variable "counter" was declared but never referenced
        static uint32_t counter, adc_counter_mag=0, adc_counter_ph=0;
source\main.c(28): warning:  #177-D: variable "sum2" was declared but never referenced
        static uint64_t sum=0, sum2=0, sum_ph;
source\main.c(29): warning:  #177-D: variable "sko_temp" was declared but never referenced
        static float sko, sko_temp, sko_ph;
source\main.c(30): warning:  #177-D: variable "StopFlag" was declared but never referenced
        uint8_t data_true = 0, StopFlag=0, mean_sko_mag=1, mean_sko_ph=1;
source\main.c(38): warning:  #177-D: variable "temp64" was declared but never referenced
        uint64_t temp64;
source\main.c(41): warning:  #177-D: variable "ConfigStruct" was declared but never referenced
        I2S_CFG_Type ConfigStruct;
source\main.c: 6 warnings, 0 errors
linking...
Program Size: Code=50996 RO-data=2164 RW-data=328 ZI-data=59576  
".\AD8302.axf" - 0 Error(s), 6 Warning(s).
Load "D:\\Documents\\Dropbox\\Impedancometr\\AD8302.axf" 
Set JLink Project File to "D:\Documents\Dropbox\Impedancometr\JLinkSettings.ini"
* JLink Info: Device "LPC1758" selected (512 KB flash, 32 KB RAM).
 
JLink info:
------------
DLL: V4.88 , compiled Jul 15 2014 08:50:40
Firmware: J-Link ARM V8 compiled Nov 25 2013 19:20:08
Hardware: V8.00
S/N : 158005115 
 
* JLink Info: TotalIRLen = 4, IRPrint = 0x01
* JLink Info: Found Cortex-M3 r2p0, Little endian.
* JLink Info: FPUnit: 6 code (BP) slots and 2 literal slots
* JLink Info: TPIU fitted.
* JLink Info: ETM fitted.
ROMTableAddr = 0xE00FF003
 
Target info:
------------
Device: LPC1758
VTarget = 3.313V
State of Pins: 
TCK: 1, TDI: 0, TDO: 1, TMS: 0, TRES: 1, TRST: 1
Hardware-Breakpoints: 6
Software-Breakpoints: 8192
Watchpoints:          4
JTAG speed: 9600 kHz
 
Erase Done.
Programming Done.
Verify OK.
</pre>
</body>
</html>
ource\System.c(1027): warning:  #177-D: variable "ph_coef_2" was declared but never referenced
        float f_coef, z_coef_1, z_coef_2, ph_coef_1, ph_coef_2;
source\System.c: 7 warnings, 0 errors
compiling Serial.c...
linking...
Program Size: Code=50644 RO-data=2164 RW-data=328 ZI-data=59576  
".\AD8302.axf" - 0 Error(s), 13 Warning(s).
piling Interrupts_handlers.c...
compiling AD9833.c...
compiling Power_management.c...
source\Power_management.c(12): warning:  #550-D: variable "PT_YIELD_FLAG" was set but never used
        PT_BEGIN(pt);
source\Power_management.c: 1 warning, 0 errors
compiling ADC.c...
source\ADC.c(21): warning:  #1-D: last line of file ends without a newline
  */
source\ADC.c: 1 warning, 0 errors
compiling Serial.c...
compiling Retarget.c...
compiling SW_FIFO.c...
compiling Getline.c...
linking...
Program Size: Code=49956 RO-data=2164 RW-data=328 ZI-data=59576  
".\AD8302.axf" - 0 Error(s), 13 Warning(s).
